Archive member included to satisfy reference by file (symbol)

d:/program files (x86)/gnu arm embedded toolchain/9 2020-q2-update/bin/../lib/gcc/arm-none-eabi/9.3.1/../../../../arm-none-eabi/lib/thumb/v7e-m+fp/hard\libc_nano.a(lib_a-ctype_.o)
                              _build/nrf52840_xxaa/nrf_log_str_formatter.c.o (_ctype_)
d:/program files (x86)/gnu arm embedded toolchain/9 2020-q2-update/bin/../lib/gcc/arm-none-eabi/9.3.1/../../../../arm-none-eabi/lib/thumb/v7e-m+fp/hard\libc_nano.a(lib_a-exit.o)
                              d:/program files (x86)/gnu arm embedded toolchain/9 2020-q2-update/bin/../lib/gcc/arm-none-eabi/9.3.1/../../../../arm-none-eabi/lib/thumb/v7e-m+fp/hard/crt0.o (exit)
d:/program files (x86)/gnu arm embedded toolchain/9 2020-q2-update/bin/../lib/gcc/arm-none-eabi/9.3.1/../../../../arm-none-eabi/lib/thumb/v7e-m+fp/hard\libc_nano.a(lib_a-impure.o)
                              d:/program files (x86)/gnu arm embedded toolchain/9 2020-q2-update/bin/../lib/gcc/arm-none-eabi/9.3.1/../../../../arm-none-eabi/lib/thumb/v7e-m+fp/hard\libc_nano.a(lib_a-exit.o) (_global_impure_ptr)
d:/program files (x86)/gnu arm embedded toolchain/9 2020-q2-update/bin/../lib/gcc/arm-none-eabi/9.3.1/../../../../arm-none-eabi/lib/thumb/v7e-m+fp/hard\libc_nano.a(lib_a-init.o)
                              d:/program files (x86)/gnu arm embedded toolchain/9 2020-q2-update/bin/../lib/gcc/arm-none-eabi/9.3.1/../../../../arm-none-eabi/lib/thumb/v7e-m+fp/hard/crt0.o (__libc_init_array)
d:/program files (x86)/gnu arm embedded toolchain/9 2020-q2-update/bin/../lib/gcc/arm-none-eabi/9.3.1/../../../../arm-none-eabi/lib/thumb/v7e-m+fp/hard\libc_nano.a(lib_a-memcmp.o)
                              _build/nrf52840_xxaa/ble_advdata.c.o (memcmp)
d:/program files (x86)/gnu arm embedded toolchain/9 2020-q2-update/bin/../lib/gcc/arm-none-eabi/9.3.1/../../../../arm-none-eabi/lib/thumb/v7e-m+fp/hard\libc_nano.a(lib_a-memcpy-stub.o)
                              _build/nrf52840_xxaa/nrf_log_frontend.c.o (memcpy)
d:/program files (x86)/gnu arm embedded toolchain/9 2020-q2-update/bin/../lib/gcc/arm-none-eabi/9.3.1/../../../../arm-none-eabi/lib/thumb/v7e-m+fp/hard\libc_nano.a(lib_a-memset.o)
                              d:/program files (x86)/gnu arm embedded toolchain/9 2020-q2-update/bin/../lib/gcc/arm-none-eabi/9.3.1/../../../../arm-none-eabi/lib/thumb/v7e-m+fp/hard/crt0.o (memset)
d:/program files (x86)/gnu arm embedded toolchain/9 2020-q2-update/bin/../lib/gcc/arm-none-eabi/9.3.1/../../../../arm-none-eabi/lib/thumb/v7e-m+fp/hard\libc_nano.a(lib_a-strcpy.o)
                              _build/nrf52840_xxaa/SEGGER_RTT.c.o (strcpy)
d:/program files (x86)/gnu arm embedded toolchain/9 2020-q2-update/bin/../lib/gcc/arm-none-eabi/9.3.1/../../../../arm-none-eabi/lib/thumb/v7e-m+fp/hard\libc_nano.a(lib_a-strlen.o)
                              _build/nrf52840_xxaa/nrf_log_frontend.c.o (strlen)
d:/program files (x86)/gnu arm embedded toolchain/9 2020-q2-update/bin/../lib/gcc/arm-none-eabi/9.3.1/../../../../arm-none-eabi/lib/thumb/v7e-m+fp/hard\libnosys.a(_exit.o)
                              d:/program files (x86)/gnu arm embedded toolchain/9 2020-q2-update/bin/../lib/gcc/arm-none-eabi/9.3.1/../../../../arm-none-eabi/lib/thumb/v7e-m+fp/hard\libc_nano.a(lib_a-exit.o) (_exit)
d:/program files (x86)/gnu arm embedded toolchain/9 2020-q2-update/bin/../lib/gcc/arm-none-eabi/9.3.1/thumb/v7e-m+fp/hard\libgcc.a(_aeabi_ldivmod.o)
                              _build/nrf52840_xxaa/bsp.c.o (__aeabi_ldivmod)
d:/program files (x86)/gnu arm embedded toolchain/9 2020-q2-update/bin/../lib/gcc/arm-none-eabi/9.3.1/thumb/v7e-m+fp/hard\libgcc.a(_aeabi_uldivmod.o)
                              _build/nrf52840_xxaa/bsp.c.o (__aeabi_uldivmod)
d:/program files (x86)/gnu arm embedded toolchain/9 2020-q2-update/bin/../lib/gcc/arm-none-eabi/9.3.1/thumb/v7e-m+fp/hard\libgcc.a(_udivmoddi4.o)
                              d:/program files (x86)/gnu arm embedded toolchain/9 2020-q2-update/bin/../lib/gcc/arm-none-eabi/9.3.1/thumb/v7e-m+fp/hard\libgcc.a(_aeabi_ldivmod.o) (__udivmoddi4)
d:/program files (x86)/gnu arm embedded toolchain/9 2020-q2-update/bin/../lib/gcc/arm-none-eabi/9.3.1/thumb/v7e-m+fp/hard\libgcc.a(_dvmd_tls.o)
                              d:/program files (x86)/gnu arm embedded toolchain/9 2020-q2-update/bin/../lib/gcc/arm-none-eabi/9.3.1/thumb/v7e-m+fp/hard\libgcc.a(_aeabi_ldivmod.o) (__aeabi_ldiv0)

Allocating common symbols
Common symbol       size              file

nrf_nvic_state      0xc               _build/nrf52840_xxaa/app_util_platform.c.o
nrf_drv_uart_use_easy_dma
                    0x2               _build/nrf52840_xxaa/nrf_drv_uart.c.o
_SEGGER_RTT         0x78              _build/nrf52840_xxaa/SEGGER_RTT.c.o

Discarded input sections

 .text          0x00000000        0x0 d:/program files (x86)/gnu arm embedded toolchain/9 2020-q2-update/bin/../lib/gcc/arm-none-eabi/9.3.1/thumb/v7e-m+fp/hard/crti.o
[...]
Memory Configuration

Name             Origin             Length             Attributes
FLASH            0x00027000         0x000d9000         xr
RAM              0x20002260         0x0003dda0         xrw
*default*        0x00000000         0xffffffff

Linker script and memory map


.text           0x00027000    0x11b78
 *(.isr_vector)
 .isr_vector    0x00027000      0x200 _build/nrf52840_xxaa/gcc_startup_nrf52840.S.o
                0x00027000                __isr_vector
 *(.text*)
 .text          0x00027200       0x40 d:/program files (x86)/gnu arm embedded toolchain/9 2020-q2-update/bin/../lib/gcc/arm-none-eabi/9.3.1/thumb/v7e-m+fp/hard/crtbegin.o
 .text          0x00027240       0x7c d:/program files (x86)/gnu arm embedded toolchain/9 2020-q2-update/bin/../lib/gcc/arm-none-eabi/9.3.1/../../../../arm-none-eabi/lib/thumb/v7e-m+fp/hard/crt0.o
                0x00027240                _stack_init
                0x00027248                _start
                0x00027248                _mainCRTStartup
 .text          0x000272bc       0x3c _build/nrf52840_xxaa/gcc_startup_nrf52840.S.o
                0x000272bc                Reset_Handler
                0x000272e4                NMI_Handler
                0x000272e6                HardFault_Handler
                0x000272e8                MemoryManagement_Handler
                0x000272ea                BusFault_Handler
                0x000272ec                UsageFault_Handler
                0x000272ee                SVC_Handler
                0x000272f0                DebugMon_Handler
                0x000272f2                PendSV_Handler
                0x000272f4                SysTick_Handler
                0x000272f6                PDM_IRQHandler
                0x000272f6                TEMP_IRQHandler
                0x000272f6                QDEC_IRQHandler
                0x000272f6                TIMER3_IRQHandler
                0x000272f6                PWM3_IRQHandler
                0x000272f6                RTC0_IRQHandler
                0x000272f6                USBD_IRQHandler
                0x000272f6                SPIM0_SPIS0_TWIM0_TWIS0_SPI0_TWI0_IRQHandler
                0x000272f6                PWM1_IRQHandler
                0x000272f6                TIMER4_IRQHandler
                0x000272f6                RADIO_IRQHandler
                0x000272f6                I2S_IRQHandler
                0x000272f6                SWI4_EGU4_IRQHandler
                0x000272f6                FPU_IRQHandler
                0x000272f6                TIMER2_IRQHandler
                0x000272f6                UARTE1_IRQHandler
                0x000272f6                TIMER1_IRQHandler
                0x000272f6                SPIM3_IRQHandler
                0x000272f6                PWM2_IRQHandler
                0x000272f6                ECB_IRQHandler
                0x000272f6                SPIM1_SPIS1_TWIM1_TWIS1_SPI1_TWI1_IRQHandler
                0x000272f6                Default_Handler
                0x000272f6                SAADC_IRQHandler
                0x000272f6                CCM_AAR_IRQHandler
                0x000272f6                WDT_IRQHandler
                0x000272f6                CRYPTOCELL_IRQHandler
                0x000272f6                SWI5_EGU5_IRQHandler
                0x000272f6                RNG_IRQHandler
                0x000272f6                RTC2_IRQHandler
                0x000272f6                PWM0_IRQHandler
                0x000272f6                SWI3_EGU3_IRQHandler
                0x000272f6                SWI1_EGU1_IRQHandler
                0x000272f6                SPIM2_SPIS2_SPI2_IRQHandler
                0x000272f6                NFCT_IRQHandler
                0x000272f6                SWI0_EGU0_IRQHandler
                0x000272f6                MWU_IRQHandler
                0x000272f6                TIMER0_IRQHandler
                0x000272f6                QSPI_IRQHandler
                0x000272f6                COMP_LPCOMP_IRQHandler
 .text.nrf_log_backend_serial_put
                0x000272f8       0xd8 _build/nrf52840_xxaa/nrf_log_backend_serial.c.o
                0x000272f8                nrf_log_backend_serial_put
 .text.uart_evt_handler
                0x000273d0        0xc _build/nrf52840_xxaa/nrf_log_backend_uart.c.o
 .text.nrf_log_backend_uart_flush
                0x000273dc        0x4 _build/nrf52840_xxaa/nrf_log_backend_uart.c.o
 .text.nrf_log_backend_uart_put
                0x000273e0       0x20 _build/nrf52840_xxaa/nrf_log_backend_uart.c.o
 .text.serial_tx
                0x00027400       0x4c _build/nrf52840_xxaa/nrf_log_backend_uart.c.o
 .text.nrf_log_backend_uart_panic_set
                0x0002744c       0x7c _build/nrf52840_xxaa/nrf_log_backend_uart.c.o
 .text.nrf_log_backend_uart_init
                0x000274c8       0x68 _build/nrf52840_xxaa/nrf_log_backend_uart.c.o
                0x000274c8                nrf_log_backend_uart_init
 .text.nrf_log_default_backends_init
                0x00027530       0x20 _build/nrf52840_xxaa/nrf_log_default_backends.c.o
                0x00027530                nrf_log_default_backends_init
 .text.nrf_log_init
                0x00027550       0x28 _build/nrf52840_xxaa/nrf_log_frontend.c.o
                0x00027550                nrf_log_init
 .text.nrf_log_module_name_get
                0x00027578       0x48 _build/nrf52840_xxaa/nrf_log_frontend.c.o
                0x00027578                nrf_log_module_name_get
 .text.nrf_log_color_id_get
                0x000275c0       0x2c _build/nrf52840_xxaa/nrf_log_frontend.c.o
                0x000275c0                nrf_log_color_id_get
 .text.nrf_log_frontend_dequeue
                0x000275ec      0x250 _build/nrf52840_xxaa/nrf_log_frontend.c.o
                0x000275ec                nrf_log_frontend_dequeue
 .text.nrf_log_frontend_std_0
                0x0002783c      0x188 _build/nrf52840_xxaa/nrf_log_frontend.c.o
                0x0002783c                nrf_log_frontend_std_0
 .text.nrf_log_frontend_std_1
                0x000279c4      0x19c _build/nrf52840_xxaa/nrf_log_frontend.c.o
                0x000279c4                nrf_log_frontend_std_1
 .text.nrf_log_frontend_std_2
                0x00027b60      0x1b0 _build/nrf52840_xxaa/nrf_log_frontend.c.o
                0x00027b60                nrf_log_frontend_std_2
 .text.nrf_log_frontend_std_3
                0x00027d10      0x1bc _build/nrf52840_xxaa/nrf_log_frontend.c.o
                0x00027d10                nrf_log_frontend_std_3
 .text.nrf_log_frontend_std_4
                0x00027ecc      0x1d0 _build/nrf52840_xxaa/nrf_log_frontend.c.o
                0x00027ecc                nrf_log_frontend_std_4
 .text.nrf_log_backend_add
                0x0002809c       0x5c _build/nrf52840_xxaa/nrf_log_frontend.c.o
                0x0002809c                nrf_log_backend_add
 .text.nrf_log_panic
                0x000280f8       0x28 _build/nrf52840_xxaa/nrf_log_frontend.c.o
                0x000280f8                nrf_log_panic
 .text.prefix_process
                0x00028120       0x80 _build/nrf52840_xxaa/nrf_log_str_formatter.c.o
 .text.nrf_log_std_entry_process
                0x000281a0       0xf0 _build/nrf52840_xxaa/nrf_log_str_formatter.c.o
                0x000281a0                nrf_log_std_entry_process
 .text.nrf_log_hexdump_entry_process
                0x00028290       0xfc _build/nrf52840_xxaa/nrf_log_str_formatter.c.o
                0x00028290                nrf_log_hexdump_entry_process
 .text.gpiote_event_handler
                0x0002838c       0x74 _build/nrf52840_xxaa/app_button.c.o
 .text.detection_delay_timeout_handler
                0x00028400      0x264 _build/nrf52840_xxaa/app_button.c.o
 .text.app_button_init
                0x00028664       0xc0 _build/nrf52840_xxaa/app_button.c.o
                0x00028664                app_button_init
 .text.app_button_enable
                0x00028724       0x2c _build/nrf52840_xxaa/app_button.c.o
                0x00028724                app_button_enable
 .text.app_error_handler_bare
                0x00028750       0x20 _build/nrf52840_xxaa/app_error.c.o
                0x00028750                app_error_handler_bare
 .text.app_error_fault_handler
                0x00028770       0x70 _build/nrf52840_xxaa/app_error_weak.c.o
                0x00028770                app_error_fault_handler
 .text.compare_func
                0x000287e0       0x18 _build/nrf52840_xxaa/app_timer2.c.o
 .text.rtc_irq  0x000287f8      0x318 _build/nrf52840_xxaa/app_timer2.c.o
 .text.app_timer_init
                0x00028b10       0x6c _build/nrf52840_xxaa/app_timer2.c.o
                0x00028b10                app_timer_init
 .text.app_timer_create
                0x00028b7c       0x1c _build/nrf52840_xxaa/app_timer2.c.o
                0x00028b7c                app_timer_create
 .text.app_timer_start
                0x00028b98       0x8c _build/nrf52840_xxaa/app_timer2.c.o
                0x00028b98                app_timer_start
 .text.app_timer_stop
                0x00028c24       0x44 _build/nrf52840_xxaa/app_timer2.c.o
                0x00028c24                app_timer_stop
 .text.app_util_critical_region_enter
                0x00028c68       0x4c _build/nrf52840_xxaa/app_util_platform.c.o
                0x00028c68                app_util_critical_region_enter
 .text.app_util_critical_region_exit
                0x00028cb4       0x30 _build/nrf52840_xxaa/app_util_platform.c.o
                0x00028cb4                app_util_critical_region_exit
 .text.drv_rtc_init
                0x00028ce4       0xc0 _build/nrf52840_xxaa/drv_rtc.c.o
                0x00028ce4                drv_rtc_init
 .text.drv_rtc_start
                0x00028da4        0x8 _build/nrf52840_xxaa/drv_rtc.c.o
                0x00028da4                drv_rtc_start
 .text.drv_rtc_stop
                0x00028dac        0x8 _build/nrf52840_xxaa/drv_rtc.c.o
                0x00028dac                drv_rtc_stop
 .text.drv_rtc_compare_set
                0x00028db4       0x4c _build/nrf52840_xxaa/drv_rtc.c.o
                0x00028db4                drv_rtc_compare_set
 .text.drv_rtc_windowed_compare_set
                0x00028e00       0xf8 _build/nrf52840_xxaa/drv_rtc.c.o
                0x00028e00                drv_rtc_windowed_compare_set
 .text.drv_rtc_overflow_enable
                0x00028ef8       0x14 _build/nrf52840_xxaa/drv_rtc.c.o
                0x00028ef8                drv_rtc_overflow_enable
 .text.drv_rtc_overflow_pending
                0x00028f0c       0x20 _build/nrf52840_xxaa/drv_rtc.c.o
                0x00028f0c                drv_rtc_overflow_pending
 .text.drv_rtc_compare_disable
                0x00028f2c       0x18 _build/nrf52840_xxaa/drv_rtc.c.o
                0x00028f2c                drv_rtc_compare_disable
 .text.drv_rtc_compare_pending
                0x00028f44       0x20 _build/nrf52840_xxaa/drv_rtc.c.o
                0x00028f44                drv_rtc_compare_pending
 .text.drv_rtc_counter_get
                0x00028f64        0x8 _build/nrf52840_xxaa/drv_rtc.c.o
                0x00028f64                drv_rtc_counter_get
 .text.drv_rtc_irq_trigger
                0x00028f6c       0x24 _build/nrf52840_xxaa/drv_rtc.c.o
                0x00028f6c                drv_rtc_irq_trigger
 .text.RTC1_IRQHandler
                0x00028f90       0x14 _build/nrf52840_xxaa/drv_rtc.c.o
                0x00028f90                RTC1_IRQHandler
 .text.page_scan
                0x00028fa4       0xc4 _build/nrf52840_xxaa/fds.c.o
 .text.record_find_by_desc
                0x00029068       0xe0 _build/nrf52840_xxaa/fds.c.o
 .text.queue_process
                0x00029148      0x9a8 _build/nrf52840_xxaa/fds.c.o
 .text.fs_event_handler
                0x00029af0        0x8 _build/nrf52840_xxaa/fds.c.o
 .text.fds_register
                0x00029af8       0x30 _build/nrf52840_xxaa/fds.c.o
                0x00029af8                fds_register
 .text.fds_init
                0x00029b28      0x294 _build/nrf52840_xxaa/fds.c.o
                0x00029b28                fds_init
 .text.fds_record_open
                0x00029dbc       0x5c _build/nrf52840_xxaa/fds.c.o
                0x00029dbc                fds_record_open
 .text.fds_record_close
                0x00029e18       0x54 _build/nrf52840_xxaa/fds.c.o
                0x00029e18                fds_record_close
 .text.fds_record_write
                0x00029e6c      0x164 _build/nrf52840_xxaa/fds.c.o
                0x00029e6c                fds_record_write
 .text.fds_record_update
                0x00029fd0      0x16c _build/nrf52840_xxaa/fds.c.o
                0x00029fd0                fds_record_update
 .text.fds_file_delete
                0x0002a13c       0x84 _build/nrf52840_xxaa/fds.c.o
                0x0002a13c                fds_file_delete
 .text.fds_gc   0x0002a1c0       0x78 _build/nrf52840_xxaa/fds.c.o
                0x0002a1c0                fds_gc
 .text.fds_record_find
                0x0002a238       0xdc _build/nrf52840_xxaa/fds.c.o
                0x0002a238                fds_record_find
 .text.fds_record_find_by_key
                0x0002a314       0xd0 _build/nrf52840_xxaa/fds.c.o
                0x0002a314                fds_record_find_by_key
 .text.fds_record_find_in_file
                0x0002a3e4       0xd0 _build/nrf52840_xxaa/fds.c.o
                0x0002a3e4                fds_record_find_in_file
 .text.fds_record_id_from_desc
                0x0002a4b4       0x14 _build/nrf52840_xxaa/fds.c.o
                0x0002a4b4                fds_record_id_from_desc
 .text.fds_stat
                0x0002a4c8      0x178 _build/nrf52840_xxaa/fds.c.o
                0x0002a4c8                fds_stat
 .text.nrf_atfifo_init
                0x0002a640       0x30 _build/nrf52840_xxaa/nrf_atfifo.c.o
                0x0002a640                nrf_atfifo_init
 .text.nrf_atfifo_clear
                0x0002a670       0x44 _build/nrf52840_xxaa/nrf_atfifo.c.o
                0x0002a670                nrf_atfifo_clear
 .text.nrf_atfifo_item_alloc
                0x0002a6b4       0x5c _build/nrf52840_xxaa/nrf_atfifo.c.o
                0x0002a6b4                nrf_atfifo_item_alloc
 .text.nrf_atfifo_item_put
                0x0002a710       0x20 _build/nrf52840_xxaa/nrf_atfifo.c.o
                0x0002a710                nrf_atfifo_item_put
 .text.nrf_atfifo_item_get
                0x0002a730       0x60 _build/nrf52840_xxaa/nrf_atfifo.c.o
                0x0002a730                nrf_atfifo_item_get
 .text.nrf_atfifo_item_free
                0x0002a790       0x20 _build/nrf52840_xxaa/nrf_atfifo.c.o
                0x0002a790                nrf_atfifo_item_free
 .text.nrf_atflags_set
                0x0002a7b0       0x14 _build/nrf52840_xxaa/nrf_atflags.c.o
                0x0002a7b0                nrf_atflags_set
 .text.nrf_atflags_fetch_set
                0x0002a7c4       0x1c _build/nrf52840_xxaa/nrf_atflags.c.o
                0x0002a7c4                nrf_atflags_fetch_set
 .text.nrf_atflags_clear
                0x0002a7e0       0x14 _build/nrf52840_xxaa/nrf_atflags.c.o
                0x0002a7e0                nrf_atflags_clear
 .text.nrf_atflags_get
                0x0002a7f4       0x14 _build/nrf52840_xxaa/nrf_atflags.c.o
                0x0002a7f4                nrf_atflags_get
 .text.nrf_atflags_find_and_set_flag
                0x0002a808       0x84 _build/nrf52840_xxaa/nrf_atflags.c.o
                0x0002a808                nrf_atflags_find_and_set_flag
 .text.nrf_atomic_u32_fetch_store
                0x0002a88c       0x1c _build/nrf52840_xxaa/nrf_atomic.c.o
                0x0002a88c                nrf_atomic_u32_fetch_store
 .text.nrf_atomic_u32_fetch_or
                0x0002a8a8       0x1c _build/nrf52840_xxaa/nrf_atomic.c.o
                0x0002a8a8                nrf_atomic_u32_fetch_or
 .text.nrf_atomic_u32_or
                0x0002a8c4       0x1c _build/nrf52840_xxaa/nrf_atomic.c.o
                0x0002a8c4                nrf_atomic_u32_or
 .text.nrf_atomic_u32_and
                0x0002a8e0       0x1c _build/nrf52840_xxaa/nrf_atomic.c.o
                0x0002a8e0                nrf_atomic_u32_and
 .text.nrf_atomic_u32_fetch_add
                0x0002a8fc       0x1c _build/nrf52840_xxaa/nrf_atomic.c.o
                0x0002a8fc                nrf_atomic_u32_fetch_add
 .text.nrf_atomic_u32_add
                0x0002a918       0x1c _build/nrf52840_xxaa/nrf_atomic.c.o
                0x0002a918                nrf_atomic_u32_add
 .text.nrf_atomic_u32_sub
                0x0002a934       0x1c _build/nrf52840_xxaa/nrf_atomic.c.o
                0x0002a934                nrf_atomic_u32_sub
 .text.nrf_atomic_flag_set_fetch
                0x0002a950       0x20 _build/nrf52840_xxaa/nrf_atomic.c.o
                0x0002a950                nrf_atomic_flag_set_fetch
 .text.nrf_atomic_flag_set
                0x0002a970       0x20 _build/nrf52840_xxaa/nrf_atomic.c.o
                0x0002a970                nrf_atomic_flag_set
 .text.nrf_atomic_flag_clear_fetch
                0x0002a990       0x20 _build/nrf52840_xxaa/nrf_atomic.c.o
                0x0002a990                nrf_atomic_flag_clear_fetch
 .text.nrf_balloc_init
                0x0002a9b0       0x38 _build/nrf52840_xxaa/nrf_balloc.c.o
                0x0002a9b0                nrf_balloc_init
 .text.nrf_balloc_alloc
                0x0002a9e8       0x50 _build/nrf52840_xxaa/nrf_balloc.c.o
                0x0002a9e8                nrf_balloc_alloc
 .text.nrf_balloc_free
                0x0002aa38       0x38 _build/nrf52840_xxaa/nrf_balloc.c.o
                0x0002aa38                nrf_balloc_free
 .text.nrf_fprintf_buffer_flush
                0x0002aa70       0x18 _build/nrf52840_xxaa/nrf_fprintf.c.o
                0x0002aa70                nrf_fprintf_buffer_flush
 .text.nrf_fprintf
                0x0002aa88       0x20 _build/nrf52840_xxaa/nrf_fprintf.c.o
                0x0002aa88                nrf_fprintf
 .text.unsigned_print
                0x0002aaa8      0x14c _build/nrf52840_xxaa/nrf_fprintf_format.c.o
 .text.nrf_fprintf_fmt
                0x0002abf4      0x5cc _build/nrf52840_xxaa/nrf_fprintf_format.c.o
                0x0002abf4                nrf_fprintf_fmt
 .text.nrf_fstorage_init
                0x0002b1c0       0x5c _build/nrf52840_xxaa/nrf_fstorage.c.o
                0x0002b1c0                nrf_fstorage_init
 .text.nrf_fstorage_write
                0x0002b21c      0x13c _build/nrf52840_xxaa/nrf_fstorage.c.o
                0x0002b21c                nrf_fstorage_write
 .text.nrf_fstorage_erase
                0x0002b358       0xf4 _build/nrf52840_xxaa/nrf_fstorage.c.o
                0x0002b358                nrf_fstorage_erase
 .text.sd_flash_write
                0x0002b44c        0x4 _build/nrf52840_xxaa/nrf_fstorage_sd.c.o
 .text.sd_flash_page_erase
                0x0002b450        0x4 _build/nrf52840_xxaa/nrf_fstorage_sd.c.o
 .text.rmap     0x0002b454        0x4 _build/nrf52840_xxaa/nrf_fstorage_sd.c.o
 .text.wmap     0x0002b458        0x4 _build/nrf52840_xxaa/nrf_fstorage_sd.c.o
 .text.is_busy  0x0002b45c       0x10 _build/nrf52840_xxaa/nrf_fstorage_sd.c.o
 .text.nrf_fstorage_sdh_req_handler
                0x0002b46c       0x14 _build/nrf52840_xxaa/nrf_fstorage_sd.c.o
                0x0002b46c                nrf_fstorage_sdh_req_handler
 .text.read     0x0002b480       0x10 _build/nrf52840_xxaa/nrf_fstorage_sd.c.o
 .text.uninit   0x0002b490       0x20 _build/nrf52840_xxaa/nrf_fstorage_sd.c.o
 .text.init     0x0002b4b0       0x3c _build/nrf52840_xxaa/nrf_fstorage_sd.c.o
 .text.queue_process
                0x0002b4ec       0xf8 _build/nrf52840_xxaa/nrf_fstorage_sd.c.o
 .text.nrf_fstorage_sys_evt_handler
                0x0002b5e4       0xe8 _build/nrf52840_xxaa/nrf_fstorage_sd.c.o
                0x0002b5e4                nrf_fstorage_sys_evt_handler
 .text.write    0x0002b6cc       0x7c _build/nrf52840_xxaa/nrf_fstorage_sd.c.o
 .text.erase    0x0002b748       0x78 _build/nrf52840_xxaa/nrf_fstorage_sd.c.o
 .text.nrf_fstorage_sdh_state_handler
                0x0002b7c0      0x10c _build/nrf52840_xxaa/nrf_fstorage_sd.c.o
                0x0002b7c0                nrf_fstorage_sdh_state_handler
 .text.nrf_memobj_pool_init
                0x0002b8cc        0x4 _build/nrf52840_xxaa/nrf_memobj.c.o
                0x0002b8cc                nrf_memobj_pool_init
 .text.nrf_memobj_alloc
                0x0002b8d0       0x94 _build/nrf52840_xxaa/nrf_memobj.c.o
                0x0002b8d0                nrf_memobj_alloc
 .text.nrf_memobj_free
                0x0002b964       0x3c _build/nrf52840_xxaa/nrf_memobj.c.o
                0x0002b964                nrf_memobj_free
 .text.nrf_memobj_get
                0x0002b9a0        0x8 _build/nrf52840_xxaa/nrf_memobj.c.o
                0x0002b9a0                nrf_memobj_get
 .text.nrf_memobj_put
                0x0002b9a8       0x58 _build/nrf52840_xxaa/nrf_memobj.c.o
                0x0002b9a8                nrf_memobj_put
 .text.nrf_memobj_write
                0x0002ba00       0x68 _build/nrf52840_xxaa/nrf_memobj.c.o
                0x0002ba00                nrf_memobj_write
 .text.nrf_memobj_read
                0x0002ba68       0x68 _build/nrf52840_xxaa/nrf_memobj.c.o
                0x0002ba68                nrf_memobj_read
 .text.sd_app_evt_wait
                0x0002bad0        0x4 _build/nrf52840_xxaa/nrf_pwr_mgmt.c.o
 .text.nrf_pwr_mgmt_init
                0x0002bad4       0x2c _build/nrf52840_xxaa/nrf_pwr_mgmt.c.o
                0x0002bad4                nrf_pwr_mgmt_init
 .text.nrf_pwr_mgmt_run
                0x0002bb00       0x54 _build/nrf52840_xxaa/nrf_pwr_mgmt.c.o
                0x0002bb00                nrf_pwr_mgmt_run
 .text.nrf_queue_push
                0x0002bb54       0xe8 _build/nrf52840_xxaa/nrf_queue.c.o
                0x0002bb54                nrf_queue_push
 .text.nrf_queue_generic_pop
                0x0002bc3c       0xd8 _build/nrf52840_xxaa/nrf_queue.c.o
                0x0002bc3c                nrf_queue_generic_pop
 .text.nrf_queue_is_empty
                0x0002bd14       0x10 _build/nrf52840_xxaa/nrf_queue.c.o
                0x0002bd14                nrf_queue_is_empty
 .text.nrf_ringbuf_init
                0x0002bd24       0x1c _build/nrf52840_xxaa/nrf_ringbuf.c.o
                0x0002bd24                nrf_ringbuf_init
 .text.nrf_section_iter_init
                0x0002bd40       0x14 _build/nrf52840_xxaa/nrf_section_iter.c.o
                0x0002bd40                nrf_section_iter_init
 .text.nrf_section_iter_next
                0x0002bd54       0x18 _build/nrf52840_xxaa/nrf_section_iter.c.o
                0x0002bd54                nrf_section_iter_next
 .text.nrf_sortlist_add
                0x0002bd6c       0x28 _build/nrf52840_xxaa/nrf_sortlist.c.o
                0x0002bd6c                nrf_sortlist_add
 .text.nrf_sortlist_pop
                0x0002bd94        0xc _build/nrf52840_xxaa/nrf_sortlist.c.o
                0x0002bd94                nrf_sortlist_pop
 .text.nrf_sortlist_peek
                0x0002bda0        0x8 _build/nrf52840_xxaa/nrf_sortlist.c.o
                0x0002bda0                nrf_sortlist_peek
 .text.nrf_sortlist_remove
                0x0002bda8       0x1c _build/nrf52840_xxaa/nrf_sortlist.c.o
                0x0002bda8                nrf_sortlist_remove
 .text.nrf_strerror_get
                0x0002bdc4       0x50 _build/nrf52840_xxaa/nrf_strerror.c.o
                0x0002bdc4                nrf_strerror_get
 .text.SystemInit
                0x0002be14      0x220 _build/nrf52840_xxaa/system_nrf52840.c.o
                0x0002be14                SystemInit
 .text.bsp_board_led_state_get
                0x0002c034       0x28 _build/nrf52840_xxaa/boards.c.o
                0x0002c034                bsp_board_led_state_get
 .text.bsp_board_led_on
                0x0002c05c       0x24 _build/nrf52840_xxaa/boards.c.o
                0x0002c05c                bsp_board_led_on
 .text.bsp_board_led_off
                0x0002c080       0x24 _build/nrf52840_xxaa/boards.c.o
                0x0002c080                bsp_board_led_off
 .text.bsp_board_leds_off
                0x0002c0a4       0x2c _build/nrf52840_xxaa/boards.c.o
                0x0002c0a4                bsp_board_leds_off
 .text.bsp_board_leds_on
                0x0002c0d0       0x2c _build/nrf52840_xxaa/boards.c.o
                0x0002c0d0                bsp_board_leds_on
 .text.bsp_board_led_invert
                0x0002c0fc       0x34 _build/nrf52840_xxaa/boards.c.o
                0x0002c0fc                bsp_board_led_invert
 .text.bsp_board_button_state_get
                0x0002c130       0x28 _build/nrf52840_xxaa/boards.c.o
                0x0002c130                bsp_board_button_state_get
 .text.bsp_board_pin_to_button_idx
                0x0002c158       0x24 _build/nrf52840_xxaa/boards.c.o
                0x0002c158                bsp_board_pin_to_button_idx
 .text.bsp_board_button_idx_to_pin
                0x0002c17c        0xc _build/nrf52840_xxaa/boards.c.o
                0x0002c17c                bsp_board_button_idx_to_pin
 .text.bsp_board_init
                0x0002c188       0x5c _build/nrf52840_xxaa/boards.c.o
                0x0002c188                bsp_board_init
 .text.clock_irq_handler
                0x0002c1e4       0x44 _build/nrf52840_xxaa/nrf_drv_clock.c.o
 .text.soc_evt_handler
                0x0002c228       0x28 _build/nrf52840_xxaa/nrf_drv_clock.c.o
 .text.sd_state_evt_handler
                0x0002c250       0xc8 _build/nrf52840_xxaa/nrf_drv_clock.c.o
 .text.uarte_evt_handler
                0x0002c318       0x34 _build/nrf52840_xxaa/nrf_drv_uart.c.o
 .text.uart_evt_handler
                0x0002c34c       0x34 _build/nrf52840_xxaa/nrf_drv_uart.c.o
 .text.nrf_drv_uart_init
                0x0002c380       0x88 _build/nrf52840_xxaa/nrf_drv_uart.c.o
                0x0002c380                nrf_drv_uart_init
 .text.nrfx_clock_init
                0x0002c408       0x18 _build/nrf52840_xxaa/nrfx_clock.c.o
                0x0002c408                nrfx_clock_init
 .text.nrfx_clock_enable
                0x0002c420       0x24 _build/nrf52840_xxaa/nrfx_clock.c.o
                0x0002c420                nrfx_clock_enable
 .text.nrfx_clock_lfclk_stop
                0x0002c444       0x38 _build/nrf52840_xxaa/nrfx_clock.c.o
                0x0002c444                nrfx_clock_lfclk_stop
 .text.POWER_CLOCK_IRQHandler
                0x0002c47c       0x6c _build/nrf52840_xxaa/nrfx_clock.c.o
                0x0002c47c                POWER_CLOCK_IRQHandler
 .text.nrfx_gpiote_init
                0x0002c4e8       0xb0 _build/nrf52840_xxaa/nrfx_gpiote.c.o
                0x0002c4e8                nrfx_gpiote_init
 .text.nrfx_gpiote_is_init
                0x0002c598       0x14 _build/nrf52840_xxaa/nrfx_gpiote.c.o
                0x0002c598                nrfx_gpiote_is_init
 .text.nrfx_gpiote_in_init
                0x0002c5ac      0x1e4 _build/nrf52840_xxaa/nrfx_gpiote.c.o
                0x0002c5ac                nrfx_gpiote_in_init
 .text.nrfx_gpiote_in_event_enable
                0x0002c790       0xd8 _build/nrf52840_xxaa/nrfx_gpiote.c.o
                0x0002c790                nrfx_gpiote_in_event_enable
 .text.nrfx_gpiote_in_is_set
                0x0002c868       0x20 _build/nrf52840_xxaa/nrfx_gpiote.c.o
                0x0002c868                nrfx_gpiote_in_is_set
 .text.GPIOTE_IRQHandler
                0x0002c888      0x500 _build/nrf52840_xxaa/nrfx_gpiote.c.o
                0x0002c888                GPIOTE_IRQHandler
 .text.UARTE0_UART0_IRQHandler
                0x0002cd88        0xc _build/nrf52840_xxaa/nrfx_prs.c.o
                0x0002cd88                UARTE0_UART0_IRQHandler
 .text.nrfx_prs_acquire
                0x0002cd94       0x50 _build/nrf52840_xxaa/nrfx_prs.c.o
                0x0002cd94                nrfx_prs_acquire
 .text.nrfx_prs_release
                0x0002cde4       0x18 _build/nrf52840_xxaa/nrfx_prs.c.o
                0x0002cde4                nrfx_prs_release
 .text.nrfx_uart_0_irq_handler
                0x0002cdfc      0x1c4 _build/nrf52840_xxaa/nrfx_uart.c.o
                0x0002cdfc                nrfx_uart_0_irq_handler
 .text.nrfx_uart_init
                0x0002cfc0      0x1f0 _build/nrf52840_xxaa/nrfx_uart.c.o
                0x0002cfc0                nrfx_uart_init
 .text.nrfx_uart_uninit
                0x0002d1b0      0x10c _build/nrf52840_xxaa/nrfx_uart.c.o
                0x0002d1b0                nrfx_uart_uninit
 .text.nrfx_uart_tx
                0x0002d2bc       0xd0 _build/nrf52840_xxaa/nrfx_uart.c.o
                0x0002d2bc                nrfx_uart_tx
 .text.nrfx_uarte_0_irq_handler
                0x0002d38c      0x168 _build/nrf52840_xxaa/nrfx_uarte.c.o
                0x0002d38c                nrfx_uarte_0_irq_handler
 .text.nrfx_uarte_init
                0x0002d4f4      0x228 _build/nrf52840_xxaa/nrfx_uarte.c.o
                0x0002d4f4                nrfx_uarte_init
 .text.nrfx_uarte_uninit
                0x0002d71c      0x170 _build/nrf52840_xxaa/nrfx_uarte.c.o
                0x0002d71c                nrfx_uarte_uninit
 .text.nrfx_uarte_tx
                0x0002d88c       0xb4 _build/nrf52840_xxaa/nrfx_uarte.c.o
                0x0002d88c                nrfx_uarte_tx
 .text.alert_timer_handler
                0x0002d940        0x8 _build/nrf52840_xxaa/bsp.c.o
 .text.bsp_button_event_handler
                0x0002d948       0xa4 _build/nrf52840_xxaa/bsp.c.o
 .text.button_timer_handler
                0x0002d9ec       0x30 _build/nrf52840_xxaa/bsp.c.o
 .text.bsp_led_indication
                0x0002da1c      0x318 _build/nrf52840_xxaa/bsp.c.o
 .text.leds_timer_handler
                0x0002dd34       0x1c _build/nrf52840_xxaa/bsp.c.o
 .text.bsp_button_is_pressed
                0x0002dd50        0xc _build/nrf52840_xxaa/bsp.c.o
                0x0002dd50                bsp_button_is_pressed
 .text.bsp_indication_set
                0x0002dd5c       0x18 _build/nrf52840_xxaa/bsp.c.o
                0x0002dd5c                bsp_indication_set
 .text.bsp_init
                0x0002dd74       0xbc _build/nrf52840_xxaa/bsp.c.o
                0x0002dd74                bsp_init
 .text.bsp_event_to_button_action_assign
                0x0002de30       0x54 _build/nrf52840_xxaa/bsp.c.o
                0x0002de30                bsp_event_to_button_action_assign
 .text.bsp_wakeup_button_enable
                0x0002de84       0x40 _build/nrf52840_xxaa/bsp.c.o
                0x0002de84                bsp_wakeup_button_enable
 .text.ble_evt_handler
                0x0002dec4       0xac _build/nrf52840_xxaa/bsp_btn_ble.c.o
 .text.bsp_btn_ble_sleep_mode_prepare
                0x0002df70       0x24 _build/nrf52840_xxaa/bsp_btn_ble.c.o
                0x0002df70                bsp_btn_ble_sleep_mode_prepare
 .text.bsp_btn_ble_init
                0x0002df94       0x6c _build/nrf52840_xxaa/bsp_btn_ble.c.o
                0x0002df94                bsp_btn_ble_init
 .text.sd_ble_gap_disconnect
                0x0002e000        0x4 _build/nrf52840_xxaa/main.c.o
 .text.sd_ble_gap_ppcp_set
                0x0002e004        0x4 _build/nrf52840_xxaa/main.c.o
 .text.sd_ble_gap_device_name_set
                0x0002e008        0x4 _build/nrf52840_xxaa/main.c.o
 .text.sd_ble_gap_phy_update
                0x0002e00c        0x4 _build/nrf52840_xxaa/main.c.o
 .text.sd_power_system_off
                0x0002e010        0x4 _build/nrf52840_xxaa/main.c.o
 .text.nrf_qwr_error_handler
                0x0002e014        0x4 _build/nrf52840_xxaa/main.c.o
 .text.on_adv_evt
                0x0002e018       0xb0 _build/nrf52840_xxaa/main.c.o
 .text.ble_evt_handler
                0x0002e0c8       0xd8 _build/nrf52840_xxaa/main.c.o
 .text.db_disc_handler
                0x0002e1a0        0xc _build/nrf52840_xxaa/main.c.o
 .text.on_ans_c_evt
                0x0002e1ac      0x1e8 _build/nrf52840_xxaa/main.c.o
 .text.conn_params_error_handler
                0x0002e394        0x4 _build/nrf52840_xxaa/main.c.o
 .text.alert_notification_error_handler
                0x0002e398        0x4 _build/nrf52840_xxaa/main.c.o
 .text.pm_evt_handler
                0x0002e39c       0x30 _build/nrf52840_xxaa/main.c.o
 .text.bsp_event_handler
                0x0002e3cc      0x1bc _build/nrf52840_xxaa/main.c.o
 .text.startup.main
                0x0002e588      0x308 _build/nrf52840_xxaa/main.c.o
                0x0002e588                main
 .text.sd_ble_gap_addr_get
                0x0002e890        0x4 _build/nrf52840_xxaa/ble_advdata.c.o
 .text.sd_ble_gap_appearance_get
                0x0002e894        0x4 _build/nrf52840_xxaa/ble_advdata.c.o
 .text.sd_ble_gap_device_name_get
                0x0002e898        0x4 _build/nrf52840_xxaa/ble_advdata.c.o
 .text.sd_ble_uuid_encode
                0x0002e89c        0x4 _build/nrf52840_xxaa/ble_advdata.c.o
 .text.uuid_list_sized_encode.isra.0
                0x0002e8a0       0xf0 _build/nrf52840_xxaa/ble_advdata.c.o
 .text.ble_advdata_encode
                0x0002e990      0x40c _build/nrf52840_xxaa/ble_advdata.c.o
                0x0002e990                ble_advdata_encode
 .text.ble_advdata_parse
                0x0002ed9c       0x4c _build/nrf52840_xxaa/ble_advdata.c.o
                0x0002ed9c                ble_advdata_parse
 .text.sd_ble_gap_adv_set_configure
                0x0002ede8        0x4 _build/nrf52840_xxaa/ble_advertising.c.o
 .text.sd_ble_gap_adv_start
                0x0002edec        0x4 _build/nrf52840_xxaa/ble_advertising.c.o
 .text.ble_advertising_start.part.0
                0x0002edf0      0x2f0 _build/nrf52840_xxaa/ble_advertising.c.o
 .text.ble_advertising_conn_cfg_tag_set
                0x0002f0e0        0x8 _build/nrf52840_xxaa/ble_advertising.c.o
                0x0002f0e0                ble_advertising_conn_cfg_tag_set
 .text.ble_advertising_init
                0x0002f0e8       0xf8 _build/nrf52840_xxaa/ble_advertising.c.o
                0x0002f0e8                ble_advertising_init
 .text.ble_advertising_start
                0x0002f1e0        0xc _build/nrf52840_xxaa/ble_advertising.c.o
                0x0002f1e0                ble_advertising_start
 .text.ble_advertising_on_ble_evt
                0x0002f1ec       0x8c _build/nrf52840_xxaa/ble_advertising.c.o
                0x0002f1ec                ble_advertising_on_ble_evt
 .text.sd_ble_gap_conn_param_update
                0x0002f278        0x4 _build/nrf52840_xxaa/ble_conn_params.c.o
 .text.sd_ble_gap_disconnect
                0x0002f27c        0x4 _build/nrf52840_xxaa/ble_conn_params.c.o
 .text.sd_ble_gap_ppcp_set
                0x0002f280        0x4 _build/nrf52840_xxaa/ble_conn_params.c.o
 .text.sd_ble_gap_ppcp_get
                0x0002f284        0x4 _build/nrf52840_xxaa/ble_conn_params.c.o
 .text.update_timeout_handler
                0x0002f288       0x78 _build/nrf52840_xxaa/ble_conn_params.c.o
 .text.ble_evt_handler
                0x0002f300      0x1d4 _build/nrf52840_xxaa/ble_conn_params.c.o
 .text.ble_conn_params_init
                0x0002f4d4       0x78 _build/nrf52840_xxaa/ble_conn_params.c.o
                0x0002f4d4                ble_conn_params_init
 .text.ble_evt_handler
                0x0002f54c      0x160 _build/nrf52840_xxaa/ble_conn_state.c.o
 .text.ble_conn_state_valid
                0x0002f6ac       0x14 _build/nrf52840_xxaa/ble_conn_state.c.o
                0x0002f6ac                ble_conn_state_valid
 .text.ble_conn_state_role
                0x0002f6c0       0x34 _build/nrf52840_xxaa/ble_conn_state.c.o
                0x0002f6c0                ble_conn_state_role
 .text.ble_conn_state_status
                0x0002f6f4       0x34 _build/nrf52840_xxaa/ble_conn_state.c.o
                0x0002f6f4                ble_conn_state_status
 .text.ble_conn_state_encrypted
                0x0002f728       0x30 _build/nrf52840_xxaa/ble_conn_state.c.o
                0x0002f728                ble_conn_state_encrypted
 .text.ble_conn_state_mitm_protected
                0x0002f758       0x30 _build/nrf52840_xxaa/ble_conn_state.c.o
                0x0002f758                ble_conn_state_mitm_protected
 .text.ble_conn_state_lesc
                0x0002f788       0x30 _build/nrf52840_xxaa/ble_conn_state.c.o
                0x0002f788                ble_conn_state_lesc
 .text.ble_conn_state_user_flag_acquire
                0x0002f7b8       0x14 _build/nrf52840_xxaa/ble_conn_state.c.o
                0x0002f7b8                ble_conn_state_user_flag_acquire
 .text.ble_conn_state_user_flag_get
                0x0002f7cc       0x38 _build/nrf52840_xxaa/ble_conn_state.c.o
                0x0002f7cc                ble_conn_state_user_flag_get
 .text.ble_conn_state_user_flag_set
                0x0002f804       0x44 _build/nrf52840_xxaa/ble_conn_state.c.o
                0x0002f804                ble_conn_state_user_flag_set
 .text.ble_conn_state_for_each_set_user_flag
                0x0002f848       0x5c _build/nrf52840_xxaa/ble_conn_state.c.o
                0x0002f848                ble_conn_state_for_each_set_user_flag
 .text.discovery_complete_evt_trigger
                0x0002f8a4      0x1b4 _build/nrf52840_xxaa/ble_db_discovery.c.o
 .text.descriptors_discover
                0x0002fa58       0xe8 _build/nrf52840_xxaa/ble_db_discovery.c.o
 .text.discovery_error_handler
                0x0002fb40      0x110 _build/nrf52840_xxaa/ble_db_discovery.c.o
 .text.on_srv_disc_completion
                0x0002fc50      0x1ac _build/nrf52840_xxaa/ble_db_discovery.c.o
 .text.ble_db_discovery_init
                0x0002fdfc       0x38 _build/nrf52840_xxaa/ble_db_discovery.c.o
                0x0002fdfc                ble_db_discovery_init
 .text.ble_db_discovery_evt_register
                0x0002fe34       0xcc _build/nrf52840_xxaa/ble_db_discovery.c.o
                0x0002fe34                ble_db_discovery_evt_register
 .text.ble_db_discovery_start
                0x0002ff00       0xa4 _build/nrf52840_xxaa/ble_db_discovery.c.o
                0x0002ff00                ble_db_discovery_start
 .text.ble_db_discovery_on_ble_evt
                0x0002ffa4      0x7b0 _build/nrf52840_xxaa/ble_db_discovery.c.o
                0x0002ffa4                ble_db_discovery_on_ble_evt
 .text.ble_srv_is_notification_enabled
                0x00030754        0x8 _build/nrf52840_xxaa/ble_srv_common.c.o
                0x00030754                ble_srv_is_notification_enabled
 .text.sd_ble_gattc_char_value_by_uuid_read
                0x0003075c        0x4 _build/nrf52840_xxaa/gatt_cache_manager.c.o
 .text.sd_ble_gattc_read
                0x00030760        0x4 _build/nrf52840_xxaa/gatt_cache_manager.c.o
 .text.sd_ble_gatts_value_get
                0x00030764        0x4 _build/nrf52840_xxaa/gatt_cache_manager.c.o
 .text.sd_ble_gatts_initial_user_handle_get
                0x00030768        0x4 _build/nrf52840_xxaa/gatt_cache_manager.c.o
 .text.sd_ble_gatts_attr_get
                0x0003076c        0x4 _build/nrf52840_xxaa/gatt_cache_manager.c.o
 .text.car_update_pending_handle
                0x00030770       0x4c _build/nrf52840_xxaa/gatt_cache_manager.c.o
 .text.db_update_pending_handle
                0x000307bc       0xfc _build/nrf52840_xxaa/gatt_cache_manager.c.o
 .text.local_db_apply_in_evt
                0x000308b8       0xfc _build/nrf52840_xxaa/gatt_cache_manager.c.o
 .text.sc_send_pending_handle
                0x000309b4      0x17c _build/nrf52840_xxaa/gatt_cache_manager.c.o
 .text.apply_pending_handle
                0x00030b30       0xfc _build/nrf52840_xxaa/gatt_cache_manager.c.o
 .text.gcm_im_evt_handler
                0x00030c2c       0x84 _build/nrf52840_xxaa/gatt_cache_manager.c.o
                0x00030c2c                gcm_im_evt_handler
 .text.gcm_pdb_evt_handler
                0x00030cb0       0xec _build/nrf52840_xxaa/gatt_cache_manager.c.o
                0x00030cb0                gcm_pdb_evt_handler
 .text.gcm_init
                0x00030d9c       0xc4 _build/nrf52840_xxaa/gatt_cache_manager.c.o
                0x00030d9c                gcm_init
 .text.gcm_ble_evt_handler
                0x00030e60      0x2ec _build/nrf52840_xxaa/gatt_cache_manager.c.o
                0x00030e60                gcm_ble_evt_handler
 .text.sd_ble_gatts_service_changed
                0x0003114c        0x4 _build/nrf52840_xxaa/gatts_cache_manager.c.o
 .text.sd_ble_gatts_sys_attr_set
                0x00031150        0x4 _build/nrf52840_xxaa/gatts_cache_manager.c.o
 .text.sd_ble_gatts_sys_attr_get
                0x00031154        0x4 _build/nrf52840_xxaa/gatts_cache_manager.c.o
 .text.sd_ble_gatts_initial_user_handle_get
                0x00031158        0x4 _build/nrf52840_xxaa/gatts_cache_manager.c.o
 .text.service_changed_pending_set
                0x0003115c       0xac _build/nrf52840_xxaa/gatts_cache_manager.c.o
 .text.gscm_pdb_evt_handler
                0x00031208       0x18 _build/nrf52840_xxaa/gatts_cache_manager.c.o
                0x00031208                gscm_pdb_evt_handler
 .text.gscm_init
                0x00031220       0x10 _build/nrf52840_xxaa/gatts_cache_manager.c.o
                0x00031220                gscm_init
 .text.gscm_local_db_cache_update
                0x00031230       0xe0 _build/nrf52840_xxaa/gatts_cache_manager.c.o
                0x00031230                gscm_local_db_cache_update
 .text.gscm_local_db_cache_apply
                0x00031310       0xb4 _build/nrf52840_xxaa/gatts_cache_manager.c.o
                0x00031310                gscm_local_db_cache_apply
 .text.gscm_service_changed_ind_needed
                0x000313c4       0x2c _build/nrf52840_xxaa/gatts_cache_manager.c.o
                0x000313c4                gscm_service_changed_ind_needed
 .text.gscm_service_changed_ind_send
                0x000313f0       0x5c _build/nrf52840_xxaa/gatts_cache_manager.c.o
                0x000313f0                gscm_service_changed_ind_send
 .text.gscm_db_change_notification_done
                0x0003144c       0x24 _build/nrf52840_xxaa/gatts_cache_manager.c.o
                0x0003144c                gscm_db_change_notification_done
 .text.sd_ecb_block_encrypt
                0x00031470        0x4 _build/nrf52840_xxaa/id_manager.c.o
 .text.im_ble_evt_handler
                0x00031474      0x1d8 _build/nrf52840_xxaa/id_manager.c.o
                0x00031474                im_ble_evt_handler
 .text.im_is_duplicate_bonding_data
                0x0003164c      0x11c _build/nrf52840_xxaa/id_manager.c.o
                0x0003164c                im_is_duplicate_bonding_data
 .text.im_find_duplicate_bonding_data
                0x00031768       0x40 _build/nrf52840_xxaa/id_manager.c.o
                0x00031768                im_find_duplicate_bonding_data
 .text.im_peer_id_get_by_conn_handle
                0x000317a8       0x2c _build/nrf52840_xxaa/id_manager.c.o
                0x000317a8                im_peer_id_get_by_conn_handle
 .text.im_ble_addr_get
                0x000317d4       0x3c _build/nrf52840_xxaa/id_manager.c.o
                0x000317d4                im_ble_addr_get
 .text.im_master_ids_compare
                0x00031810       0x44 _build/nrf52840_xxaa/id_manager.c.o
                0x00031810                im_master_ids_compare
 .text.im_peer_id_get_by_master_id
                0x00031854       0xf4 _build/nrf52840_xxaa/id_manager.c.o
                0x00031854                im_peer_id_get_by_master_id
 .text.im_conn_handle_get
                0x00031948       0x40 _build/nrf52840_xxaa/id_manager.c.o
                0x00031948                im_conn_handle_get
 .text.im_new_peer_id
                0x00031988       0x14 _build/nrf52840_xxaa/id_manager.c.o
                0x00031988                im_new_peer_id
 .text.im_peer_free
                0x0003199c       0x54 _build/nrf52840_xxaa/id_manager.c.o
                0x0003199c                im_peer_free
 .text.sd_ble_gap_data_length_update
                0x000319f0        0x4 _build/nrf52840_xxaa/nrf_ble_gatt.c.o
 .text.sd_ble_gattc_exchange_mtu_request
                0x000319f4        0x4 _build/nrf52840_xxaa/nrf_ble_gatt.c.o
 .text.sd_ble_gatts_exchange_mtu_reply
                0x000319f8        0x4 _build/nrf52840_xxaa/nrf_ble_gatt.c.o
 .text.data_length_update.constprop.0
                0x000319fc       0x8c _build/nrf52840_xxaa/nrf_ble_gatt.c.o
 .text.nrf_ble_gatt_init
                0x00031a88       0x28 _build/nrf52840_xxaa/nrf_ble_gatt.c.o
                0x00031a88                nrf_ble_gatt_init
 .text.nrf_ble_gatt_on_ble_evt
                0x00031ab0      0x1c8 _build/nrf52840_xxaa/nrf_ble_gatt.c.o
                0x00031ab0                nrf_ble_gatt_on_ble_evt
 .text.sd_ble_gattc_primary_services_discover
                0x00031c78        0x4 _build/nrf52840_xxaa/nrf_ble_gq.c.o
 .text.sd_ble_gattc_characteristics_discover
                0x00031c7c        0x4 _build/nrf52840_xxaa/nrf_ble_gq.c.o
 .text.sd_ble_gattc_descriptors_discover
                0x00031c80        0x4 _build/nrf52840_xxaa/nrf_ble_gq.c.o
 .text.sd_ble_gattc_read
                0x00031c84        0x4 _build/nrf52840_xxaa/nrf_ble_gq.c.o
 .text.sd_ble_gattc_write
                0x00031c88        0x4 _build/nrf52840_xxaa/nrf_ble_gq.c.o
 .text.sd_ble_gatts_hvx
                0x00031c8c        0x4 _build/nrf52840_xxaa/nrf_ble_gq.c.o
 .text.gatts_hvx_alloc
                0x00031c90       0x3c _build/nrf52840_xxaa/nrf_ble_gq.c.o
 .text.gattc_write_alloc
                0x00031ccc       0x28 _build/nrf52840_xxaa/nrf_ble_gq.c.o
 .text.queues_purge.isra.0
                0x00031cf4       0x70 _build/nrf52840_xxaa/nrf_ble_gq.c.o
 .text.queue_process
                0x00031d64      0x17c _build/nrf52840_xxaa/nrf_ble_gq.c.o
 .text.nrf_ble_gq_item_add
                0x00031ee0      0x1c0 _build/nrf52840_xxaa/nrf_ble_gq.c.o
                0x00031ee0                nrf_ble_gq_item_add
 .text.nrf_ble_gq_conn_handle_register
                0x000320a0       0x9c _build/nrf52840_xxaa/nrf_ble_gq.c.o
                0x000320a0                nrf_ble_gq_conn_handle_register
 .text.nrf_ble_gq_on_ble_evt
                0x0003213c       0x94 _build/nrf52840_xxaa/nrf_ble_gq.c.o
                0x0003213c                nrf_ble_gq_on_ble_evt
 .text.sd_ble_gatts_rw_authorize_reply
                0x000321d0        0x4 _build/nrf52840_xxaa/nrf_ble_qwr.c.o
 .text.sd_ble_user_mem_reply
                0x000321d4        0x4 _build/nrf52840_xxaa/nrf_ble_qwr.c.o
 .text.nrf_ble_qwr_init
                0x000321d8       0x24 _build/nrf52840_xxaa/nrf_ble_qwr.c.o
                0x000321d8                nrf_ble_qwr_init
 .text.nrf_ble_qwr_conn_handle_assign
                0x000321fc       0x18 _build/nrf52840_xxaa/nrf_ble_qwr.c.o
                0x000321fc                nrf_ble_qwr_conn_handle_assign
 .text.nrf_ble_qwr_on_ble_evt
                0x00032214       0xf4 _build/nrf52840_xxaa/nrf_ble_qwr.c.o
                0x00032214                nrf_ble_qwr_on_ble_evt
 .text.peer_data_delete_process
                0x00032308       0xc8 _build/nrf52840_xxaa/peer_data_storage.c.o
 .text.fds_evt_handler
                0x000323d0      0x100 _build/nrf52840_xxaa/peer_data_storage.c.o
 .text.pds_init
                0x000324d0       0xac _build/nrf52840_xxaa/peer_data_storage.c.o
                0x000324d0                pds_init
 .text.pds_peer_data_read
                0x0003257c       0x90 _build/nrf52840_xxaa/peer_data_storage.c.o
                0x0003257c                pds_peer_data_read
 .text.pds_peer_data_iterate_prepare
                0x0003260c       0x10 _build/nrf52840_xxaa/peer_data_storage.c.o
                0x0003260c                pds_peer_data_iterate_prepare
 .text.pds_peer_data_iterate
                0x0003261c       0x58 _build/nrf52840_xxaa/peer_data_storage.c.o
                0x0003261c                pds_peer_data_iterate
 .text.pds_peer_data_store
                0x00032674       0xe8 _build/nrf52840_xxaa/peer_data_storage.c.o
                0x00032674                pds_peer_data_store
 .text.pds_peer_id_allocate
                0x0003275c        0x8 _build/nrf52840_xxaa/peer_data_storage.c.o
                0x0003275c                pds_peer_id_allocate
 .text.pds_peer_id_free
                0x00032764       0x18 _build/nrf52840_xxaa/peer_data_storage.c.o
                0x00032764                pds_peer_id_free
 .text.pds_peer_id_is_allocated
                0x0003277c        0x4 _build/nrf52840_xxaa/peer_data_storage.c.o
                0x0003277c                pds_peer_id_is_allocated
 .text.pds_next_peer_id_get
                0x00032780        0x4 _build/nrf52840_xxaa/peer_data_storage.c.o
                0x00032780                pds_next_peer_id_get
 .text.pds_next_deleted_peer_id_get
                0x00032784        0x4 _build/nrf52840_xxaa/peer_data_storage.c.o
                0x00032784                pds_next_deleted_peer_id_get
 .text.write_buf_store
                0x00032788      0x11c _build/nrf52840_xxaa/peer_database.c.o
                0x00032788                write_buf_store
 .text.pdb_pds_evt_handler
                0x000328a4      0x1f0 _build/nrf52840_xxaa/peer_database.c.o
                0x000328a4                pdb_pds_evt_handler
 .text.pdb_init
                0x00032a94       0xb8 _build/nrf52840_xxaa/peer_database.c.o
                0x00032a94                pdb_init
 .text.pdb_peer_free
                0x00032b4c      0x1a8 _build/nrf52840_xxaa/peer_database.c.o
                0x00032b4c                pdb_peer_free
 .text.pdb_peer_data_ptr_get
                0x00032cf4        0x8 _build/nrf52840_xxaa/peer_database.c.o
                0x00032cf4                pdb_peer_data_ptr_get
 .text.pdb_write_buf_get
                0x00032cfc      0x1f0 _build/nrf52840_xxaa/peer_database.c.o
                0x00032cfc                pdb_write_buf_get
 .text.pdb_write_buf_release
                0x00032eec       0xd4 _build/nrf52840_xxaa/peer_database.c.o
                0x00032eec                pdb_write_buf_release
 .text.pdb_write_buf_store
                0x00032fc0       0xa0 _build/nrf52840_xxaa/peer_database.c.o
                0x00032fc0                pdb_write_buf_store
 .text.peer_id_init
                0x00033060       0x10 _build/nrf52840_xxaa/peer_id.c.o
                0x00033060                peer_id_init
 .text.peer_id_allocate
                0x00033070       0x40 _build/nrf52840_xxaa/peer_id.c.o
                0x00033070                peer_id_allocate
 .text.peer_id_delete
                0x000330b0       0x28 _build/nrf52840_xxaa/peer_id.c.o
                0x000330b0                peer_id_delete
 .text.peer_id_free
                0x000330d8       0x28 _build/nrf52840_xxaa/peer_id.c.o
                0x000330d8                peer_id_free
 .text.peer_id_is_allocated
                0x00033100       0x14 _build/nrf52840_xxaa/peer_id.c.o
                0x00033100                peer_id_is_allocated
 .text.peer_id_get_next_used
                0x00033114       0x74 _build/nrf52840_xxaa/peer_id.c.o
                0x00033114                peer_id_get_next_used
 .text.peer_id_get_next_deleted
                0x00033188       0x40 _build/nrf52840_xxaa/peer_id.c.o
                0x00033188                peer_id_get_next_deleted
 .text.ble_evt_handler
                0x000331c8       0x24 _build/nrf52840_xxaa/peer_manager.c.o
 .text.pm_peer_ranks_get.part.0
                0x000331ec       0xf0 _build/nrf52840_xxaa/peer_manager.c.o
 .text.pm_pdb_evt_handler
                0x000332dc      0x290 _build/nrf52840_xxaa/peer_manager.c.o
                0x000332dc                pm_pdb_evt_handler
 .text.pm_sm_evt_handler
                0x0003356c       0x2c _build/nrf52840_xxaa/peer_manager.c.o
                0x0003356c                pm_sm_evt_handler
 .text.pm_gcm_evt_handler
                0x00033598       0x28 _build/nrf52840_xxaa/peer_manager.c.o
                0x00033598                pm_gcm_evt_handler
 .text.pm_gscm_evt_handler
                0x000335c0       0x28 _build/nrf52840_xxaa/peer_manager.c.o
                0x000335c0                pm_gscm_evt_handler
 .text.pm_im_evt_handler
                0x000335e8       0x28 _build/nrf52840_xxaa/peer_manager.c.o
                0x000335e8                pm_im_evt_handler
 .text.pm_init  0x00033610       0xf0 _build/nrf52840_xxaa/peer_manager.c.o
                0x00033610                pm_init
 .text.pm_register
                0x00033700       0x38 _build/nrf52840_xxaa/peer_manager.c.o
                0x00033700                pm_register
 .text.pm_sec_params_set
                0x00033738       0x14 _build/nrf52840_xxaa/peer_manager.c.o
                0x00033738                pm_sec_params_set
 .text.pm_conn_secure
                0x0003374c       0x1c _build/nrf52840_xxaa/peer_manager.c.o
                0x0003374c                pm_conn_secure
 .text.pm_conn_sec_status_get
                0x00033768       0x14 _build/nrf52840_xxaa/peer_manager.c.o
                0x00033768                pm_conn_sec_status_get
 .text.pm_peer_delete
                0x0003377c       0x14 _build/nrf52840_xxaa/peer_manager.c.o
                0x0003377c                pm_peer_delete
 .text.pm_peers_delete
                0x00033790       0xd4 _build/nrf52840_xxaa/peer_manager.c.o
                0x00033790                pm_peers_delete
 .text.pm_peer_ranks_get
                0x00033864       0x1c _build/nrf52840_xxaa/peer_manager.c.o
                0x00033864                pm_peer_ranks_get
 .text.pm_peer_rank_highest
                0x00033880      0x164 _build/nrf52840_xxaa/peer_manager.c.o
                0x00033880                pm_peer_rank_highest
 .text.sd_ble_gap_disconnect
                0x000339e4        0x4 _build/nrf52840_xxaa/peer_manager_handler.c.o
 .text.delayed_conn_secure
                0x000339e8       0xf0 _build/nrf52840_xxaa/peer_manager_handler.c.o
 .text.pm_handler_on_pm_evt
                0x00033ad8      0x2dc _build/nrf52840_xxaa/peer_manager_handler.c.o
                0x00033ad8                pm_handler_on_pm_evt
 .text.pm_handler_flash_clean
                0x00033db4      0x3b4 _build/nrf52840_xxaa/peer_manager_handler.c.o
                0x00033db4                pm_handler_flash_clean
 .text.pm_buffer_init
                0x00034168       0x2c _build/nrf52840_xxaa/pm_buffer.c.o
                0x00034168                pm_buffer_init
 .text.pm_buffer_block_acquire
                0x00034194       0xb0 _build/nrf52840_xxaa/pm_buffer.c.o
                0x00034194                pm_buffer_block_acquire
 .text.pm_buffer_ptr_get
                0x00034244       0x30 _build/nrf52840_xxaa/pm_buffer.c.o
                0x00034244                pm_buffer_ptr_get
 .text.pm_buffer_release
                0x00034274       0x34 _build/nrf52840_xxaa/pm_buffer.c.o
                0x00034274                pm_buffer_release
 .text.sd_ble_gap_authenticate
                0x000342a8        0x4 _build/nrf52840_xxaa/security_dispatcher.c.o
 .text.sd_ble_gap_sec_params_reply
                0x000342ac        0x4 _build/nrf52840_xxaa/security_dispatcher.c.o
 .text.sd_ble_gap_sec_info_reply
                0x000342b0        0x4 _build/nrf52840_xxaa/security_dispatcher.c.o
 .text.pairing_failure
                0x000342b4       0xdc _build/nrf52840_xxaa/security_dispatcher.c.o
 .text.smd_init
                0x00034390       0x90 _build/nrf52840_xxaa/security_dispatcher.c.o
                0x00034390                smd_init
 .text.smd_params_reply
                0x00034420      0x184 _build/nrf52840_xxaa/security_dispatcher.c.o
                0x00034420                smd_params_reply
 .text.smd_link_secure
                0x000345a4       0x2c _build/nrf52840_xxaa/security_dispatcher.c.o
                0x000345a4                smd_link_secure
 .text.smd_ble_evt_handler
                0x000345d0      0x6ec _build/nrf52840_xxaa/security_dispatcher.c.o
                0x000345d0                smd_ble_evt_handler
 .text.events_send_from_err_code
                0x00034cbc       0xf0 _build/nrf52840_xxaa/security_manager.c.o
 .text.smd_params_reply_perform
                0x00034dac       0xa8 _build/nrf52840_xxaa/security_manager.c.o
 .text.params_reply_pending_handle
                0x00034e54        0x8 _build/nrf52840_xxaa/security_manager.c.o
 .text.link_secure
                0x00034e5c      0x154 _build/nrf52840_xxaa/security_manager.c.o
 .text.link_secure_pending_handle
                0x00034fb0       0x38 _build/nrf52840_xxaa/security_manager.c.o
 .text.sm_conn_sec_status_get
                0x00034fe8       0xa8 _build/nrf52840_xxaa/security_manager.c.o
                0x00034fe8                sm_conn_sec_status_get
 .text.sm_smd_evt_handler
                0x00035090       0x8c _build/nrf52840_xxaa/security_manager.c.o
                0x00035090                sm_smd_evt_handler
 .text.sm_pdb_evt_handler
                0x0003511c       0x40 _build/nrf52840_xxaa/security_manager.c.o
                0x0003511c                sm_pdb_evt_handler
 .text.sm_init  0x0003515c       0x90 _build/nrf52840_xxaa/security_manager.c.o
                0x0003515c                sm_init
 .text.sm_ble_evt_handler
                0x000351ec       0x34 _build/nrf52840_xxaa/security_manager.c.o
                0x000351ec                sm_ble_evt_handler
 .text.sm_sec_params_set
                0x00035220       0x84 _build/nrf52840_xxaa/security_manager.c.o
                0x00035220                sm_sec_params_set
 .text.sm_link_secure
                0x000352a4      0x11c _build/nrf52840_xxaa/security_manager.c.o
                0x000352a4                sm_link_secure
 .text.gatt_error_handler
                0x000353c0        0x8 _build/nrf52840_xxaa/ble_ans_c.c.o
 .text.ble_ans_c_on_db_disc_evt
                0x000353c8      0x130 _build/nrf52840_xxaa/ble_ans_c.c.o
                0x000353c8                ble_ans_c_on_db_disc_evt
 .text.ble_ans_c_on_ble_evt
                0x000354f8      0x100 _build/nrf52840_xxaa/ble_ans_c.c.o
                0x000354f8                ble_ans_c_on_ble_evt
 .text.ble_ans_c_init
                0x000355f8       0xa0 _build/nrf52840_xxaa/ble_ans_c.c.o
                0x000355f8                ble_ans_c_init
 .text.ble_ans_c_enable_notif_new_alert
                0x00035698       0x58 _build/nrf52840_xxaa/ble_ans_c.c.o
                0x00035698                ble_ans_c_enable_notif_new_alert
 .text.ble_ans_c_disable_notif_new_alert
                0x000356f0       0x4c _build/nrf52840_xxaa/ble_ans_c.c.o
                0x000356f0                ble_ans_c_disable_notif_new_alert
 .text.ble_ans_c_enable_notif_unread_alert
                0x0003573c       0x58 _build/nrf52840_xxaa/ble_ans_c.c.o
                0x0003573c                ble_ans_c_enable_notif_unread_alert
 .text.ble_ans_c_disable_notif_unread_alert
                0x00035794       0x4c _build/nrf52840_xxaa/ble_ans_c.c.o
                0x00035794                ble_ans_c_disable_notif_unread_alert
 .text.ble_ans_c_control_point_write
                0x000357e0       0x50 _build/nrf52840_xxaa/ble_ans_c.c.o
                0x000357e0                ble_ans_c_control_point_write
 .text.ble_ans_c_new_alert_read
                0x00035830       0x38 _build/nrf52840_xxaa/ble_ans_c.c.o
                0x00035830                ble_ans_c_new_alert_read
 .text.ble_ans_c_unread_alert_read
                0x00035868       0x38 _build/nrf52840_xxaa/ble_ans_c.c.o
                0x00035868                ble_ans_c_unread_alert_read
 .text.ble_ans_c_new_alert_notify
                0x000358a0       0x4c _build/nrf52840_xxaa/ble_ans_c.c.o
                0x000358a0                ble_ans_c_new_alert_notify
 .text.ble_ans_c_unread_alert_notify
                0x000358ec       0x4c _build/nrf52840_xxaa/ble_ans_c.c.o
                0x000358ec                ble_ans_c_unread_alert_notify
 .text.ble_ans_c_handles_assign
                0x00035938       0x98 _build/nrf52840_xxaa/ble_ans_c.c.o
                0x00035938                ble_ans_c_handles_assign
 .text.sd_softdevice_enable
                0x000359d0        0x4 _build/nrf52840_xxaa/nrf_sdh.c.o
 .text.sd_softdevice_disable
                0x000359d4        0x4 _build/nrf52840_xxaa/nrf_sdh.c.o
 .text.nrf_sdh_enable_request
                0x000359d8      0x118 _build/nrf52840_xxaa/nrf_sdh.c.o
                0x000359d8                nrf_sdh_enable_request
 .text.nrf_sdh_disable_request
                0x00035af0       0xec _build/nrf52840_xxaa/nrf_sdh.c.o
                0x00035af0                nrf_sdh_disable_request
 .text.nrf_sdh_request_continue
                0x00035bdc       0x20 _build/nrf52840_xxaa/nrf_sdh.c.o
                0x00035bdc                nrf_sdh_request_continue
 .text.nrf_sdh_is_enabled
                0x00035bfc        0xc _build/nrf52840_xxaa/nrf_sdh.c.o
                0x00035bfc                nrf_sdh_is_enabled
 .text.SWI2_EGU2_IRQHandler
                0x00035c08       0x2c _build/nrf52840_xxaa/nrf_sdh.c.o
                0x00035c08                SWI2_EGU2_IRQHandler
 .text.sd_ble_enable
                0x00035c34        0x4 _build/nrf52840_xxaa/nrf_sdh_ble.c.o
 .text.sd_ble_cfg_set
                0x00035c38        0x4 _build/nrf52840_xxaa/nrf_sdh_ble.c.o
 .text.sd_ble_evt_get
                0x00035c3c        0x4 _build/nrf52840_xxaa/nrf_sdh_ble.c.o
 .text.nrf_sdh_ble_evts_poll
                0x00035c40       0x5c _build/nrf52840_xxaa/nrf_sdh_ble.c.o
 .text.nrf_sdh_ble_default_cfg_set
                0x00035c9c      0x17c _build/nrf52840_xxaa/nrf_sdh_ble.c.o
                0x00035c9c                nrf_sdh_ble_default_cfg_set
 .text.nrf_sdh_ble_enable
                0x00035e18       0xa0 _build/nrf52840_xxaa/nrf_sdh_ble.c.o
                0x00035e18                nrf_sdh_ble_enable
 .text.sd_evt_get
                0x00035eb8        0x4 _build/nrf52840_xxaa/nrf_sdh_soc.c.o
 .text.nrf_sdh_soc_evts_poll
                0x00035ebc       0x4c _build/nrf52840_xxaa/nrf_sdh_soc.c.o
 .text.exit     0x00035f08       0x28 d:/program files (x86)/gnu arm embedded toolchain/9 2020-q2-update/bin/../lib/gcc/arm-none-eabi/9.3.1/../../../../arm-none-eabi/lib/thumb/v7e-m+fp/hard\libc_nano.a(lib_a-exit.o)
                0x00035f08                exit
 .text.__libc_init_array
                0x00035f30       0x48 d:/program files (x86)/gnu arm embedded toolchain/9 2020-q2-update/bin/../lib/gcc/arm-none-eabi/9.3.1/../../../../arm-none-eabi/lib/thumb/v7e-m+fp/hard\libc_nano.a(lib_a-init.o)
                0x00035f30                __libc_init_array
 .text.memcmp   0x00035f78       0x1c d:/program files (x86)/gnu arm embedded toolchain/9 2020-q2-update/bin/../lib/gcc/arm-none-eabi/9.3.1/../../../../arm-none-eabi/lib/thumb/v7e-m+fp/hard\libc_nano.a(lib_a-memcmp.o)
                0x00035f78                memcmp
 .text.memcpy   0x00035f94       0x1c d:/program files (x86)/gnu arm embedded toolchain/9 2020-q2-update/bin/../lib/gcc/arm-none-eabi/9.3.1/../../../../arm-none-eabi/lib/thumb/v7e-m+fp/hard\libc_nano.a(lib_a-memcpy-stub.o)
                0x00035f94                memcpy
 .text.memset   0x00035fb0       0x10 d:/program files (x86)/gnu arm embedded toolchain/9 2020-q2-update/bin/../lib/gcc/arm-none-eabi/9.3.1/../../../../arm-none-eabi/lib/thumb/v7e-m+fp/hard\libc_nano.a(lib_a-memset.o)
                0x00035fb0                memset
 .text          0x00035fc0       0x10 d:/program files (x86)/gnu arm embedded toolchain/9 2020-q2-update/bin/../lib/gcc/arm-none-eabi/9.3.1/../../../../arm-none-eabi/lib/thumb/v7e-m+fp/hard\libc_nano.a(lib_a-strlen.o)
                0x00035fc0                strlen
 .text._exit    0x00035fd0        0x4 d:/program files (x86)/gnu arm embedded toolchain/9 2020-q2-update/bin/../lib/gcc/arm-none-eabi/9.3.1/../../../../arm-none-eabi/lib/thumb/v7e-m+fp/hard\libnosys.a(_exit.o)
                0x00035fd0                _exit
 .text          0x00035fd4       0x30 d:/program files (x86)/gnu arm embedded toolchain/9 2020-q2-update/bin/../lib/gcc/arm-none-eabi/9.3.1/thumb/v7e-m+fp/hard\libgcc.a(_aeabi_uldivmod.o)
                0x00035fd4                __aeabi_uldivmod
 .text          0x00036004      0x2c4 d:/program files (x86)/gnu arm embedded toolchain/9 2020-q2-update/bin/../lib/gcc/arm-none-eabi/9.3.1/thumb/v7e-m+fp/hard\libgcc.a(_udivmoddi4.o)
                0x00036004                __udivmoddi4
 .text          0x000362c8        0x4 d:/program files (x86)/gnu arm embedded toolchain/9 2020-q2-update/bin/../lib/gcc/arm-none-eabi/9.3.1/thumb/v7e-m+fp/hard\libgcc.a(_dvmd_tls.o)
                0x000362c8                __aeabi_idiv0
                0x000362c8                __aeabi_ldiv0
 *(.init)
 .init          0x000362cc        0x4 d:/program files (x86)/gnu arm embedded toolchain/9 2020-q2-update/bin/../lib/gcc/arm-none-eabi/9.3.1/thumb/v7e-m+fp/hard/crti.o
                0x000362cc                _init
 .init          0x000362d0        0x8 d:/program files (x86)/gnu arm embedded toolchain/9 2020-q2-update/bin/../lib/gcc/arm-none-eabi/9.3.1/thumb/v7e-m+fp/hard/crtn.o
 *(.fini)
 .fini          0x000362d8        0x4 d:/program files (x86)/gnu arm embedded toolchain/9 2020-q2-update/bin/../lib/gcc/arm-none-eabi/9.3.1/thumb/v7e-m+fp/hard/crti.o
                0x000362d8                _fini
 .fini          0x000362dc        0x8 d:/program files (x86)/gnu arm embedded toolchain/9 2020-q2-update/bin/../lib/gcc/arm-none-eabi/9.3.1/thumb/v7e-m+fp/hard/crtn.o
 *crtbegin.o(.ctors)
 *crtbegin?.o(.ctors)
 *(EXCLUDE_FILE(*crtend.o *crtend?.o) .ctors)
 *(SORT_BY_NAME(.ctors.*))
 *(.ctors)
 *crtbegin.o(.dtors)
 *crtbegin?.o(.dtors)
 *(EXCLUDE_FILE(*crtend.o *crtend?.o) .dtors)
 *(SORT_BY_NAME(.dtors.*))
 *(.dtors)
 *(.rodata*)
 .rodata        0x000362e4       0x20 _build/nrf52840_xxaa/nrf_log_backend_uart.c.o
 .rodata.nrf_log_backend_uart_api
                0x00036304        0xc _build/nrf52840_xxaa/nrf_log_backend_uart.c.o
                0x00036304                nrf_log_backend_uart_api
 .rodata.str1.4
                0x00036310       0x11 _build/nrf52840_xxaa/nrf_log_default_backends.c.o
 *fill*         0x00036321        0x3 
 .rodata.nrf_log_frontend_dequeue.str1.4
                0x00036324       0x11 _build/nrf52840_xxaa/nrf_log_frontend.c.o
 *fill*         0x00036335        0x3 
 .rodata.str1.4
                0x00036338        0x4 _build/nrf52840_xxaa/nrf_log_frontend.c.o
 .rodata.m_log_push_ringbuf
                0x0003633c        0xc _build/nrf52840_xxaa/nrf_log_frontend.c.o
 .rodata.prefix_process.str1.4
                0x00036348       0x32 _build/nrf52840_xxaa/nrf_log_str_formatter.c.o
                                 0x36 (size before relaxing)
 *fill*         0x0003637a        0x2 
 .rodata.nrf_log_std_entry_process.str1.4
                0x0003637c        0x3 _build/nrf52840_xxaa/nrf_log_str_formatter.c.o
 *fill*         0x0003637f        0x1 
 .rodata.nrf_log_hexdump_entry_process.str1.4
                0x00036380       0x13 _build/nrf52840_xxaa/nrf_log_str_formatter.c.o
                                 0x16 (size before relaxing)
 *fill*         0x00036393        0x1 
 .rodata.str1.4
                0x00036394       0x56 _build/nrf52840_xxaa/nrf_log_str_formatter.c.o
 *fill*         0x000363ea        0x2 
 .rodata.m_colors
                0x000363ec       0x24 _build/nrf52840_xxaa/nrf_log_str_formatter.c.o
 .rodata.severity_names
                0x00036410       0x14 _build/nrf52840_xxaa/nrf_log_str_formatter.c.o
 .rodata.str1.4
                0x00036424        0xb _build/nrf52840_xxaa/app_button.c.o
 *fill*         0x0003642f        0x1 
 .rodata.m_detection_delay_timer_id
                0x00036430        0x4 _build/nrf52840_xxaa/app_button.c.o
 .rodata.app_error_fault_handler.str1.4
                0x00036434       0x19 _build/nrf52840_xxaa/app_error_weak.c.o
 *fill*         0x0003644d        0x3 
 .rodata.str1.4
                0x00036450        0xa _build/nrf52840_xxaa/app_timer2.c.o
 *fill*         0x0003645a        0x2 
 .rodata        0x0003645c        0x4 _build/nrf52840_xxaa/app_timer2.c.o
 .rodata.m_app_timer_sortlist
                0x00036460        0xc _build/nrf52840_xxaa/app_timer2.c.o
 .rodata.drv_rtc_init.str1.4
                0x0003646c       0x36 _build/nrf52840_xxaa/drv_rtc.c.o
 *fill*         0x000364a2        0xe 
 .rodata.delay_machine_code.8841
                0x000364b0        0x6 _build/nrf52840_xxaa/drv_rtc.c.o
 *fill*         0x000364b6        0x2 
 .rodata.dirty_header.9569
                0x000364b8        0x4 _build/nrf52840_xxaa/fds.c.o
 .rodata.page_tag_data.9442
                0x000364bc        0x8 _build/nrf52840_xxaa/fds.c.o
 .rodata.page_tag_swap.9438
                0x000364c4        0x8 _build/nrf52840_xxaa/fds.c.o
 .rodata._aV2C.7901
                0x000364cc       0x10 _build/nrf52840_xxaa/nrf_fprintf_format.c.o
 .rodata.nrf_fstorage_init.str1.4
                0x000364dc       0x3a _build/nrf52840_xxaa/nrf_fstorage.c.o
 *fill*         0x00036516        0x2 
 .rodata.nrf_fstorage_uninit.str1.4
                0x00036518        0xc _build/nrf52840_xxaa/nrf_fstorage.c.o
 .rodata.nrf_fstorage_read.str1.4
                0x00036524       0x4a _build/nrf52840_xxaa/nrf_fstorage.c.o
 *fill*         0x0003656e        0x2 
 .rodata.nrf_fstorage_write.str1.4
                0x00036570       0x97 _build/nrf52840_xxaa/nrf_fstorage.c.o
 *fill*         0x00036607        0x1 
 .rodata.nrf_fstorage_erase.str1.4
                0x00036608       0x77 _build/nrf52840_xxaa/nrf_fstorage.c.o
 *fill*         0x0003667f        0x1 
 .rodata.str1.4
                0x00036680        0xd _build/nrf52840_xxaa/nrf_fstorage.c.o
 *fill*         0x0003668d        0x3 
 .rodata.__func__.8073
                0x00036690       0x12 _build/nrf52840_xxaa/nrf_fstorage.c.o
 *fill*         0x000366a2        0x2 
 .rodata.__func__.8094
                0x000366a4       0x13 _build/nrf52840_xxaa/nrf_fstorage.c.o
 *fill*         0x000366b7        0x1 
 .rodata.__func__.8101
                0x000366b8       0x13 _build/nrf52840_xxaa/nrf_fstorage.c.o
 *fill*         0x000366cb        0x1 
 .rodata.m_flash_info
                0x000366cc        0xc _build/nrf52840_xxaa/nrf_fstorage_sd.c.o
 .rodata.nrf_fstorage_sd
                0x000366d8       0x20 _build/nrf52840_xxaa/nrf_fstorage_sd.c.o
                0x000366d8                nrf_fstorage_sd
 .rodata.str1.4
                0x000366f8        0x9 _build/nrf52840_xxaa/nrf_pwr_mgmt.c.o
 *fill*         0x00036701        0x3 
 .rodata.pwr_mgmt_data
                0x00036704        0xc _build/nrf52840_xxaa/nrf_pwr_mgmt.c.o
 .rodata.str1.4
                0x00036710        0x9 _build/nrf52840_xxaa/nrf_sortlist.c.o
 *fill*         0x00036719        0x3 
 .rodata.str1.4
                0x0003671c      0x3e9 _build/nrf52840_xxaa/nrf_strerror.c.o
 *fill*         0x00036b05        0x3 
 .rodata.m_unknown_str
                0x00036b08       0x13 _build/nrf52840_xxaa/nrf_strerror.c.o
 *fill*         0x00036b1b        0x1 
 .rodata.nrf_strerror_array
                0x00036b1c      0x128 _build/nrf52840_xxaa/nrf_strerror.c.o
 .rodata.CSWTCH.6
                0x00036c44        0x4 _build/nrf52840_xxaa/system_nrf52840.c.o
 .rodata.m_board_btn_list
                0x00036c48        0x4 _build/nrf52840_xxaa/boards.c.o
 .rodata.m_board_led_list
                0x00036c4c        0x4 _build/nrf52840_xxaa/boards.c.o
 .rodata.str1.4
                0x00036c50        0x6 _build/nrf52840_xxaa/nrf_drv_clock.c.o
 *fill*         0x00036c56        0x2 
 .rodata.str1.4
                0x00036c58        0x6 _build/nrf52840_xxaa/nrfx_clock.c.o
 *fill*         0x00036c5e        0x2 
 .rodata.str1.4
                0x00036c60        0x7 _build/nrf52840_xxaa/nrfx_gpiote.c.o
 *fill*         0x00036c67        0x1 
 .rodata.str1.4
                0x00036c68        0x4 _build/nrf52840_xxaa/nrfx_prs.c.o
 .rodata.str1.4
                0x00036c6c        0x5 _build/nrf52840_xxaa/nrfx_uart.c.o
 *fill*         0x00036c71        0x3 
 .rodata.str1.4
                0x00036c74        0x6 _build/nrf52840_xxaa/nrfx_uarte.c.o
 *fill*         0x00036c7a        0x2 
 .rodata.app_buttons
                0x00036c7c       0x20 _build/nrf52840_xxaa/bsp.c.o
 .rodata.m_bsp_alert_tmr
                0x00036c9c        0x4 _build/nrf52840_xxaa/bsp.c.o
 .rodata.m_bsp_button_tmr
                0x00036ca0        0x4 _build/nrf52840_xxaa/bsp.c.o
 .rodata.m_bsp_leds_tmr
                0x00036ca4        0x4 _build/nrf52840_xxaa/bsp.c.o
 .rodata.on_adv_evt.str1.4
                0x00036ca8       0x3d _build/nrf52840_xxaa/main.c.o
 *fill*         0x00036ce5        0x3 
 .rodata.ble_evt_handler.str1.4
                0x00036ce8       0x1b _build/nrf52840_xxaa/main.c.o
 *fill*         0x00036d03        0x1 
 .rodata.on_ans_c_evt.str1.4
                0x00036d04       0xe9 _build/nrf52840_xxaa/main.c.o
 *fill*         0x00036ded        0x3 
 .rodata.bsp_event_handler.str1.4
                0x00036df0       0xe4 _build/nrf52840_xxaa/main.c.o
 .rodata.main.str1.4
                0x00036ed4       0x4d _build/nrf52840_xxaa/main.c.o
 *fill*         0x00036f21        0x3 
 .rodata.str1.4
                0x00036f24       0x84 _build/nrf52840_xxaa/main.c.o
 .rodata.lit_catid
                0x00036fa8       0x28 _build/nrf52840_xxaa/main.c.o
 .rodata.m_ble_gatt_queuereq_queue
                0x00036fd0       0x14 _build/nrf52840_xxaa/main.c.o
 .rodata.ble_db_discovery_on_ble_evt.str1.4
                0x00036fe4      0x10a _build/nrf52840_xxaa/ble_db_discovery.c.o
 *fill*         0x000370ee        0x2 
 .rodata.str1.4
                0x000370f0        0xc _build/nrf52840_xxaa/ble_db_discovery.c.o
 .rodata.db_update_pending_handle.str1.4
                0x000370fc       0x75 _build/nrf52840_xxaa/gatt_cache_manager.c.o
 *fill*         0x00037171        0x3 
 .rodata.local_db_apply_in_evt.str1.4
                0x00037174       0xd1 _build/nrf52840_xxaa/gatt_cache_manager.c.o
 *fill*         0x00037245        0x3 
 .rodata.sc_send_pending_handle.str1.4
                0x00037248       0x40 _build/nrf52840_xxaa/gatt_cache_manager.c.o
 .rodata.gcm_init.str1.4
                0x00037288       0x6f _build/nrf52840_xxaa/gatt_cache_manager.c.o
 *fill*         0x000372f7        0x1 
 .rodata.store_car_value.str1.4
                0x000372f8       0x5d _build/nrf52840_xxaa/gatt_cache_manager.c.o
 *fill*         0x00037355        0x3 
 .rodata.gcm_ble_evt_handler.str1.4
                0x00037358       0xb2 _build/nrf52840_xxaa/gatt_cache_manager.c.o
 *fill*         0x0003740a        0x2 
 .rodata.str1.4
                0x0003740c       0x11 _build/nrf52840_xxaa/gatt_cache_manager.c.o
 *fill*         0x0003741d        0x3 
 .rodata        0x00037420        0x4 _build/nrf52840_xxaa/gatt_cache_manager.c.o
 .rodata.car_value_false.11392
                0x00037424        0x4 _build/nrf52840_xxaa/gatt_cache_manager.c.o
 .rodata.car_value_true.11391
                0x00037428        0x4 _build/nrf52840_xxaa/gatt_cache_manager.c.o
 .rodata.service_changed_pending_set.str1.4
                0x0003742c       0x55 _build/nrf52840_xxaa/gatts_cache_manager.c.o
 *fill*         0x00037481        0x3 
 .rodata.gscm_local_db_cache_update.str1.4
                0x00037484       0x7f _build/nrf52840_xxaa/gatts_cache_manager.c.o
 *fill*         0x00037503        0x1 
 .rodata.gscm_local_db_cache_apply.str1.4
                0x00037504       0x78 _build/nrf52840_xxaa/gatts_cache_manager.c.o
 .rodata.gscm_service_changed_ind_send.str1.4
                0x0003757c       0x4c _build/nrf52840_xxaa/gatts_cache_manager.c.o
 .rodata.str1.4
                0x000375c8       0x12 _build/nrf52840_xxaa/gatts_cache_manager.c.o
 *fill*         0x000375da        0x2 
 .rodata        0x000375dc       0x10 _build/nrf52840_xxaa/gatts_cache_manager.c.o
 .rodata.service_changed_pending.11093
                0x000375ec        0x4 _build/nrf52840_xxaa/gatts_cache_manager.c.o
 .rodata.service_changed_pending.11150
                0x000375f0        0x4 _build/nrf52840_xxaa/gatts_cache_manager.c.o
 .rodata.str1.4
                0x000375f4       0x10 _build/nrf52840_xxaa/id_manager.c.o
 .rodata.data_length_update.constprop.0.str1.4
                0x00037604       0xe2 _build/nrf52840_xxaa/nrf_ble_gatt.c.o
 *fill*         0x000376e6        0x2 
 .rodata.nrf_ble_gatt_on_ble_evt.str1.4
                0x000376e8       0x63 _build/nrf52840_xxaa/nrf_ble_gatt.c.o
 *fill*         0x0003774b        0x1 
 .rodata.str1.4
                0x0003774c        0xd _build/nrf52840_xxaa/nrf_ble_gatt.c.o
 *fill*         0x00037759        0x3 
 .rodata.queue_process.str1.4
                0x0003775c       0x66 _build/nrf52840_xxaa/nrf_ble_gq.c.o
 *fill*         0x000377c2        0x2 
 .rodata.str1.4
                0x000377c4        0xb _build/nrf52840_xxaa/nrf_ble_gq.c.o
 *fill*         0x000377cf        0x1 
 .rodata.m_req_data_alloc
                0x000377d0       0x18 _build/nrf52840_xxaa/nrf_ble_gq.c.o
 .rodata.peer_data_delete_process.str1.4
                0x000377e8       0x4c _build/nrf52840_xxaa/peer_data_storage.c.o
 .rodata.pds_init.str1.4
                0x00037834       0x82 _build/nrf52840_xxaa/peer_data_storage.c.o
 *fill*         0x000378b6        0x2 
 .rodata.pds_peer_data_store.str1.4
                0x000378b8       0x56 _build/nrf52840_xxaa/peer_data_storage.c.o
 *fill*         0x0003790e        0x2 
 .rodata.str1.4
                0x00037910       0x11 _build/nrf52840_xxaa/peer_data_storage.c.o
 *fill*         0x00037921        0x3 
 .rodata.write_buf_store.str1.4
                0x00037924       0x6f _build/nrf52840_xxaa/peer_database.c.o
 *fill*         0x00037993        0x1 
 .rodata.pdb_pds_evt_handler.str1.4
                0x00037994       0x60 _build/nrf52840_xxaa/peer_database.c.o
 .rodata.pdb_init.str1.4
                0x000379f4       0x1e _build/nrf52840_xxaa/peer_database.c.o
 *fill*         0x00037a12        0x2 
 .rodata.pdb_peer_free.str1.4
                0x00037a14       0x52 _build/nrf52840_xxaa/peer_database.c.o
 *fill*         0x00037a66        0x2 
 .rodata.pdb_write_buf_get.str1.4
                0x00037a68       0x74 _build/nrf52840_xxaa/peer_database.c.o
 .rodata.str1.4
                0x00037adc       0x11 _build/nrf52840_xxaa/peer_database.c.o
 *fill*         0x00037aed        0x3 
 .rodata.pm_peer_ranks_get.part.0.str1.4
                0x00037af0       0x48 _build/nrf52840_xxaa/peer_manager.c.o
 .rodata.pm_init.str1.4
                0x00037b38      0x107 _build/nrf52840_xxaa/peer_manager.c.o
 *fill*         0x00037c3f        0x1 
 .rodata.pm_peers_delete.str1.4
                0x00037c40       0x48 _build/nrf52840_xxaa/peer_manager.c.o
 .rodata.pm_peer_rank_highest.str1.4
                0x00037c88       0x40 _build/nrf52840_xxaa/peer_manager.c.o
 .rodata.str1.4
                0x00037cc8        0xd _build/nrf52840_xxaa/peer_manager.c.o
 *fill*         0x00037cd5        0x3 
 .rodata        0x00037cd8        0x8 _build/nrf52840_xxaa/peer_manager.c.o
 .rodata.__func__.11473
                0x00037ce0        0x8 _build/nrf52840_xxaa/peer_manager.c.o
 .rodata.__func__.11659
                0x00037ce8       0x10 _build/nrf52840_xxaa/peer_manager.c.o
 .rodata.delayed_conn_secure.str1.4
                0x00037cf8      0x193 _build/nrf52840_xxaa/peer_manager_handler.c.o
 *fill*         0x00037e8b        0x1 
 .rodata.pm_handler_on_pm_evt.str1.4
                0x00037e8c      0x29b _build/nrf52840_xxaa/peer_manager_handler.c.o
                                0x29f (size before relaxing)
 *fill*         0x00038127        0x1 
 .rodata.pm_handler_flash_clean_on_return.str1.4
                0x00038128       0xa7 _build/nrf52840_xxaa/peer_manager_handler.c.o
 *fill*         0x000381cf        0x1 
 .rodata.str1.4
                0x000381d0      0x121 _build/nrf52840_xxaa/peer_manager_handler.c.o
 *fill*         0x000382f1        0x3 
 .rodata.m_data_action_str
                0x000382f4        0x8 _build/nrf52840_xxaa/peer_manager_handler.c.o
 .rodata.m_data_id_str
                0x000382fc       0x28 _build/nrf52840_xxaa/peer_manager_handler.c.o
 .rodata.m_roles_str
                0x00038324        0xc _build/nrf52840_xxaa/peer_manager_handler.c.o
 .rodata.m_sec_procedure_str
                0x00038330        0xc _build/nrf52840_xxaa/peer_manager_handler.c.o
 .rodata.secure_delay_timer
                0x0003833c        0x4 _build/nrf52840_xxaa/peer_manager_handler.c.o
 .rodata.pairing_failure.str1.4
                0x00038340       0x69 _build/nrf52840_xxaa/security_dispatcher.c.o
 .rodata.smd_init.str1.4
                0x000383a9       0x6f _build/nrf52840_xxaa/security_dispatcher.c.o
 *fill*         0x000383a9        0x3 
 .rodata.smd_params_reply.str1.4
                0x000383ac       0xb2 _build/nrf52840_xxaa/security_dispatcher.c.o
 *fill*         0x0003845e        0x2 
 .rodata.smd_ble_evt_handler.str1.4
                0x00038460      0x1c6 _build/nrf52840_xxaa/security_dispatcher.c.o
 *fill*         0x00038626        0x2 
 .rodata.str1.4
                0x00038628       0x11 _build/nrf52840_xxaa/security_dispatcher.c.o
 *fill*         0x00038639        0x3 
 .rodata.events_send_from_err_code.str1.4
                0x0003863c      0x123 _build/nrf52840_xxaa/security_manager.c.o
 *fill*         0x0003875f        0x1 
 .rodata.link_secure.str1.4
                0x00038760       0x55 _build/nrf52840_xxaa/security_manager.c.o
 .rodata.sm_init.str1.4
                0x000387b5       0x6f _build/nrf52840_xxaa/security_manager.c.o
 *fill*         0x000387b5        0x3 
 .rodata.str1.4
                0x000387b8       0x10 _build/nrf52840_xxaa/security_manager.c.o
 .rodata.str1.4
                0x000387c8        0xa _build/nrf52840_xxaa/ble_ans_c.c.o
 *fill*         0x000387d2        0x2 
 .rodata.str1.4
                0x000387d4        0x8 _build/nrf52840_xxaa/nrf_sdh.c.o
 .rodata        0x000387dc        0x4 _build/nrf52840_xxaa/nrf_sdh.c.o
 .rodata.sdh_req_observers
                0x000387e0        0xc _build/nrf52840_xxaa/nrf_sdh.c.o
 .rodata.sdh_stack_observers
                0x000387ec        0xc _build/nrf52840_xxaa/nrf_sdh.c.o
 .rodata.sdh_state_observers
                0x000387f8        0xc _build/nrf52840_xxaa/nrf_sdh.c.o
 .rodata.nrf_sdh_ble_default_cfg_set.str1.4
                0x00038804      0x187 _build/nrf52840_xxaa/nrf_sdh_ble.c.o
 *fill*         0x0003898b        0x1 
 .rodata.nrf_sdh_ble_enable.str1.4
                0x0003898c       0xad _build/nrf52840_xxaa/nrf_sdh_ble.c.o
 *fill*         0x00038a39        0x3 
 .rodata.str1.4
                0x00038a3c        0xc _build/nrf52840_xxaa/nrf_sdh_ble.c.o
 .rodata.sdh_ble_observers
                0x00038a48        0xc _build/nrf52840_xxaa/nrf_sdh_ble.c.o
 .rodata.str1.4
                0x00038a54        0xc _build/nrf52840_xxaa/nrf_sdh_soc.c.o
 .rodata.sdh_soc_observers
                0x00038a60        0xc _build/nrf52840_xxaa/nrf_sdh_soc.c.o
 .rodata._ctype_
                0x00038a6c      0x101 d:/program files (x86)/gnu arm embedded toolchain/9 2020-q2-update/bin/../lib/gcc/arm-none-eabi/9.3.1/../../../../arm-none-eabi/lib/thumb/v7e-m+fp/hard\libc_nano.a(lib_a-ctype_.o)
                0x00038a6c                _ctype_
 *fill*         0x00038b6d        0x3 
 .rodata._global_impure_ptr
                0x00038b70        0x4 d:/program files (x86)/gnu arm embedded toolchain/9 2020-q2-update/bin/../lib/gcc/arm-none-eabi/9.3.1/../../../../arm-none-eabi/lib/thumb/v7e-m+fp/hard\libc_nano.a(lib_a-impure.o)
                0x00038b70                _global_impure_ptr
 *(.eh_frame*)
 .eh_frame      0x00038b74        0x0 d:/program files (x86)/gnu arm embedded toolchain/9 2020-q2-update/bin/../lib/gcc/arm-none-eabi/9.3.1/thumb/v7e-m+fp/hard/crtbegin.o
 .eh_frame      0x00038b74        0x4 d:/program files (x86)/gnu arm embedded toolchain/9 2020-q2-update/bin/../lib/gcc/arm-none-eabi/9.3.1/thumb/v7e-m+fp/hard/crtend.o

.glue_7         0x00038b78        0x0
 .glue_7        0x00038b78        0x0 linker stubs

.glue_7t        0x00038b78        0x0
 .glue_7t       0x00038b78        0x0 linker stubs

.vfp11_veneer   0x00038b78        0x0
 .vfp11_veneer  0x00038b78        0x0 linker stubs

.v4_bx          0x00038b78        0x0
 .v4_bx         0x00038b78        0x0 linker stubs

.iplt           0x00038b78        0x0
 .iplt          0x00038b78        0x0 d:/program files (x86)/gnu arm embedded toolchain/9 2020-q2-update/bin/../lib/gcc/arm-none-eabi/9.3.1/thumb/v7e-m+fp/hard/crtbegin.o

.mem_section_dummy_rom

.sdh_soc_observers
                0x00038b78       0x10
                0x00038b78                PROVIDE (__start_sdh_soc_observers = .)
 *(SORT_BY_NAME(.sdh_soc_observers*))
 .sdh_soc_observers0
                0x00038b78        0x8 _build/nrf52840_xxaa/nrf_fstorage_sd.c.o
 .sdh_soc_observers0
                0x00038b80        0x8 _build/nrf52840_xxaa/nrf_drv_clock.c.o
                0x00038b88                PROVIDE (__stop_sdh_soc_observers = .)

.pwr_mgmt_data  0x00038b88        0x0
                0x00038b88                PROVIDE (__start_pwr_mgmt_data = .)
 *(SORT_BY_NAME(.pwr_mgmt_data*))
                0x00038b88                PROVIDE (__stop_pwr_mgmt_data = .)

.sdh_ble_observers
                0x00038b88       0x58
                0x00038b88                PROVIDE (__start_sdh_ble_observers = .)
 *(SORT_BY_NAME(.sdh_ble_observers*))
 .sdh_ble_observers0
                0x00038b88        0x8 _build/nrf52840_xxaa/ble_conn_state.c.o
 .sdh_ble_observers1
                0x00038b90        0x8 _build/nrf52840_xxaa/bsp_btn_ble.c.o
 .sdh_ble_observers1
                0x00038b98       0x20 _build/nrf52840_xxaa/main.c.o
 .sdh_ble_observers1
                0x00038bb8        0x8 _build/nrf52840_xxaa/ble_conn_params.c.o
 .sdh_ble_observers1
                0x00038bc0        0x8 _build/nrf52840_xxaa/peer_manager.c.o
 .sdh_ble_observers2
                0x00038bc8       0x10 _build/nrf52840_xxaa/main.c.o
 .sdh_ble_observers3
                0x00038bd8        0x8 _build/nrf52840_xxaa/main.c.o
                0x00038be0                PROVIDE (__stop_sdh_ble_observers = .)

.nrf_queue      0x00038be0       0x14
                [!provide]                PROVIDE (__start_nrf_queue = .)
 *(.nrf_queue)
 .nrf_queue     0x00038be0       0x14 _build/nrf52840_xxaa/main.c.o
                0x00038be0                m_ble_gatt_queuepurge_queue
                [!provide]                PROVIDE (__stop_nrf_queue = .)

.sdh_req_observers
                0x00038bf4        0x8
                0x00038bf4                PROVIDE (__start_sdh_req_observers = .)
 *(SORT_BY_NAME(.sdh_req_observers*))
 .sdh_req_observers0
                0x00038bf4        0x8 _build/nrf52840_xxaa/nrf_fstorage_sd.c.o
                0x00038bf4                m_req_obs
                0x00038bfc                PROVIDE (__stop_sdh_req_observers = .)

.sdh_state_observers
                0x00038bfc       0x10
                0x00038bfc                PROVIDE (__start_sdh_state_observers = .)
 *(SORT_BY_NAME(.sdh_state_observers*))
 .sdh_state_observers0
                0x00038bfc        0x8 _build/nrf52840_xxaa/nrf_fstorage_sd.c.o
 .sdh_state_observers0
                0x00038c04        0x8 _build/nrf52840_xxaa/nrf_drv_clock.c.o
                0x00038c0c                PROVIDE (__stop_sdh_state_observers = .)

.sdh_stack_observers
                0x00038c0c       0x10
                0x00038c0c                PROVIDE (__start_sdh_stack_observers = .)
 *(SORT_BY_NAME(.sdh_stack_observers*))
 .sdh_stack_observers0
                0x00038c0c        0x8 _build/nrf52840_xxaa/nrf_sdh_ble.c.o
 .sdh_stack_observers0
                0x00038c14        0x8 _build/nrf52840_xxaa/nrf_sdh_soc.c.o
                0x00038c1c                PROVIDE (__stop_sdh_stack_observers = .)

.nrf_balloc     0x00038c1c       0x28
                [!provide]                PROVIDE (__start_nrf_balloc = .)
 *(.nrf_balloc)
 .nrf_balloc    0x00038c1c       0x14 _build/nrf52840_xxaa/nrf_log_frontend.c.o
                0x00038c1c                log_mempool
 .nrf_balloc    0x00038c30       0x14 _build/nrf52840_xxaa/main.c.o
                0x00038c30                m_ble_gatt_queuepool
                [!provide]                PROVIDE (__stop_nrf_balloc = .)

.cli_command    0x00038c44        0x0
                [!provide]                PROVIDE (__start_cli_command = .)
 *(.cli_command)
                [!provide]                PROVIDE (__stop_cli_command = .)

.crypto_data    0x00038c44        0x0
                [!provide]                PROVIDE (__start_crypto_data = .)
 *(SORT_BY_NAME(.crypto_data*))
                [!provide]                PROVIDE (__stop_crypto_data = .)

.log_const_data
                0x00038c44       0xe0
                0x00038c44                PROVIDE (__start_log_const_data = .)
 *(SORT_BY_NAME(.log_const_data*))
 .log_const_data_CLOCK
                0x00038c44        0x8 _build/nrf52840_xxaa/nrfx_clock.c.o
                0x00038c44                m_nrf_log_CLOCK_logs_data_const
 .log_const_data_GPIOTE
                0x00038c4c        0x8 _build/nrf52840_xxaa/nrfx_gpiote.c.o
                0x00038c4c                m_nrf_log_GPIOTE_logs_data_const
 .log_const_data_PRS
                0x00038c54        0x8 _build/nrf52840_xxaa/nrfx_prs.c.o
                0x00038c54                m_nrf_log_PRS_logs_data_const
 .log_const_data_UART
                0x00038c5c        0x8 _build/nrf52840_xxaa/nrfx_uart.c.o
                0x00038c5c                m_nrf_log_UART_logs_data_const
 .log_const_data_UARTE
                0x00038c64        0x8 _build/nrf52840_xxaa/nrfx_uarte.c.o
                0x00038c64                m_nrf_log_UARTE_logs_data_const
 .log_const_data_app
                0x00038c6c        0x8 _build/nrf52840_xxaa/nrf_log_frontend.c.o
                0x00038c6c                m_nrf_log_app_logs_data_const
 .log_const_data_app_button
                0x00038c74        0x8 _build/nrf52840_xxaa/app_button.c.o
                0x00038c74                m_nrf_log_app_button_logs_data_const
 .log_const_data_app_timer
                0x00038c7c        0x8 _build/nrf52840_xxaa/app_timer2.c.o
                0x00038c7c                m_nrf_log_app_timer_logs_data_const
 .log_const_data_ble_ans_c
                0x00038c84        0x8 _build/nrf52840_xxaa/ble_ans_c.c.o
                0x00038c84                m_nrf_log_ble_ans_c_logs_data_const
 .log_const_data_ble_db_disc
                0x00038c8c        0x8 _build/nrf52840_xxaa/ble_db_discovery.c.o
                0x00038c8c                m_nrf_log_ble_db_disc_logs_data_const
 .log_const_data_clock
                0x00038c94        0x8 _build/nrf52840_xxaa/nrf_drv_clock.c.o
                0x00038c94                m_nrf_log_clock_logs_data_const
 .log_const_data_nrf_ble_gatt
                0x00038c9c        0x8 _build/nrf52840_xxaa/nrf_ble_gatt.c.o
                0x00038c9c                m_nrf_log_nrf_ble_gatt_logs_data_const
 .log_const_data_nrf_ble_gq
                0x00038ca4        0x8 _build/nrf52840_xxaa/nrf_ble_gq.c.o
                0x00038ca4                m_nrf_log_nrf_ble_gq_logs_data_const
 .log_const_data_nrf_fstorage
                0x00038cac        0x8 _build/nrf52840_xxaa/nrf_fstorage.c.o
                0x00038cac                m_nrf_log_nrf_fstorage_logs_data_const
 .log_const_data_nrf_sdh
                0x00038cb4        0x8 _build/nrf52840_xxaa/nrf_sdh.c.o
                0x00038cb4                m_nrf_log_nrf_sdh_logs_data_const
 .log_const_data_nrf_sdh_ble
                0x00038cbc        0x8 _build/nrf52840_xxaa/nrf_sdh_ble.c.o
                0x00038cbc                m_nrf_log_nrf_sdh_ble_logs_data_const
 .log_const_data_nrf_sdh_soc
                0x00038cc4        0x8 _build/nrf52840_xxaa/nrf_sdh_soc.c.o
                0x00038cc4                m_nrf_log_nrf_sdh_soc_logs_data_const
 .log_const_data_peer_manager
                0x00038ccc        0x8 _build/nrf52840_xxaa/peer_manager.c.o
                0x00038ccc                m_nrf_log_peer_manager_logs_data_const
 .log_const_data_peer_manager_gcm
                0x00038cd4        0x8 _build/nrf52840_xxaa/gatt_cache_manager.c.o
                0x00038cd4                m_nrf_log_peer_manager_gcm_logs_data_const
 .log_const_data_peer_manager_gscm
                0x00038cdc        0x8 _build/nrf52840_xxaa/gatts_cache_manager.c.o
                0x00038cdc                m_nrf_log_peer_manager_gscm_logs_data_const
 .log_const_data_peer_manager_handler
                0x00038ce4        0x8 _build/nrf52840_xxaa/peer_manager_handler.c.o
                0x00038ce4                m_nrf_log_peer_manager_handler_logs_data_const
 .log_const_data_peer_manager_im
                0x00038cec        0x8 _build/nrf52840_xxaa/id_manager.c.o
                0x00038cec                m_nrf_log_peer_manager_im_logs_data_const
 .log_const_data_peer_manager_pdb
                0x00038cf4        0x8 _build/nrf52840_xxaa/peer_database.c.o
                0x00038cf4                m_nrf_log_peer_manager_pdb_logs_data_const
 .log_const_data_peer_manager_pds
                0x00038cfc        0x8 _build/nrf52840_xxaa/peer_data_storage.c.o
                0x00038cfc                m_nrf_log_peer_manager_pds_logs_data_const
 .log_const_data_peer_manager_sm
                0x00038d04        0x8 _build/nrf52840_xxaa/security_manager.c.o
                0x00038d04                m_nrf_log_peer_manager_sm_logs_data_const
 .log_const_data_peer_manager_smd
                0x00038d0c        0x8 _build/nrf52840_xxaa/security_dispatcher.c.o
                0x00038d0c                m_nrf_log_peer_manager_smd_logs_data_const
 .log_const_data_pwr_mgmt
                0x00038d14        0x8 _build/nrf52840_xxaa/nrf_pwr_mgmt.c.o
                0x00038d14                m_nrf_log_pwr_mgmt_logs_data_const
 .log_const_data_sortlist
                0x00038d1c        0x8 _build/nrf52840_xxaa/nrf_sortlist.c.o
                0x00038d1c                m_nrf_log_sortlist_logs_data_const
                0x00038d24                PROVIDE (__stop_log_const_data = .)

.log_backends   0x00038d24       0x10
                [!provide]                PROVIDE (__start_log_backends = .)
 *(SORT_BY_NAME(.log_backends*))
 .log_backends  0x00038d24       0x10 _build/nrf52840_xxaa/nrf_log_default_backends.c.o
                [!provide]                PROVIDE (__stop_log_backends = .)

.ARM.extab
 *(.ARM.extab* .gnu.linkonce.armextab.*)
                0x00038d34                __exidx_start = .

.ARM.exidx      0x00038d34        0x8
 *(.ARM.exidx* .gnu.linkonce.armexidx.*)