Archive member included to satisfy reference by file (symbol)

d:/program files (x86)/gnu arm embedded toolchain/9 2020-q2-update/bin/../lib/gcc/arm-none-eabi/9.3.1/../../../../arm-none-eabi/lib/thumb/v7e-m+fp/hard\libc_nano.a(lib_a-ctype_.o)
                              _build/nrf52840_xxaa/nrf_log_str_formatter.c.o (_ctype_)
d:/program files (x86)/gnu arm embedded toolchain/9 2020-q2-update/bin/../lib/gcc/arm-none-eabi/9.3.1/../../../../arm-none-eabi/lib/thumb/v7e-m+fp/hard\libc_nano.a(lib_a-exit.o)
                              d:/program files (x86)/gnu arm embedded toolchain/9 2020-q2-update/bin/../lib/gcc/arm-none-eabi/9.3.1/../../../../arm-none-eabi/lib/thumb/v7e-m+fp/hard/crt0.o (exit)
d:/program files (x86)/gnu arm embedded toolchain/9 2020-q2-update/bin/../lib/gcc/arm-none-eabi/9.3.1/../../../../arm-none-eabi/lib/thumb/v7e-m+fp/hard\libc_nano.a(lib_a-impure.o)
                              d:/program files (x86)/gnu arm embedded toolchain/9 2020-q2-update/bin/../lib/gcc/arm-none-eabi/9.3.1/../../../../arm-none-eabi/lib/thumb/v7e-m+fp/hard\libc_nano.a(lib_a-exit.o) (_global_impure_ptr)
d:/program files (x86)/gnu arm embedded toolchain/9 2020-q2-update/bin/../lib/gcc/arm-none-eabi/9.3.1/../../../../arm-none-eabi/lib/thumb/v7e-m+fp/hard\libc_nano.a(lib_a-init.o)
                              d:/program files (x86)/gnu arm embedded toolchain/9 2020-q2-update/bin/../lib/gcc/arm-none-eabi/9.3.1/../../../../arm-none-eabi/lib/thumb/v7e-m+fp/hard/crt0.o (__libc_init_array)
d:/program files (x86)/gnu arm embedded toolchain/9 2020-q2-update/bin/../lib/gcc/arm-none-eabi/9.3.1/../../../../arm-none-eabi/lib/thumb/v7e-m+fp/hard\libc_nano.a(lib_a-memcmp.o)
                              _build/nrf52840_xxaa/ble_advdata.c.o (memcmp)
d:/program files (x86)/gnu arm embedded toolchain/9 2020-q2-update/bin/../lib/gcc/arm-none-eabi/9.3.1/../../../../arm-none-eabi/lib/thumb/v7e-m+fp/hard\libc_nano.a(lib_a-memcpy-stub.o)
                              _build/nrf52840_xxaa/nrf_log_frontend.c.o (memcpy)
d:/program files (x86)/gnu arm embedded toolchain/9 2020-q2-update/bin/../lib/gcc/arm-none-eabi/9.3.1/../../../../arm-none-eabi/lib/thumb/v7e-m+fp/hard\libc_nano.a(lib_a-memset.o)
                              d:/program files (x86)/gnu arm embedded toolchain/9 2020-q2-update/bin/../lib/gcc/arm-none-eabi/9.3.1/../../../../arm-none-eabi/lib/thumb/v7e-m+fp/hard/crt0.o (memset)
d:/program files (x86)/gnu arm embedded toolchain/9 2020-q2-update/bin/../lib/gcc/arm-none-eabi/9.3.1/../../../../arm-none-eabi/lib/thumb/v7e-m+fp/hard\libc_nano.a(lib_a-strcpy.o)
                              _build/nrf52840_xxaa/SEGGER_RTT.c.o (strcpy)
d:/program files (x86)/gnu arm embedded toolchain/9 2020-q2-update/bin/../lib/gcc/arm-none-eabi/9.3.1/../../../../arm-none-eabi/lib/thumb/v7e-m+fp/hard\libc_nano.a(lib_a-strlen.o)
                              _build/nrf52840_xxaa/nrf_log_frontend.c.o (strlen)
d:/program files (x86)/gnu arm embedded toolchain/9 2020-q2-update/bin/../lib/gcc/arm-none-eabi/9.3.1/../../../../arm-none-eabi/lib/thumb/v7e-m+fp/hard\libnosys.a(_exit.o)
                              d:/program files (x86)/gnu arm embedded toolchain/9 2020-q2-update/bin/../lib/gcc/arm-none-eabi/9.3.1/../../../../arm-none-eabi/lib/thumb/v7e-m+fp/hard\libc_nano.a(lib_a-exit.o) (_exit)

Allocating common symbols
Common symbol       size              file

nrf_nvic_state      0xc               _build/nrf52840_xxaa/app_util_platform.c.o
nrf_drv_uart_use_easy_dma
                    0x2               _build/nrf52840_xxaa/nrf_drv_uart.c.o
_SEGGER_RTT         0x78              _build/nrf52840_xxaa/SEGGER_RTT.c.o

Discarded input sections

 .text          0x00000000        0x0 d:/program files (x86)/gnu arm embedded toolchain/9 2020-q2-update/bin/../lib/gcc/arm-none-eabi/9.3.1/thumb/v7e-m+fp/hard/crti.o
 .data          0x00000000        0x0 d:/program files (x86)/gnu arm embedded toolchain/9 2020-q2-update/bin/../lib/gcc/arm-none-eabi/9.3.1/thumb/v7e-m+fp/hard/crti.o
 .bss           0x00000000        0x0 d:/program files (x86)/gnu arm embedded toolchain/9 2020-q2-update/bin/../lib/gcc/arm-none-eabi/9.3.1/thumb/v7e-m+fp/hard/crti.o
 .data          0x00000000        0x4 d:/program files (x86)/gnu arm embedded toolchain/9 2020-q2-update/bin/../lib/gcc/arm-none-eabi/9.3.1/thumb/v7e-m+fp/hard/crtbegin.o
 .data          0x00000000        0x0 d:/program files (x86)/gnu arm embedded toolchain/9 2020-q2-update/bin/../lib/gcc/arm-none-eabi/9.3.1/../../../../arm-none-eabi/lib/thumb/v7e-m+fp/hard/crt0.o
 .bss           0x00000000        0x0 d:/program files (x86)/gnu arm embedded toolchain/9 2020-q2-update/bin/../lib/gcc/arm-none-eabi/9.3.1/../../../../arm-none-eabi/lib/thumb/v7e-m+fp/hard/crt0.o
 .ARM.extab     0x00000000        0x0 d:/program files (x86)/gnu arm embedded toolchain/9 2020-q2-update/bin/../lib/gcc/arm-none-eabi/9.3.1/../../../../arm-none-eabi/lib/thumb/v7e-m+fp/hard/crt0.o
[...]
Memory Configuration

Name             Origin             Length             Attributes
FLASH            0x00027000         0x000d9000         xr
RAM              0x20002300         0x0003dd00         xrw
*default*        0x00000000         0xffffffff

Linker script and memory map


.text           0x00027000     0x6bdc
 *(.isr_vector)
 .isr_vector    0x00027000      0x200 _build/nrf52840_xxaa/gcc_startup_nrf52840.S.o
                0x00027000                __isr_vector
 *(.text*)
 .text          0x00027200       0x40 d:/program files (x86)/gnu arm embedded toolchain/9 2020-q2-update/bin/../lib/gcc/arm-none-eabi/9.3.1/thumb/v7e-m+fp/hard/crtbegin.o
 .text          0x00027240       0x7c d:/program files (x86)/gnu arm embedded toolchain/9 2020-q2-update/bin/../lib/gcc/arm-none-eabi/9.3.1/../../../../arm-none-eabi/lib/thumb/v7e-m+fp/hard/crt0.o
                0x00027240                _stack_init
                0x00027248                _start
                0x00027248                _mainCRTStartup
 .text          0x000272bc       0x3c _build/nrf52840_xxaa/gcc_startup_nrf52840.S.o
                0x000272bc                Reset_Handler
                0x000272e4                NMI_Handler
                0x000272e6                HardFault_Handler
                0x000272e8                MemoryManagement_Handler
                0x000272ea                BusFault_Handler
                0x000272ec                UsageFault_Handler
                0x000272ee                SVC_Handler
                0x000272f0                DebugMon_Handler
                0x000272f2                PendSV_Handler
                0x000272f4                SysTick_Handler
                0x000272f6                PDM_IRQHandler
                0x000272f6                TEMP_IRQHandler
                0x000272f6                QDEC_IRQHandler
                0x000272f6                TIMER3_IRQHandler
                0x000272f6                PWM3_IRQHandler
                0x000272f6                RTC0_IRQHandler
                0x000272f6                USBD_IRQHandler
                0x000272f6                SPIM0_SPIS0_TWIM0_TWIS0_SPI0_TWI0_IRQHandler
                0x000272f6                PWM1_IRQHandler
                0x000272f6                TIMER4_IRQHandler
                0x000272f6                RADIO_IRQHandler
                0x000272f6                I2S_IRQHandler
                0x000272f6                SWI4_EGU4_IRQHandler
                0x000272f6                FPU_IRQHandler
                0x000272f6                TIMER2_IRQHandler
                0x000272f6                UARTE1_IRQHandler
                0x000272f6                TIMER1_IRQHandler
                0x000272f6                SPIM3_IRQHandler
                0x000272f6                PWM2_IRQHandler
                0x000272f6                ECB_IRQHandler
                0x000272f6                SPIM1_SPIS1_TWIM1_TWIS1_SPI1_TWI1_IRQHandler
                0x000272f6                Default_Handler
                0x000272f6                SAADC_IRQHandler
                0x000272f6                CCM_AAR_IRQHandler
                0x000272f6                WDT_IRQHandler
                0x000272f6                CRYPTOCELL_IRQHandler
                0x000272f6                SWI5_EGU5_IRQHandler
                0x000272f6                RNG_IRQHandler
                0x000272f6                RTC2_IRQHandler
                0x000272f6                PWM0_IRQHandler
                0x000272f6                SWI3_EGU3_IRQHandler
                0x000272f6                SWI1_EGU1_IRQHandler
                0x000272f6                SPIM2_SPIS2_SPI2_IRQHandler
                0x000272f6                NFCT_IRQHandler
                0x000272f6                SWI0_EGU0_IRQHandler
                0x000272f6                MWU_IRQHandler
                0x000272f6                TIMER0_IRQHandler
                0x000272f6                QSPI_IRQHandler
                0x000272f6                COMP_LPCOMP_IRQHandler
 .text.nrf_log_backend_serial_put
                0x000272f8       0xd8 _build/nrf52840_xxaa/nrf_log_backend_serial.c.o
                0x000272f8                nrf_log_backend_serial_put
 .text.uart_evt_handler
                0x000273d0        0xc _build/nrf52840_xxaa/nrf_log_backend_uart.c.o
 .text.nrf_log_backend_uart_flush
                0x000273dc        0x4 _build/nrf52840_xxaa/nrf_log_backend_uart.c.o
 .text.nrf_log_backend_uart_put
                0x000273e0       0x20 _build/nrf52840_xxaa/nrf_log_backend_uart.c.o
 .text.serial_tx
                0x00027400       0x4c _build/nrf52840_xxaa/nrf_log_backend_uart.c.o
 .text.nrf_log_backend_uart_panic_set
                0x0002744c       0x7c _build/nrf52840_xxaa/nrf_log_backend_uart.c.o
 .text.nrf_log_backend_uart_init
                0x000274c8       0x68 _build/nrf52840_xxaa/nrf_log_backend_uart.c.o
                0x000274c8                nrf_log_backend_uart_init
 .text.nrf_log_default_backends_init
                0x00027530       0x20 _build/nrf52840_xxaa/nrf_log_default_backends.c.o
                0x00027530                nrf_log_default_backends_init
 .text.nrf_log_init
                0x00027550       0x28 _build/nrf52840_xxaa/nrf_log_frontend.c.o
                0x00027550                nrf_log_init
 .text.nrf_log_module_name_get
                0x00027578       0x48 _build/nrf52840_xxaa/nrf_log_frontend.c.o
                0x00027578                nrf_log_module_name_get
 .text.nrf_log_color_id_get
                0x000275c0       0x2c _build/nrf52840_xxaa/nrf_log_frontend.c.o
                0x000275c0                nrf_log_color_id_get
 .text.nrf_log_frontend_dequeue
                0x000275ec      0x250 _build/nrf52840_xxaa/nrf_log_frontend.c.o
                0x000275ec                nrf_log_frontend_dequeue
 .text.nrf_log_frontend_std_0
                0x0002783c      0x188 _build/nrf52840_xxaa/nrf_log_frontend.c.o
                0x0002783c                nrf_log_frontend_std_0
 .text.nrf_log_frontend_std_1
                0x000279c4      0x19c _build/nrf52840_xxaa/nrf_log_frontend.c.o
                0x000279c4                nrf_log_frontend_std_1
 .text.nrf_log_frontend_std_2
                0x00027b60      0x1b0 _build/nrf52840_xxaa/nrf_log_frontend.c.o
                0x00027b60                nrf_log_frontend_std_2
 .text.nrf_log_backend_add
                0x00027d10       0x5c _build/nrf52840_xxaa/nrf_log_frontend.c.o
                0x00027d10                nrf_log_backend_add
 .text.nrf_log_panic
                0x00027d6c       0x28 _build/nrf52840_xxaa/nrf_log_frontend.c.o
                0x00027d6c                nrf_log_panic
 .text.prefix_process
                0x00027d94       0x80 _build/nrf52840_xxaa/nrf_log_str_formatter.c.o
 .text.nrf_log_std_entry_process
                0x00027e14       0xf0 _build/nrf52840_xxaa/nrf_log_str_formatter.c.o
                0x00027e14                nrf_log_std_entry_process
 .text.nrf_log_hexdump_entry_process
                0x00027f04       0xfc _build/nrf52840_xxaa/nrf_log_str_formatter.c.o
                0x00027f04                nrf_log_hexdump_entry_process
 .text.gpiote_event_handler
                0x00028000       0x74 _build/nrf52840_xxaa/app_button.c.o
 .text.detection_delay_timeout_handler
                0x00028074      0x264 _build/nrf52840_xxaa/app_button.c.o
 .text.app_button_init
                0x000282d8       0xc0 _build/nrf52840_xxaa/app_button.c.o
                0x000282d8                app_button_init
 .text.app_button_enable
                0x00028398       0x2c _build/nrf52840_xxaa/app_button.c.o
                0x00028398                app_button_enable
 .text.app_button_disable
                0x000283c4       0x5c _build/nrf52840_xxaa/app_button.c.o
                0x000283c4                app_button_disable
 .text.app_error_handler_bare
                0x00028420       0x20 _build/nrf52840_xxaa/app_error.c.o
                0x00028420                app_error_handler_bare
 .text.app_error_fault_handler
                0x00028440       0x70 _build/nrf52840_xxaa/app_error_weak.c.o
                0x00028440                app_error_fault_handler
 .text.compare_func
                0x000284b0       0x18 _build/nrf52840_xxaa/app_timer2.c.o
 .text.rtc_irq  0x000284c8      0x318 _build/nrf52840_xxaa/app_timer2.c.o
 .text.app_timer_init
                0x000287e0       0x6c _build/nrf52840_xxaa/app_timer2.c.o
                0x000287e0                app_timer_init
 .text.app_timer_create
                0x0002884c       0x1c _build/nrf52840_xxaa/app_timer2.c.o
                0x0002884c                app_timer_create
 .text.app_timer_start
                0x00028868       0x8c _build/nrf52840_xxaa/app_timer2.c.o
                0x00028868                app_timer_start
 .text.app_timer_stop
                0x000288f4       0x44 _build/nrf52840_xxaa/app_timer2.c.o
                0x000288f4                app_timer_stop
 .text.app_util_critical_region_enter
                0x00028938       0x4c _build/nrf52840_xxaa/app_util_platform.c.o
                0x00028938                app_util_critical_region_enter
 .text.app_util_critical_region_exit
                0x00028984       0x30 _build/nrf52840_xxaa/app_util_platform.c.o
                0x00028984                app_util_critical_region_exit
 .text.drv_rtc_init
                0x000289b4       0xc0 _build/nrf52840_xxaa/drv_rtc.c.o
                0x000289b4                drv_rtc_init
 .text.drv_rtc_start
                0x00028a74        0x8 _build/nrf52840_xxaa/drv_rtc.c.o
                0x00028a74                drv_rtc_start
 .text.drv_rtc_stop
                0x00028a7c        0x8 _build/nrf52840_xxaa/drv_rtc.c.o
                0x00028a7c                drv_rtc_stop
 .text.drv_rtc_compare_set
                0x00028a84       0x4c _build/nrf52840_xxaa/drv_rtc.c.o
                0x00028a84                drv_rtc_compare_set
 .text.drv_rtc_windowed_compare_set
                0x00028ad0       0xf8 _build/nrf52840_xxaa/drv_rtc.c.o
                0x00028ad0                drv_rtc_windowed_compare_set
 .text.drv_rtc_overflow_enable
                0x00028bc8       0x14 _build/nrf52840_xxaa/drv_rtc.c.o
                0x00028bc8                drv_rtc_overflow_enable
 .text.drv_rtc_overflow_pending
                0x00028bdc       0x20 _build/nrf52840_xxaa/drv_rtc.c.o
                0x00028bdc                drv_rtc_overflow_pending
 .text.drv_rtc_compare_disable
                0x00028bfc       0x18 _build/nrf52840_xxaa/drv_rtc.c.o
                0x00028bfc                drv_rtc_compare_disable
 .text.drv_rtc_compare_pending
                0x00028c14       0x20 _build/nrf52840_xxaa/drv_rtc.c.o
                0x00028c14                drv_rtc_compare_pending
 .text.drv_rtc_counter_get
                0x00028c34        0x8 _build/nrf52840_xxaa/drv_rtc.c.o
                0x00028c34                drv_rtc_counter_get
 .text.drv_rtc_irq_trigger
                0x00028c3c       0x24 _build/nrf52840_xxaa/drv_rtc.c.o
                0x00028c3c                drv_rtc_irq_trigger
 .text.RTC1_IRQHandler
                0x00028c60       0x14 _build/nrf52840_xxaa/drv_rtc.c.o
                0x00028c60                RTC1_IRQHandler
 .text.nrf_atfifo_init
                0x00028c74       0x30 _build/nrf52840_xxaa/nrf_atfifo.c.o
                0x00028c74                nrf_atfifo_init
 .text.nrf_atfifo_item_alloc
                0x00028ca4       0x5c _build/nrf52840_xxaa/nrf_atfifo.c.o
                0x00028ca4                nrf_atfifo_item_alloc
 .text.nrf_atfifo_item_put
                0x00028d00       0x20 _build/nrf52840_xxaa/nrf_atfifo.c.o
                0x00028d00                nrf_atfifo_item_put
 .text.nrf_atfifo_item_get
                0x00028d20       0x60 _build/nrf52840_xxaa/nrf_atfifo.c.o
                0x00028d20                nrf_atfifo_item_get
 .text.nrf_atfifo_item_free
                0x00028d80       0x20 _build/nrf52840_xxaa/nrf_atfifo.c.o
                0x00028d80                nrf_atfifo_item_free
 .text.nrf_atflags_set
                0x00028da0       0x14 _build/nrf52840_xxaa/nrf_atflags.c.o
                0x00028da0                nrf_atflags_set
 .text.nrf_atflags_clear
                0x00028db4       0x14 _build/nrf52840_xxaa/nrf_atflags.c.o
                0x00028db4                nrf_atflags_clear
 .text.nrf_atflags_get
                0x00028dc8       0x14 _build/nrf52840_xxaa/nrf_atflags.c.o
                0x00028dc8                nrf_atflags_get
 .text.nrf_atomic_u32_fetch_store
                0x00028ddc       0x1c _build/nrf52840_xxaa/nrf_atomic.c.o
                0x00028ddc                nrf_atomic_u32_fetch_store
 .text.nrf_atomic_u32_or
                0x00028df8       0x1c _build/nrf52840_xxaa/nrf_atomic.c.o
                0x00028df8                nrf_atomic_u32_or
 .text.nrf_atomic_u32_and
                0x00028e14       0x1c _build/nrf52840_xxaa/nrf_atomic.c.o
                0x00028e14                nrf_atomic_u32_and
 .text.nrf_atomic_u32_add
                0x00028e30       0x1c _build/nrf52840_xxaa/nrf_atomic.c.o
                0x00028e30                nrf_atomic_u32_add
 .text.nrf_atomic_u32_sub
                0x00028e4c       0x1c _build/nrf52840_xxaa/nrf_atomic.c.o
                0x00028e4c                nrf_atomic_u32_sub
 .text.nrf_atomic_flag_set
                0x00028e68       0x20 _build/nrf52840_xxaa/nrf_atomic.c.o
                0x00028e68                nrf_atomic_flag_set
 .text.nrf_atomic_flag_clear_fetch
                0x00028e88       0x20 _build/nrf52840_xxaa/nrf_atomic.c.o
                0x00028e88                nrf_atomic_flag_clear_fetch
 .text.nrf_balloc_init
                0x00028ea8       0x38 _build/nrf52840_xxaa/nrf_balloc.c.o
                0x00028ea8                nrf_balloc_init
 .text.nrf_balloc_alloc
                0x00028ee0       0x50 _build/nrf52840_xxaa/nrf_balloc.c.o
                0x00028ee0                nrf_balloc_alloc
 .text.nrf_balloc_free
                0x00028f30       0x38 _build/nrf52840_xxaa/nrf_balloc.c.o
                0x00028f30                nrf_balloc_free
 .text.nrf_fprintf_buffer_flush
                0x00028f68       0x18 _build/nrf52840_xxaa/nrf_fprintf.c.o
                0x00028f68                nrf_fprintf_buffer_flush
 .text.nrf_fprintf
                0x00028f80       0x20 _build/nrf52840_xxaa/nrf_fprintf.c.o
                0x00028f80                nrf_fprintf
 .text.unsigned_print
                0x00028fa0      0x14c _build/nrf52840_xxaa/nrf_fprintf_format.c.o
 .text.nrf_fprintf_fmt
                0x000290ec      0x5cc _build/nrf52840_xxaa/nrf_fprintf_format.c.o
                0x000290ec                nrf_fprintf_fmt
 .text.nrf_memobj_pool_init
                0x000296b8        0x4 _build/nrf52840_xxaa/nrf_memobj.c.o
                0x000296b8                nrf_memobj_pool_init
 .text.nrf_memobj_alloc
                0x000296bc       0x94 _build/nrf52840_xxaa/nrf_memobj.c.o
                0x000296bc                nrf_memobj_alloc
 .text.nrf_memobj_get
                0x00029750        0x8 _build/nrf52840_xxaa/nrf_memobj.c.o
                0x00029750                nrf_memobj_get
 .text.nrf_memobj_put
                0x00029758       0x58 _build/nrf52840_xxaa/nrf_memobj.c.o
                0x00029758                nrf_memobj_put
 .text.nrf_memobj_write
                0x000297b0       0x68 _build/nrf52840_xxaa/nrf_memobj.c.o
                0x000297b0                nrf_memobj_write
 .text.nrf_memobj_read
                0x00029818       0x68 _build/nrf52840_xxaa/nrf_memobj.c.o
                0x00029818                nrf_memobj_read
 .text.sd_app_evt_wait
                0x00029880        0x4 _build/nrf52840_xxaa/nrf_pwr_mgmt.c.o
 .text.nrf_pwr_mgmt_init
                0x00029884       0x2c _build/nrf52840_xxaa/nrf_pwr_mgmt.c.o
                0x00029884                nrf_pwr_mgmt_init
 .text.nrf_pwr_mgmt_run
                0x000298b0       0x54 _build/nrf52840_xxaa/nrf_pwr_mgmt.c.o
                0x000298b0                nrf_pwr_mgmt_run
 .text.nrf_ringbuf_init
                0x00029904       0x1c _build/nrf52840_xxaa/nrf_ringbuf.c.o
                0x00029904                nrf_ringbuf_init
 .text.nrf_section_iter_init
                0x00029920       0x14 _build/nrf52840_xxaa/nrf_section_iter.c.o
                0x00029920                nrf_section_iter_init
 .text.nrf_section_iter_next
                0x00029934       0x18 _build/nrf52840_xxaa/nrf_section_iter.c.o
                0x00029934                nrf_section_iter_next
 .text.nrf_sortlist_add
                0x0002994c       0x28 _build/nrf52840_xxaa/nrf_sortlist.c.o
                0x0002994c                nrf_sortlist_add
 .text.nrf_sortlist_pop
                0x00029974        0xc _build/nrf52840_xxaa/nrf_sortlist.c.o
                0x00029974                nrf_sortlist_pop
 .text.nrf_sortlist_peek
                0x00029980        0x8 _build/nrf52840_xxaa/nrf_sortlist.c.o
                0x00029980                nrf_sortlist_peek
 .text.nrf_sortlist_remove
                0x00029988       0x1c _build/nrf52840_xxaa/nrf_sortlist.c.o
                0x00029988                nrf_sortlist_remove
 .text.nrf_strerror_get
                0x000299a4       0x50 _build/nrf52840_xxaa/nrf_strerror.c.o
                0x000299a4                nrf_strerror_get
 .text.SystemInit
                0x000299f4      0x220 _build/nrf52840_xxaa/system_nrf52840.c.o
                0x000299f4                SystemInit
 .text.bsp_board_led_on
                0x00029c14       0x24 _build/nrf52840_xxaa/boards.c.o
                0x00029c14                bsp_board_led_on
 .text.bsp_board_led_off
                0x00029c38       0x24 _build/nrf52840_xxaa/boards.c.o
                0x00029c38                bsp_board_led_off
 .text.bsp_board_init
                0x00029c5c       0x5c _build/nrf52840_xxaa/boards.c.o
                0x00029c5c                bsp_board_init
 .text.clock_irq_handler
                0x00029cb8       0x44 _build/nrf52840_xxaa/nrf_drv_clock.c.o
 .text.soc_evt_handler
                0x00029cfc       0x28 _build/nrf52840_xxaa/nrf_drv_clock.c.o
 .text.sd_state_evt_handler
                0x00029d24       0xc8 _build/nrf52840_xxaa/nrf_drv_clock.c.o
 .text.uarte_evt_handler
                0x00029dec       0x34 _build/nrf52840_xxaa/nrf_drv_uart.c.o
 .text.uart_evt_handler
                0x00029e20       0x34 _build/nrf52840_xxaa/nrf_drv_uart.c.o
 .text.nrf_drv_uart_init
                0x00029e54       0x88 _build/nrf52840_xxaa/nrf_drv_uart.c.o
                0x00029e54                nrf_drv_uart_init
 .text.nrfx_clock_init
                0x00029edc       0x18 _build/nrf52840_xxaa/nrfx_clock.c.o
                0x00029edc                nrfx_clock_init
 .text.nrfx_clock_enable
                0x00029ef4       0x24 _build/nrf52840_xxaa/nrfx_clock.c.o
                0x00029ef4                nrfx_clock_enable
 .text.nrfx_clock_lfclk_stop
                0x00029f18       0x38 _build/nrf52840_xxaa/nrfx_clock.c.o
                0x00029f18                nrfx_clock_lfclk_stop
 .text.POWER_CLOCK_IRQHandler
                0x00029f50       0x6c _build/nrf52840_xxaa/nrfx_clock.c.o
                0x00029f50                POWER_CLOCK_IRQHandler
 .text.nrfx_gpiote_init
                0x00029fbc       0xb0 _build/nrf52840_xxaa/nrfx_gpiote.c.o
                0x00029fbc                nrfx_gpiote_init
 .text.nrfx_gpiote_is_init
                0x0002a06c       0x14 _build/nrf52840_xxaa/nrfx_gpiote.c.o
                0x0002a06c                nrfx_gpiote_is_init
 .text.nrfx_gpiote_in_init
                0x0002a080      0x1e4 _build/nrf52840_xxaa/nrfx_gpiote.c.o
                0x0002a080                nrfx_gpiote_in_init
 .text.nrfx_gpiote_in_event_enable
                0x0002a264       0xd8 _build/nrf52840_xxaa/nrfx_gpiote.c.o
                0x0002a264                nrfx_gpiote_in_event_enable
 .text.nrfx_gpiote_in_event_disable
                0x0002a33c       0x74 _build/nrf52840_xxaa/nrfx_gpiote.c.o
                0x0002a33c                nrfx_gpiote_in_event_disable
 .text.nrfx_gpiote_in_is_set
                0x0002a3b0       0x20 _build/nrf52840_xxaa/nrfx_gpiote.c.o
                0x0002a3b0                nrfx_gpiote_in_is_set
 .text.GPIOTE_IRQHandler
                0x0002a3d0      0x500 _build/nrf52840_xxaa/nrfx_gpiote.c.o
                0x0002a3d0                GPIOTE_IRQHandler
 .text.UARTE0_UART0_IRQHandler
                0x0002a8d0        0xc _build/nrf52840_xxaa/nrfx_prs.c.o
                0x0002a8d0                UARTE0_UART0_IRQHandler
 .text.nrfx_prs_acquire
                0x0002a8dc       0x50 _build/nrf52840_xxaa/nrfx_prs.c.o
                0x0002a8dc                nrfx_prs_acquire
 .text.nrfx_prs_release
                0x0002a92c       0x18 _build/nrf52840_xxaa/nrfx_prs.c.o
                0x0002a92c                nrfx_prs_release
 .text.nrfx_uart_0_irq_handler
                0x0002a944      0x1c4 _build/nrf52840_xxaa/nrfx_uart.c.o
                0x0002a944                nrfx_uart_0_irq_handler
 .text.nrfx_uart_init
                0x0002ab08      0x1f0 _build/nrf52840_xxaa/nrfx_uart.c.o
                0x0002ab08                nrfx_uart_init
 .text.nrfx_uart_uninit
                0x0002acf8      0x10c _build/nrf52840_xxaa/nrfx_uart.c.o
                0x0002acf8                nrfx_uart_uninit
 .text.nrfx_uart_tx
                0x0002ae04       0xd0 _build/nrf52840_xxaa/nrfx_uart.c.o
                0x0002ae04                nrfx_uart_tx
 .text.nrfx_uarte_0_irq_handler
                0x0002aed4      0x168 _build/nrf52840_xxaa/nrfx_uarte.c.o
                0x0002aed4                nrfx_uarte_0_irq_handler
 .text.nrfx_uarte_init
                0x0002b03c      0x228 _build/nrf52840_xxaa/nrfx_uarte.c.o
                0x0002b03c                nrfx_uarte_init
 .text.nrfx_uarte_uninit
                0x0002b264      0x170 _build/nrf52840_xxaa/nrfx_uarte.c.o
                0x0002b264                nrfx_uarte_uninit
 .text.nrfx_uarte_tx
                0x0002b3d4       0xb4 _build/nrf52840_xxaa/nrfx_uarte.c.o
                0x0002b3d4                nrfx_uarte_tx
 .text.sd_ble_gap_adv_set_configure
                0x0002b488        0x4 _build/nrf52840_xxaa/main.c.o
 .text.sd_ble_gap_adv_start
                0x0002b48c        0x4 _build/nrf52840_xxaa/main.c.o
 .text.sd_ble_gap_disconnect
                0x0002b490        0x4 _build/nrf52840_xxaa/main.c.o
 .text.sd_ble_gap_ppcp_set
                0x0002b494        0x4 _build/nrf52840_xxaa/main.c.o
 .text.sd_ble_gap_device_name_set
                0x0002b498        0x4 _build/nrf52840_xxaa/main.c.o
 .text.sd_ble_gap_sec_params_reply
                0x0002b49c        0x4 _build/nrf52840_xxaa/main.c.o
 .text.sd_ble_gap_phy_update
                0x0002b4a0        0x4 _build/nrf52840_xxaa/main.c.o
 .text.sd_ble_gatts_sys_attr_set
                0x0002b4a4        0x4 _build/nrf52840_xxaa/main.c.o
 .text.nrf_qwr_error_handler
                0x0002b4a8        0x4 _build/nrf52840_xxaa/main.c.o
 .text.on_conn_params_evt
                0x0002b4ac       0x24 _build/nrf52840_xxaa/main.c.o
 .text.button_event_handler
                0x0002b4d0       0x60 _build/nrf52840_xxaa/main.c.o
 .text.led_write_handler
                0x0002b530       0x40 _build/nrf52840_xxaa/main.c.o
 .text.conn_params_error_handler
                0x0002b570        0x4 _build/nrf52840_xxaa/main.c.o
 .text.ble_evt_handler
                0x0002b574      0x134 _build/nrf52840_xxaa/main.c.o
 .text.startup.main
                0x0002b6a8      0x280 _build/nrf52840_xxaa/main.c.o
                0x0002b6a8                main
 .text.sd_ble_gap_addr_get
                0x0002b928        0x4 _build/nrf52840_xxaa/ble_advdata.c.o
 .text.sd_ble_gap_appearance_get
                0x0002b92c        0x4 _build/nrf52840_xxaa/ble_advdata.c.o
 .text.sd_ble_gap_device_name_get
                0x0002b930        0x4 _build/nrf52840_xxaa/ble_advdata.c.o
 .text.sd_ble_uuid_encode
                0x0002b934        0x4 _build/nrf52840_xxaa/ble_advdata.c.o
 .text.uuid_list_sized_encode.isra.0
                0x0002b938       0xf0 _build/nrf52840_xxaa/ble_advdata.c.o
 .text.ble_advdata_encode
                0x0002ba28      0x40c _build/nrf52840_xxaa/ble_advdata.c.o
                0x0002ba28                ble_advdata_encode
 .text.sd_ble_gap_conn_param_update
                0x0002be34        0x4 _build/nrf52840_xxaa/ble_conn_params.c.o
 .text.sd_ble_gap_disconnect
                0x0002be38        0x4 _build/nrf52840_xxaa/ble_conn_params.c.o
 .text.sd_ble_gap_ppcp_set
                0x0002be3c        0x4 _build/nrf52840_xxaa/ble_conn_params.c.o
 .text.sd_ble_gap_ppcp_get
                0x0002be40        0x4 _build/nrf52840_xxaa/ble_conn_params.c.o
 .text.update_timeout_handler
                0x0002be44       0x78 _build/nrf52840_xxaa/ble_conn_params.c.o
 .text.ble_evt_handler
                0x0002bebc      0x1d4 _build/nrf52840_xxaa/ble_conn_params.c.o
 .text.ble_conn_params_init
                0x0002c090       0x78 _build/nrf52840_xxaa/ble_conn_params.c.o
                0x0002c090                ble_conn_params_init
 .text.ble_evt_handler
                0x0002c108      0x160 _build/nrf52840_xxaa/ble_conn_state.c.o
 .text.sd_ble_gatts_characteristic_add
                0x0002c268        0x4 _build/nrf52840_xxaa/ble_srv_common.c.o
 .text.ble_srv_is_notification_enabled
                0x0002c26c        0x8 _build/nrf52840_xxaa/ble_srv_common.c.o
                0x0002c26c                ble_srv_is_notification_enabled
 .text.characteristic_add
                0x0002c274      0x278 _build/nrf52840_xxaa/ble_srv_common.c.o
                0x0002c274                characteristic_add
 .text.sd_ble_gap_data_length_update
                0x0002c4ec        0x4 _build/nrf52840_xxaa/nrf_ble_gatt.c.o
 .text.sd_ble_gattc_exchange_mtu_request
                0x0002c4f0        0x4 _build/nrf52840_xxaa/nrf_ble_gatt.c.o
 .text.sd_ble_gatts_exchange_mtu_reply
                0x0002c4f4        0x4 _build/nrf52840_xxaa/nrf_ble_gatt.c.o
 .text.data_length_update.constprop.0
                0x0002c4f8       0x8c _build/nrf52840_xxaa/nrf_ble_gatt.c.o
 .text.nrf_ble_gatt_init
                0x0002c584       0x28 _build/nrf52840_xxaa/nrf_ble_gatt.c.o
                0x0002c584                nrf_ble_gatt_init
 .text.nrf_ble_gatt_on_ble_evt
                0x0002c5ac      0x1c8 _build/nrf52840_xxaa/nrf_ble_gatt.c.o
                0x0002c5ac                nrf_ble_gatt_on_ble_evt
 .text.sd_ble_gatts_rw_authorize_reply
                0x0002c774        0x4 _build/nrf52840_xxaa/nrf_ble_qwr.c.o
 .text.sd_ble_user_mem_reply
                0x0002c778        0x4 _build/nrf52840_xxaa/nrf_ble_qwr.c.o
 .text.nrf_ble_qwr_init
                0x0002c77c       0x24 _build/nrf52840_xxaa/nrf_ble_qwr.c.o
                0x0002c77c                nrf_ble_qwr_init
 .text.nrf_ble_qwr_conn_handle_assign
                0x0002c7a0       0x18 _build/nrf52840_xxaa/nrf_ble_qwr.c.o
                0x0002c7a0                nrf_ble_qwr_conn_handle_assign
 .text.nrf_ble_qwr_on_ble_evt
                0x0002c7b8       0xf4 _build/nrf52840_xxaa/nrf_ble_qwr.c.o
                0x0002c7b8                nrf_ble_qwr_on_ble_evt
 .text.sd_ble_gatts_service_add
                0x0002c8ac        0x4 _build/nrf52840_xxaa/ble_lbs.c.o
 .text.sd_ble_gatts_hvx
                0x0002c8b0        0x4 _build/nrf52840_xxaa/ble_lbs.c.o
 .text.sd_ble_uuid_vs_add
                0x0002c8b4        0x4 _build/nrf52840_xxaa/ble_lbs.c.o
 .text.ble_lbs_on_ble_evt
                0x0002c8b8       0x30 _build/nrf52840_xxaa/ble_lbs.c.o
                0x0002c8b8                ble_lbs_on_ble_evt
 .text.ble_lbs_init
                0x0002c8e8       0xd0 _build/nrf52840_xxaa/ble_lbs.c.o
                0x0002c8e8                ble_lbs_init
 .text.ble_lbs_on_button_change
                0x0002c9b8       0x40 _build/nrf52840_xxaa/ble_lbs.c.o
                0x0002c9b8                ble_lbs_on_button_change
 .text.sd_softdevice_enable
                0x0002c9f8        0x4 _build/nrf52840_xxaa/nrf_sdh.c.o
 .text.nrf_sdh_enable_request
                0x0002c9fc      0x118 _build/nrf52840_xxaa/nrf_sdh.c.o
                0x0002c9fc                nrf_sdh_enable_request
 .text.nrf_sdh_is_enabled
                0x0002cb14        0xc _build/nrf52840_xxaa/nrf_sdh.c.o
                0x0002cb14                nrf_sdh_is_enabled
 .text.SWI2_EGU2_IRQHandler
                0x0002cb20       0x2c _build/nrf52840_xxaa/nrf_sdh.c.o
                0x0002cb20                SWI2_EGU2_IRQHandler
 .text.sd_ble_enable
                0x0002cb4c        0x4 _build/nrf52840_xxaa/nrf_sdh_ble.c.o
 .text.sd_ble_cfg_set
                0x0002cb50        0x4 _build/nrf52840_xxaa/nrf_sdh_ble.c.o
 .text.sd_ble_evt_get
                0x0002cb54        0x4 _build/nrf52840_xxaa/nrf_sdh_ble.c.o
 .text.nrf_sdh_ble_evts_poll
                0x0002cb58       0x5c _build/nrf52840_xxaa/nrf_sdh_ble.c.o
 .text.nrf_sdh_ble_default_cfg_set
                0x0002cbb4      0x17c _build/nrf52840_xxaa/nrf_sdh_ble.c.o
                0x0002cbb4                nrf_sdh_ble_default_cfg_set
 .text.nrf_sdh_ble_enable
                0x0002cd30       0xa0 _build/nrf52840_xxaa/nrf_sdh_ble.c.o
                0x0002cd30                nrf_sdh_ble_enable
 .text.sd_evt_get
                0x0002cdd0        0x4 _build/nrf52840_xxaa/nrf_sdh_soc.c.o
 .text.nrf_sdh_soc_evts_poll
                0x0002cdd4       0x4c _build/nrf52840_xxaa/nrf_sdh_soc.c.o
 .text.exit     0x0002ce20       0x28 d:/program files (x86)/gnu arm embedded toolchain/9 2020-q2-update/bin/../lib/gcc/arm-none-eabi/9.3.1/../../../../arm-none-eabi/lib/thumb/v7e-m+fp/hard\libc_nano.a(lib_a-exit.o)
                0x0002ce20                exit
 .text.__libc_init_array
                0x0002ce48       0x48 d:/program files (x86)/gnu arm embedded toolchain/9 2020-q2-update/bin/../lib/gcc/arm-none-eabi/9.3.1/../../../../arm-none-eabi/lib/thumb/v7e-m+fp/hard\libc_nano.a(lib_a-init.o)
                0x0002ce48                __libc_init_array
 .text.memcpy   0x0002ce90       0x1c d:/program files (x86)/gnu arm embedded toolchain/9 2020-q2-update/bin/../lib/gcc/arm-none-eabi/9.3.1/../../../../arm-none-eabi/lib/thumb/v7e-m+fp/hard\libc_nano.a(lib_a-memcpy-stub.o)
                0x0002ce90                memcpy
 .text.memset   0x0002ceac       0x10 d:/program files (x86)/gnu arm embedded toolchain/9 2020-q2-update/bin/../lib/gcc/arm-none-eabi/9.3.1/../../../../arm-none-eabi/lib/thumb/v7e-m+fp/hard\libc_nano.a(lib_a-memset.o)
                0x0002ceac                memset
 .text          0x0002cebc       0x10 d:/program files (x86)/gnu arm embedded toolchain/9 2020-q2-update/bin/../lib/gcc/arm-none-eabi/9.3.1/../../../../arm-none-eabi/lib/thumb/v7e-m+fp/hard\libc_nano.a(lib_a-strlen.o)
                0x0002cebc                strlen
 .text._exit    0x0002cecc        0x4 d:/program files (x86)/gnu arm embedded toolchain/9 2020-q2-update/bin/../lib/gcc/arm-none-eabi/9.3.1/../../../../arm-none-eabi/lib/thumb/v7e-m+fp/hard\libnosys.a(_exit.o)
                0x0002cecc                _exit
 *(.init)
 .init          0x0002ced0        0x4 d:/program files (x86)/gnu arm embedded toolchain/9 2020-q2-update/bin/../lib/gcc/arm-none-eabi/9.3.1/thumb/v7e-m+fp/hard/crti.o
                0x0002ced0                _init
 .init          0x0002ced4        0x8 d:/program files (x86)/gnu arm embedded toolchain/9 2020-q2-update/bin/../lib/gcc/arm-none-eabi/9.3.1/thumb/v7e-m+fp/hard/crtn.o
 *(.fini)
 .fini          0x0002cedc        0x4 d:/program files (x86)/gnu arm embedded toolchain/9 2020-q2-update/bin/../lib/gcc/arm-none-eabi/9.3.1/thumb/v7e-m+fp/hard/crti.o
                0x0002cedc                _fini
 .fini          0x0002cee0        0x8 d:/program files (x86)/gnu arm embedded toolchain/9 2020-q2-update/bin/../lib/gcc/arm-none-eabi/9.3.1/thumb/v7e-m+fp/hard/crtn.o
 *crtbegin.o(.ctors)
 *crtbegin?.o(.ctors)
 *(EXCLUDE_FILE(*crtend.o *crtend?.o) .ctors)
 *(SORT_BY_NAME(.ctors.*))
 *(.ctors)
 *crtbegin.o(.dtors)
 *crtbegin?.o(.dtors)
 *(EXCLUDE_FILE(*crtend.o *crtend?.o) .dtors)
 *(SORT_BY_NAME(.dtors.*))
 *(.dtors)
 *(.rodata*)
 .rodata        0x0002cee8       0x20 _build/nrf52840_xxaa/nrf_log_backend_uart.c.o
 .rodata.nrf_log_backend_uart_api
                0x0002cf08        0xc _build/nrf52840_xxaa/nrf_log_backend_uart.c.o
                0x0002cf08                nrf_log_backend_uart_api
 .rodata.str1.4
                0x0002cf14       0x11 _build/nrf52840_xxaa/nrf_log_default_backends.c.o
 *fill*         0x0002cf25        0x3 
 .rodata.nrf_log_frontend_dequeue.str1.4
                0x0002cf28       0x11 _build/nrf52840_xxaa/nrf_log_frontend.c.o
 *fill*         0x0002cf39        0x3 
 .rodata.str1.4
                0x0002cf3c        0x4 _build/nrf52840_xxaa/nrf_log_frontend.c.o
 .rodata.m_log_push_ringbuf
                0x0002cf40        0xc _build/nrf52840_xxaa/nrf_log_frontend.c.o
 .rodata.prefix_process.str1.4
                0x0002cf4c       0x36 _build/nrf52840_xxaa/nrf_log_str_formatter.c.o
 *fill*         0x0002cf82        0x2 
 .rodata.nrf_log_std_entry_process.str1.4
                0x0002cf84        0x3 _build/nrf52840_xxaa/nrf_log_str_formatter.c.o
 *fill*         0x0002cf87        0x1 
 .rodata.nrf_log_hexdump_entry_process.str1.4
                0x0002cf88       0x13 _build/nrf52840_xxaa/nrf_log_str_formatter.c.o
                                 0x16 (size before relaxing)
 *fill*         0x0002cf9b        0x1 
 .rodata.str1.4
                0x0002cf9c       0x56 _build/nrf52840_xxaa/nrf_log_str_formatter.c.o
 *fill*         0x0002cff2        0x2 
 .rodata.m_colors
                0x0002cff4       0x24 _build/nrf52840_xxaa/nrf_log_str_formatter.c.o
 .rodata.severity_names
                0x0002d018       0x14 _build/nrf52840_xxaa/nrf_log_str_formatter.c.o
 .rodata.str1.4
                0x0002d02c        0xb _build/nrf52840_xxaa/app_button.c.o
 *fill*         0x0002d037        0x1 
 .rodata.m_detection_delay_timer_id
                0x0002d038        0x4 _build/nrf52840_xxaa/app_button.c.o
 .rodata.app_error_fault_handler.str1.4
                0x0002d03c       0x19 _build/nrf52840_xxaa/app_error_weak.c.o
 *fill*         0x0002d055        0x3 
 .rodata.str1.4
                0x0002d058        0xa _build/nrf52840_xxaa/app_timer2.c.o
 *fill*         0x0002d062        0x2 
 .rodata        0x0002d064        0x4 _build/nrf52840_xxaa/app_timer2.c.o
 .rodata.m_app_timer_sortlist
                0x0002d068        0xc _build/nrf52840_xxaa/app_timer2.c.o
 .rodata.drv_rtc_init.str1.4
                0x0002d074       0x36 _build/nrf52840_xxaa/drv_rtc.c.o
 *fill*         0x0002d0aa        0x6 
 .rodata.delay_machine_code.8841
                0x0002d0b0        0x6 _build/nrf52840_xxaa/drv_rtc.c.o
 *fill*         0x0002d0b6        0x2 
 .rodata._aV2C.7901
                0x0002d0b8       0x10 _build/nrf52840_xxaa/nrf_fprintf_format.c.o
 .rodata.str1.4
                0x0002d0c8        0x9 _build/nrf52840_xxaa/nrf_pwr_mgmt.c.o
 *fill*         0x0002d0d1        0x3 
 .rodata.pwr_mgmt_data
                0x0002d0d4        0xc _build/nrf52840_xxaa/nrf_pwr_mgmt.c.o
 .rodata.str1.4
                0x0002d0e0        0x9 _build/nrf52840_xxaa/nrf_sortlist.c.o
 *fill*         0x0002d0e9        0x3 
 .rodata.str1.4
                0x0002d0ec      0x3e9 _build/nrf52840_xxaa/nrf_strerror.c.o
 *fill*         0x0002d4d5        0x3 
 .rodata.m_unknown_str
                0x0002d4d8       0x13 _build/nrf52840_xxaa/nrf_strerror.c.o
 *fill*         0x0002d4eb        0x1 
 .rodata.nrf_strerror_array
                0x0002d4ec      0x128 _build/nrf52840_xxaa/nrf_strerror.c.o
 .rodata.CSWTCH.6
                0x0002d614        0x4 _build/nrf52840_xxaa/system_nrf52840.c.o
 .rodata.m_board_led_list
                0x0002d618        0x4 _build/nrf52840_xxaa/boards.c.o
 .rodata.str1.4
                0x0002d61c        0x6 _build/nrf52840_xxaa/nrf_drv_clock.c.o
 *fill*         0x0002d622        0x2 
 .rodata.str1.4
                0x0002d624        0x6 _build/nrf52840_xxaa/nrfx_clock.c.o
 *fill*         0x0002d62a        0x2 
 .rodata.str1.4
                0x0002d62c        0x7 _build/nrf52840_xxaa/nrfx_gpiote.c.o
 *fill*         0x0002d633        0x1 
 .rodata.str1.4
                0x0002d634        0x4 _build/nrf52840_xxaa/nrfx_prs.c.o
 .rodata.str1.4
                0x0002d638        0x5 _build/nrf52840_xxaa/nrfx_uart.c.o
 *fill*         0x0002d63d        0x3 
 .rodata.str1.4
                0x0002d640        0x6 _build/nrf52840_xxaa/nrfx_uarte.c.o
 *fill*         0x0002d646        0x2 
 .rodata.button_event_handler.str1.4
                0x0002d648       0x1a _build/nrf52840_xxaa/main.c.o
 *fill*         0x0002d662        0x2 
 .rodata.led_write_handler.str1.4
                0x0002d664       0x26 _build/nrf52840_xxaa/main.c.o
 *fill*         0x0002d68a        0x2 
 .rodata.ble_evt_handler.str1.4
                0x0002d68c       0x19 _build/nrf52840_xxaa/main.c.o
 *fill*         0x0002d6a5        0x3 
 .rodata.main.str1.4
                0x0002d6a8       0x28 _build/nrf52840_xxaa/main.c.o
 .rodata.data_length_update.constprop.0.str1.4
                0x0002d6d0       0xe2 _build/nrf52840_xxaa/nrf_ble_gatt.c.o
 *fill*         0x0002d7b2        0x2 
 .rodata.nrf_ble_gatt_on_ble_evt.str1.4
                0x0002d7b4       0x63 _build/nrf52840_xxaa/nrf_ble_gatt.c.o
 *fill*         0x0002d817        0x1 
 .rodata.str1.4
                0x0002d818        0xd _build/nrf52840_xxaa/nrf_ble_gatt.c.o
 *fill*         0x0002d825        0x3 
 .rodata        0x0002d828       0x10 _build/nrf52840_xxaa/ble_lbs.c.o
 .rodata.str1.4
                0x0002d838        0x8 _build/nrf52840_xxaa/nrf_sdh.c.o
 .rodata        0x0002d840        0x4 _build/nrf52840_xxaa/nrf_sdh.c.o
 .rodata.sdh_req_observers
                0x0002d844        0xc _build/nrf52840_xxaa/nrf_sdh.c.o
 .rodata.sdh_stack_observers
                0x0002d850        0xc _build/nrf52840_xxaa/nrf_sdh.c.o
 .rodata.sdh_state_observers
                0x0002d85c        0xc _build/nrf52840_xxaa/nrf_sdh.c.o
 .rodata.nrf_sdh_ble_default_cfg_set.str1.4
                0x0002d868      0x187 _build/nrf52840_xxaa/nrf_sdh_ble.c.o
 *fill*         0x0002d9ef        0x1 
 .rodata.nrf_sdh_ble_enable.str1.4
                0x0002d9f0       0xad _build/nrf52840_xxaa/nrf_sdh_ble.c.o
 *fill*         0x0002da9d        0x3 
 .rodata.str1.4
                0x0002daa0        0xc _build/nrf52840_xxaa/nrf_sdh_ble.c.o
 .rodata.sdh_ble_observers
                0x0002daac        0xc _build/nrf52840_xxaa/nrf_sdh_ble.c.o
 .rodata.str1.4
                0x0002dab8        0xc _build/nrf52840_xxaa/nrf_sdh_soc.c.o
 .rodata.sdh_soc_observers
                0x0002dac4        0xc _build/nrf52840_xxaa/nrf_sdh_soc.c.o
 .rodata._ctype_
                0x0002dad0      0x101 d:/program files (x86)/gnu arm embedded toolchain/9 2020-q2-update/bin/../lib/gcc/arm-none-eabi/9.3.1/../../../../arm-none-eabi/lib/thumb/v7e-m+fp/hard\libc_nano.a(lib_a-ctype_.o)
                0x0002dad0                _ctype_
 *fill*         0x0002dbd1        0x3 
 .rodata._global_impure_ptr
                0x0002dbd4        0x4 d:/program files (x86)/gnu arm embedded toolchain/9 2020-q2-update/bin/../lib/gcc/arm-none-eabi/9.3.1/../../../../arm-none-eabi/lib/thumb/v7e-m+fp/hard\libc_nano.a(lib_a-impure.o)
                0x0002dbd4                _global_impure_ptr
 *(.eh_frame*)
 .eh_frame      0x0002dbd8        0x0 d:/program files (x86)/gnu arm embedded toolchain/9 2020-q2-update/bin/../lib/gcc/arm-none-eabi/9.3.1/thumb/v7e-m+fp/hard/crtbegin.o
 .eh_frame      0x0002dbd8        0x4 d:/program files (x86)/gnu arm embedded toolchain/9 2020-q2-update/bin/../lib/gcc/arm-none-eabi/9.3.1/thumb/v7e-m+fp/hard/crtend.o

.glue_7         0x0002dbdc        0x0
 .glue_7        0x0002dbdc        0x0 linker stubs

.glue_7t        0x0002dbdc        0x0
 .glue_7t       0x0002dbdc        0x0 linker stubs

.vfp11_veneer   0x0002dbdc        0x0
 .vfp11_veneer  0x0002dbdc        0x0 linker stubs

.v4_bx          0x0002dbdc        0x0
 .v4_bx         0x0002dbdc        0x0 linker stubs

.iplt           0x0002dbdc        0x0
 .iplt          0x0002dbdc        0x0 d:/program files (x86)/gnu arm embedded toolchain/9 2020-q2-update/bin/../lib/gcc/arm-none-eabi/9.3.1/thumb/v7e-m+fp/hard/crtbegin.o

.mem_section_dummy_rom

.sdh_soc_observers
                0x0002dbdc        0x8
                0x0002dbdc                PROVIDE (__start_sdh_soc_observers = .)
 *(SORT_BY_NAME(.sdh_soc_observers*))
 .sdh_soc_observers0
                0x0002dbdc        0x8 _build/nrf52840_xxaa/nrf_drv_clock.c.o
                0x0002dbe4                PROVIDE (__stop_sdh_soc_observers = .)

.pwr_mgmt_data  0x0002dbe4        0x0
                0x0002dbe4                PROVIDE (__start_pwr_mgmt_data = .)
 *(SORT_BY_NAME(.pwr_mgmt_data*))
                0x0002dbe4                PROVIDE (__stop_pwr_mgmt_data = .)

.sdh_ble_observers
                0x0002dbe4       0x30
                0x0002dbe4                PROVIDE (__start_sdh_ble_observers = .)
 *(SORT_BY_NAME(.sdh_ble_observers*))
 .sdh_ble_observers0
                0x0002dbe4        0x8 _build/nrf52840_xxaa/ble_conn_state.c.o
 .sdh_ble_observers1
                0x0002dbec        0x8 _build/nrf52840_xxaa/main.c.o
 .sdh_ble_observers1
                0x0002dbf4        0x8 _build/nrf52840_xxaa/ble_conn_params.c.o
 .sdh_ble_observers2
                0x0002dbfc       0x10 _build/nrf52840_xxaa/main.c.o
 .sdh_ble_observers3
                0x0002dc0c        0x8 _build/nrf52840_xxaa/main.c.o
                0x0002dc14                PROVIDE (__stop_sdh_ble_observers = .)

.sdh_req_observers
                0x0002dc14        0x0
                0x0002dc14                PROVIDE (__start_sdh_req_observers = .)
 *(SORT_BY_NAME(.sdh_req_observers*))
                0x0002dc14                PROVIDE (__stop_sdh_req_observers = .)

.sdh_state_observers
                0x0002dc14        0x8
                0x0002dc14                PROVIDE (__start_sdh_state_observers = .)
 *(SORT_BY_NAME(.sdh_state_observers*))
 .sdh_state_observers0
                0x0002dc14        0x8 _build/nrf52840_xxaa/nrf_drv_clock.c.o
                0x0002dc1c                PROVIDE (__stop_sdh_state_observers = .)

.sdh_stack_observers
                0x0002dc1c       0x10
                0x0002dc1c                PROVIDE (__start_sdh_stack_observers = .)
 *(SORT_BY_NAME(.sdh_stack_observers*))
 .sdh_stack_observers0
                0x0002dc1c        0x8 _build/nrf52840_xxaa/nrf_sdh_ble.c.o
 .sdh_stack_observers0
                0x0002dc24        0x8 _build/nrf52840_xxaa/nrf_sdh_soc.c.o
                0x0002dc2c                PROVIDE (__stop_sdh_stack_observers = .)

.nrf_queue      0x0002dc2c        0x0
                [!provide]                PROVIDE (__start_nrf_queue = .)
 *(.nrf_queue)
                [!provide]                PROVIDE (__stop_nrf_queue = .)

.nrf_balloc     0x0002dc2c       0x14
                [!provide]                PROVIDE (__start_nrf_balloc = .)
 *(.nrf_balloc)
 .nrf_balloc    0x0002dc2c       0x14 _build/nrf52840_xxaa/nrf_log_frontend.c.o
                0x0002dc2c                log_mempool
                [!provide]                PROVIDE (__stop_nrf_balloc = .)

.cli_command    0x0002dc40        0x0
                [!provide]                PROVIDE (__start_cli_command = .)
 *(.cli_command)
                [!provide]                PROVIDE (__stop_cli_command = .)

.crypto_data    0x0002dc40        0x0
                [!provide]                PROVIDE (__start_crypto_data = .)
 *(SORT_BY_NAME(.crypto_data*))
                [!provide]                PROVIDE (__stop_crypto_data = .)

.log_const_data
                0x0002dc40       0x78
                0x0002dc40                PROVIDE (__start_log_const_data = .)
 *(SORT_BY_NAME(.log_const_data*))
 .log_const_data_CLOCK
                0x0002dc40        0x8 _build/nrf52840_xxaa/nrfx_clock.c.o
                0x0002dc40                m_nrf_log_CLOCK_logs_data_const
 .log_const_data_GPIOTE
                0x0002dc48        0x8 _build/nrf52840_xxaa/nrfx_gpiote.c.o
                0x0002dc48                m_nrf_log_GPIOTE_logs_data_const
 .log_const_data_PRS
                0x0002dc50        0x8 _build/nrf52840_xxaa/nrfx_prs.c.o
                0x0002dc50                m_nrf_log_PRS_logs_data_const
 .log_const_data_UART
                0x0002dc58        0x8 _build/nrf52840_xxaa/nrfx_uart.c.o
                0x0002dc58                m_nrf_log_UART_logs_data_const
 .log_const_data_UARTE
                0x0002dc60        0x8 _build/nrf52840_xxaa/nrfx_uarte.c.o
                0x0002dc60                m_nrf_log_UARTE_logs_data_const
 .log_const_data_app
                0x0002dc68        0x8 _build/nrf52840_xxaa/nrf_log_frontend.c.o
                0x0002dc68                m_nrf_log_app_logs_data_const
 .log_const_data_app_button
                0x0002dc70        0x8 _build/nrf52840_xxaa/app_button.c.o
                0x0002dc70                m_nrf_log_app_button_logs_data_const
 .log_const_data_app_timer
                0x0002dc78        0x8 _build/nrf52840_xxaa/app_timer2.c.o
                0x0002dc78                m_nrf_log_app_timer_logs_data_const
 .log_const_data_clock
                0x0002dc80        0x8 _build/nrf52840_xxaa/nrf_drv_clock.c.o
                0x0002dc80                m_nrf_log_clock_logs_data_const
 .log_const_data_nrf_ble_gatt
                0x0002dc88        0x8 _build/nrf52840_xxaa/nrf_ble_gatt.c.o
                0x0002dc88                m_nrf_log_nrf_ble_gatt_logs_data_const
 .log_const_data_nrf_sdh
                0x0002dc90        0x8 _build/nrf52840_xxaa/nrf_sdh.c.o
                0x0002dc90                m_nrf_log_nrf_sdh_logs_data_const
 .log_const_data_nrf_sdh_ble
                0x0002dc98        0x8 _build/nrf52840_xxaa/nrf_sdh_ble.c.o
                0x0002dc98                m_nrf_log_nrf_sdh_ble_logs_data_const
 .log_const_data_nrf_sdh_soc
                0x0002dca0        0x8 _build/nrf52840_xxaa/nrf_sdh_soc.c.o
                0x0002dca0                m_nrf_log_nrf_sdh_soc_logs_data_const
 .log_const_data_pwr_mgmt
                0x0002dca8        0x8 _build/nrf52840_xxaa/nrf_pwr_mgmt.c.o
                0x0002dca8                m_nrf_log_pwr_mgmt_logs_data_const
 .log_const_data_sortlist
                0x0002dcb0        0x8 _build/nrf52840_xxaa/nrf_sortlist.c.o
                0x0002dcb0                m_nrf_log_sortlist_logs_data_const
                0x0002dcb8                PROVIDE (__stop_log_const_data = .)

.log_backends   0x0002dcb8       0x10
                [!provide]                PROVIDE (__start_log_backends = .)
 *(SORT_BY_NAME(.log_backends*))
 .log_backends  0x0002dcb8       0x10 _build/nrf52840_xxaa/nrf_log_default_backends.c.o
                [!provide]                PROVIDE (__stop_log_backends = .)

.ARM.extab
 *(.ARM.extab* .gnu.linkonce.armextab.*)
                0x0002dcc8                __exidx_start = .

.ARM.exidx      0x0002dcc8        0x8
 *(.ARM.exidx* .gnu.linkonce.armexidx.*)
 .ARM.exidx     0x0002dcc8        0x8 d:/program files (x86)/gnu arm embedded toolchain/9 2020-q2-update/bin/../lib/gcc/arm-none-eabi/9.3.1/../../../../arm-none-eabi/lib/thumb/v7e-m+fp/hard/crt0.o
                                 0x10 (size before relaxing)
                0x0002dcd0                __exidx_end = .

.rel.dyn        0x0002dcd0        0x0
 .rel.iplt      0x0002dcd0        0x0 d:/program files (x86)/gnu arm embedded toolchain/9 2020-q2-update/bin/../lib/gcc/arm-none-eabi/9.3.1/thumb/v7e-m+fp/hard/crtbegin.o
                0x0002dcd0                . = ALIGN (0x4)
                0x0002dcd0                __etext = .

.data           0x20002300       0xac load address 0x0002dcd0
                0x20002300                __data_start__ = .
 *(vtable)
 *(.data*)
 .data.m_uart   0x20002300       0x14 _build/nrf52840_xxaa/nrf_log_backend_uart.c.o
                0x20002300                m_uart
 .data.log_backend_cb_uart_log_backend
                0x20002314        0x8 _build/nrf52840_xxaa/nrf_log_default_backends.c.o
 .data.m_rtc_inst
                0x2000231c        0x8 _build/nrf52840_xxaa/app_timer2.c.o
 .data.SystemCoreClock
                0x20002324        0x4 _build/nrf52840_xxaa/system_nrf52840.c.o
                0x20002324                SystemCoreClock
 .data.buttons.11867
                0x20002328        0x8 _build/nrf52840_xxaa/main.c.o
 .data.m_adv_data
                0x20002330       0x10 _build/nrf52840_xxaa/main.c.o
 .data.m_adv_handle
                0x20002340        0x1 _build/nrf52840_xxaa/main.c.o
 *fill*         0x20002341        0x1 
 .data.m_conn_handle
                0x20002342        0x2 _build/nrf52840_xxaa/main.c.o
 .data.impure_data
                0x20002344       0x60 d:/program files (x86)/gnu arm embedded toolchain/9 2020-q2-update/bin/../lib/gcc/arm-none-eabi/9.3.1/../../../../arm-none-eabi/lib/thumb/v7e-m+fp/hard\libc_nano.a(lib_a-impure.o)
                0x200023a4                . = ALIGN (0x4)
                0x200023a4                PROVIDE (__preinit_array_start = .)
 *(.preinit_array)
                0x200023a4                PROVIDE (__preinit_array_end = .)
                0x200023a4                . = ALIGN (0x4)
                0x200023a4                PROVIDE (__init_array_start = .)
 *(SORT_BY_NAME(.init_array.*))
 *(.init_array)
 .init_array    0x200023a4        0x4 d:/program files (x86)/gnu arm embedded toolchain/9 2020-q2-update/bin/../lib/gcc/arm-none-eabi/9.3.1/thumb/v7e-m+fp/hard/crtbegin.o
                0x200023a8                PROVIDE (__init_array_end = .)
                0x200023a8                . = ALIGN (0x4)
                [!provide]                PROVIDE (__fini_array_start = .)
 *(SORT_BY_NAME(.fini_array.*))
 *(.fini_array)
 .fini_array    0x200023a8        0x4 d:/program files (x86)/gnu arm embedded toolchain/9 2020-q2-update/bin/../lib/gcc/arm-none-eabi/9.3.1/thumb/v7e-m+fp/hard/crtbegin.o
                [!provide]                PROVIDE (__fini_array_end = .)
 *(.jcr*)
                0x200023ac                . = ALIGN (0x4)
                0x200023ac                __data_end__ = .
LOAD d:/program files (x86)/gnu arm embedded toolchain/9 2020-q2-update/bin/../lib/gcc/arm-none-eabi/9.3.1/thumb/v7e-m+fp/hard/crti.o
LOAD d:/program files (x86)/gnu arm embedded toolchain/9 2020-q2-update/bin/../lib/gcc/arm-none-eabi/9.3.1/thumb/v7e-m+fp/hard/crtbegin.o
LOAD d:/program files (x86)/gnu arm embedded toolchain/9 2020-q2-update/bin/../lib/gcc/arm-none-eabi/9.3.1/../../../../arm-none-eabi/lib/thumb/v7e-m+fp/hard/crt0.o
LOAD _build/nrf52840_xxaa/gcc_startup_nrf52840.S.o
LOAD _build/nrf52840_xxaa/nrf_log_backend_rtt.c.o
LOAD _build/nrf52840_xxaa/nrf_log_backend_serial.c.o
LOAD _build/nrf52840_xxaa/nrf_log_backend_uart.c.o
LOAD _build/nrf52840_xxaa/nrf_log_default_backends.c.o
LOAD _build/nrf52840_xxaa/nrf_log_frontend.c.o
LOAD _build/nrf52840_xxaa/nrf_log_str_formatter.c.o
LOAD _build/nrf52840_xxaa/app_button.c.o
LOAD _build/nrf52840_xxaa/app_error.c.o
LOAD _build/nrf52840_xxaa/app_error_handler_gcc.c.o
LOAD _build/nrf52840_xxaa/app_error_weak.c.o
LOAD _build/nrf52840_xxaa/app_scheduler.c.o
LOAD _build/nrf52840_xxaa/app_timer2.c.o
LOAD _build/nrf52840_xxaa/app_util_platform.c.o
LOAD _build/nrf52840_xxaa/drv_rtc.c.o
LOAD _build/nrf52840_xxaa/hardfault_implementation.c.o
LOAD _build/nrf52840_xxaa/nrf_assert.c.o
LOAD _build/nrf52840_xxaa/nrf_atfifo.c.o
LOAD _build/nrf52840_xxaa/nrf_atflags.c.o
LOAD _build/nrf52840_xxaa/nrf_atomic.c.o
LOAD _build/nrf52840_xxaa/nrf_balloc.c.o
LOAD _build/nrf52840_xxaa/nrf_fprintf.c.o
LOAD _build/nrf52840_xxaa/nrf_fprintf_format.c.o
LOAD _build/nrf52840_xxaa/nrf_memobj.c.o
LOAD _build/nrf52840_xxaa/nrf_pwr_mgmt.c.o
LOAD _build/nrf52840_xxaa/nrf_ringbuf.c.o
LOAD _build/nrf52840_xxaa/nrf_section_iter.c.o
LOAD _build/nrf52840_xxaa/nrf_sortlist.c.o
LOAD _build/nrf52840_xxaa/nrf_strerror.c.o
LOAD _build/nrf52840_xxaa/system_nrf52840.c.o
LOAD _build/nrf52840_xxaa/boards.c.o
LOAD _build/nrf52840_xxaa/nrf_drv_clock.c.o
LOAD _build/nrf52840_xxaa/nrf_drv_uart.c.o
LOAD _build/nrf52840_xxaa/nrfx_atomic.c.o
LOAD _build/nrf52840_xxaa/nrfx_clock.c.o
LOAD _build/nrf52840_xxaa/nrfx_gpiote.c.o
LOAD _build/nrf52840_xxaa/nrfx_prs.c.o
LOAD _build/nrf52840_xxaa/nrfx_uart.c.o
LOAD _build/nrf52840_xxaa/nrfx_uarte.c.o
LOAD _build/nrf52840_xxaa/main.c.o
LOAD _build/nrf52840_xxaa/SEGGER_RTT.c.o
LOAD _build/nrf52840_xxaa/SEGGER_RTT_Syscalls_GCC.c.o
LOAD _build/nrf52840_xxaa/SEGGER_RTT_printf.c.o
LOAD _build/nrf52840_xxaa/ble_advdata.c.o
LOAD _build/nrf52840_xxaa/ble_conn_params.c.o
LOAD _build/nrf52840_xxaa/ble_conn_state.c.o
LOAD _build/nrf52840_xxaa/ble_srv_common.c.o
LOAD _build/nrf52840_xxaa/nrf_ble_gatt.c.o
LOAD _build/nrf52840_xxaa/nrf_ble_qwr.c.o
LOAD _build/nrf52840_xxaa/utf.c.o
LOAD _build/nrf52840_xxaa/ble_lbs.c.o
LOAD _build/nrf52840_xxaa/nrf_sdh.c.o
LOAD _build/nrf52840_xxaa/nrf_sdh_ble.c.o
LOAD _build/nrf52840_xxaa/nrf_sdh_soc.c.o
LOAD d:/program files (x86)/gnu arm embedded toolchain/9 2020-q2-update/bin/../lib/gcc/arm-none-eabi/9.3.1/../../../../arm-none-eabi/lib/thumb/v7e-m+fp/hard\libc_nano.a
LOAD d:/program files (x86)/gnu arm embedded toolchain/9 2020-q2-update/bin/../lib/gcc/arm-none-eabi/9.3.1/../../../../arm-none-eabi/lib/thumb/v7e-m+fp/hard\libnosys.a
LOAD d:/program files (x86)/gnu arm embedded toolchain/9 2020-q2-update/bin/../lib/gcc/arm-none-eabi/9.3.1/../../../../arm-none-eabi/lib/thumb/v7e-m+fp/hard\libm.a
START GROUP
LOAD d:/program files (x86)/gnu arm embedded toolchain/9 2020-q2-update/bin/../lib/gcc/arm-none-eabi/9.3.1/thumb/v7e-m+fp/hard\libgcc.a
LOAD d:/program files (x86)/gnu arm embedded toolchain/9 2020-q2-update/bin/../lib/gcc/arm-none-eabi/9.3.1/../../../../arm-none-eabi/lib/thumb/v7e-m+fp/hard\libg_nano.a
LOAD d:/program files (x86)/gnu arm embedded toolchain/9 2020-q2-update/bin/../lib/gcc/arm-none-eabi/9.3.1/../../../../arm-none-eabi/lib/thumb/v7e-m+fp/hard\libc_nano.a
END GROUP
START GROUP
LOAD d:/program files (x86)/gnu arm embedded toolchain/9 2020-q2-update/bin/../lib/gcc/arm-none-eabi/9.3.1/thumb/v7e-m+fp/hard\libgcc.a
LOAD d:/program files (x86)/gnu arm embedded toolchain/9 2020-q2-update/bin/../lib/gcc/arm-none-eabi/9.3.1/../../../../arm-none-eabi/lib/thumb/v7e-m+fp/hard\libc_nano.a
END GROUP
LOAD d:/program files (x86)/gnu arm embedded toolchain/9 2020-q2-update/bin/../lib/gcc/arm-none-eabi/9.3.1/thumb/v7e-m+fp/hard/crtend.o
LOAD d:/program files (x86)/gnu arm embedded toolchain/9 2020-q2-update/bin/../lib/gcc/arm-none-eabi/9.3.1/thumb/v7e-m+fp/hard/crtn.o
START GROUP
LOAD d:/program files (x86)/gnu arm embedded toolchain/9 2020-q2-update/bin/../lib/gcc/arm-none-eabi/9.3.1/thumb/v7e-m+fp/hard\libgcc.a
LOAD d:/program files (x86)/gnu arm embedded toolchain/9 2020-q2-update/bin/../lib/gcc/arm-none-eabi/9.3.1/../../../../arm-none-eabi/lib/thumb/v7e-m+fp/hard\libc.a
LOAD d:/program files (x86)/gnu arm embedded toolchain/9 2020-q2-update/bin/../lib/gcc/arm-none-eabi/9.3.1/../../../../arm-none-eabi/lib/thumb/v7e-m+fp/hard\libnosys.a
END GROUP

.igot.plt       0x200023ac        0x0 load address 0x0002dd7c
 .igot.plt      0x200023ac        0x0 d:/program files (x86)/gnu arm embedded toolchain/9 2020-q2-update/bin/../lib/gcc/arm-none-eabi/9.3.1/thumb/v7e-m+fp/hard/crtbegin.o
                0x200023ac                . = ALIGN (0x4)

.mem_section_dummy_ram

.cli_sorted_cmd_ptrs
                0x200023ac        0x0
                [!provide]                PROVIDE (__start_cli_sorted_cmd_ptrs = .)
 *(.cli_sorted_cmd_ptrs)
                [!provide]                PROVIDE (__stop_cli_sorted_cmd_ptrs = .)

.fs_data        0x200023ac        0x0
                [!provide]                PROVIDE (__start_fs_data = .)
 *(.fs_data)
                [!provide]                PROVIDE (__stop_fs_data = .)

.log_dynamic_data
                0x200023ac        0x0
                0x200023ac                PROVIDE (__start_log_dynamic_data = .)
 *(SORT_BY_NAME(.log_dynamic_data*))
                [!provide]                PROVIDE (__stop_log_dynamic_data = .)

.log_filter_data
                0x200023ac        0x0
                [!provide]                PROVIDE (__start_log_filter_data = .)
 *(SORT_BY_NAME(.log_filter_data*))
                [!provide]                PROVIDE (__stop_log_filter_data = .)

.bss            0x200023b0      0x948 load address 0x0002dd80
                0x200023b0                . = ALIGN (0x4)
                0x200023b0                __bss_start__ = .
 *(.bss*)
 .bss           0x200023b0       0x1c d:/program files (x86)/gnu arm embedded toolchain/9 2020-q2-update/bin/../lib/gcc/arm-none-eabi/9.3.1/thumb/v7e-m+fp/hard/crtbegin.o
 .bss.m_async_mode
                0x200023cc        0x1 _build/nrf52840_xxaa/nrf_log_backend_uart.c.o
 *fill*         0x200023cd        0x3 
 .bss.m_string_buff
                0x200023d0       0x40 _build/nrf52840_xxaa/nrf_log_backend_uart.c.o
 .bss.m_xfer_done
                0x20002410        0x1 _build/nrf52840_xxaa/nrf_log_backend_uart.c.o
 *fill*         0x20002411        0x3 
 .bss.log_mempool_nrf_balloc_cb
                0x20002414        0x8 _build/nrf52840_xxaa/nrf_log_frontend.c.o
 .bss.log_mempool_nrf_balloc_pool_mem
                0x2000241c       0xc0 _build/nrf52840_xxaa/nrf_log_frontend.c.o
 .bss.log_mempool_nrf_balloc_pool_stack
                0x200024dc        0x8 _build/nrf52840_xxaa/nrf_log_frontend.c.o
 .bss.m_log_data
                0x200024e4      0x420 _build/nrf52840_xxaa/nrf_log_frontend.c.o
 .bss.m_log_push_ringbuf_buf
                0x20002904       0x80 _build/nrf52840_xxaa/nrf_log_frontend.c.o
 .bss.m_log_push_ringbuf_cb
                0x20002984       0x18 _build/nrf52840_xxaa/nrf_log_frontend.c.o
 .bss.m_button_count
                0x2000299c        0x1 _build/nrf52840_xxaa/app_button.c.o
 *fill*         0x2000299d        0x3 
 .bss.m_detection_delay
                0x200029a0        0x4 _build/nrf52840_xxaa/app_button.c.o
 *fill*         0x200029a4        0x4 
 .bss.m_detection_delay_timer_id_data
                0x200029a8       0x20 _build/nrf52840_xxaa/app_button.c.o
 .bss.m_pin_active
                0x200029c8        0x8 _build/nrf52840_xxaa/app_button.c.o
 .bss.m_pin_states
                0x200029d0       0x20 _build/nrf52840_xxaa/app_button.c.o
 .bss.mp_buttons
                0x200029f0        0x4 _build/nrf52840_xxaa/app_button.c.o
 .bss.m_app_timer_sortlist_sortlist_cb
                0x200029f4        0x4 _build/nrf52840_xxaa/app_timer2.c.o
 .bss.m_base_counter
                0x200029f8        0x8 _build/nrf52840_xxaa/app_timer2.c.o
 .bss.m_global_active
                0x20002a00        0x1 _build/nrf52840_xxaa/app_timer2.c.o
 *fill*         0x20002a01        0x3 
 .bss.m_req_fifo_data
                0x20002a04       0x58 _build/nrf52840_xxaa/app_timer2.c.o
 .bss.m_req_fifo_inst
                0x20002a5c       0x10 _build/nrf52840_xxaa/app_timer2.c.o
 *fill*         0x20002a6c        0x4 
 .bss.m_stamp64
                0x20002a70        0x8 _build/nrf52840_xxaa/app_timer2.c.o
 .bss.mp_active_timer
                0x20002a78        0x4 _build/nrf52840_xxaa/app_timer2.c.o
 .bss.m_cb      0x20002a7c        0x8 _build/nrf52840_xxaa/drv_rtc.c.o
 .bss.m_handlers
                0x20002a84        0x4 _build/nrf52840_xxaa/drv_rtc.c.o
 .bss.m_handlers_iter
                0x20002a88        0x8 _build/nrf52840_xxaa/nrf_pwr_mgmt.c.o
 .bss.m_shutdown_started
                0x20002a90        0x1 _build/nrf52840_xxaa/nrf_pwr_mgmt.c.o
 *fill*         0x20002a91        0x3 
 .bss.m_sysoff_mtx
                0x20002a94        0x4 _build/nrf52840_xxaa/nrf_pwr_mgmt.c.o
 .bss.m_clock_cb
                0x20002a98       0x14 _build/nrf52840_xxaa/nrf_drv_clock.c.o
 .bss.m_contexts
                0x20002aac        0x8 _build/nrf52840_xxaa/nrf_drv_uart.c.o
 .bss.m_handlers
                0x20002ab4        0x8 _build/nrf52840_xxaa/nrf_drv_uart.c.o
 .bss.m_clock_cb
                0x20002abc        0x8 _build/nrf52840_xxaa/nrfx_clock.c.o
 *fill*         0x20002ac4        0x4 
 .bss.m_cb      0x20002ac8       0x6c _build/nrf52840_xxaa/nrfx_gpiote.c.o
 .bss.m_prs_box_4
                0x20002b34        0x8 _build/nrf52840_xxaa/nrfx_prs.c.o
 *fill*         0x20002b3c        0x4 
 .bss.m_cb      0x20002b40       0x2c _build/nrf52840_xxaa/nrfx_uart.c.o
 *fill*         0x20002b6c        0x4 
 .bss.m_cb      0x20002b70       0x24 _build/nrf52840_xxaa/nrfx_uarte.c.o
 .bss.m_enc_advdata
                0x20002b94       0x1f _build/nrf52840_xxaa/main.c.o
 *fill*         0x20002bb3        0x1 
 .bss.m_enc_scan_response_data
                0x20002bb4       0x1f _build/nrf52840_xxaa/main.c.o
 *fill*         0x20002bd3        0x1 
 .bss.m_gatt    0x20002bd4       0x14 _build/nrf52840_xxaa/main.c.o
 .bss.m_lbs     0x20002be8       0x18 _build/nrf52840_xxaa/main.c.o
 .bss.m_qwr     0x20002c00        0xc _build/nrf52840_xxaa/main.c.o
 .bss.m_conn_params_config
                0x20002c0c       0x1c _build/nrf52840_xxaa/ble_conn_params.c.o
 .bss.m_conn_params_instances
                0x20002c28       0x14 _build/nrf52840_xxaa/ble_conn_params.c.o
 .bss.m_preferred_conn_params
                0x20002c3c        0x8 _build/nrf52840_xxaa/ble_conn_params.c.o
 *fill*         0x20002c44        0x4 
 .bss.m_timer_data
                0x20002c48       0x20 _build/nrf52840_xxaa/ble_conn_params.c.o
 .bss.m_bcs     0x20002c68       0x7c _build/nrf52840_xxaa/ble_conn_state.c.o
 .bss.m_nrf_sdh_continue
                0x20002ce4        0x1 _build/nrf52840_xxaa/nrf_sdh.c.o
 .bss.m_nrf_sdh_enabled
                0x20002ce5        0x1 _build/nrf52840_xxaa/nrf_sdh.c.o
 .bss.m_nrf_sdh_suspended
                0x20002ce6        0x1 _build/nrf52840_xxaa/nrf_sdh.c.o
 .bss.m_stack_is_enabled
                0x20002ce7        0x1 _build/nrf52840_xxaa/nrf_sdh_ble.c.o
 *(COMMON)
 COMMON         0x20002ce8        0xc _build/nrf52840_xxaa/app_util_platform.c.o
                0x20002ce8                nrf_nvic_state
 COMMON         0x20002cf4        0x2 _build/nrf52840_xxaa/nrf_drv_uart.c.o
                0x20002cf4                nrf_drv_uart_use_easy_dma
                0x20002cf8                . = ALIGN (0x4)
 *fill*         0x20002cf6        0x2 
                0x20002cf8                __bss_end__ = .

.heap           0x20002cf8     0x2000
                0x20002cf8                __HeapBase = .
                0x20002cf8                __end__ = .
                [!provide]                PROVIDE (end = .)
 *(.heap*)
 .heap          0x20002cf8     0x2000 _build/nrf52840_xxaa/gcc_startup_nrf52840.S.o
                0x20004cf8                __HeapLimit = .

.stack_dummy    0x20002cf8     0x2000
 *(.stack*)
 .stack         0x20002cf8     0x2000 _build/nrf52840_xxaa/gcc_startup_nrf52840.S.o
                0x20040000                __StackTop = (ORIGIN (RAM) + LENGTH (RAM))
                0x2003e000                __StackLimit = (__StackTop - SIZEOF (.stack_dummy))
                0x20040000                PROVIDE (__stack = __StackTop)
                0x00000001                ASSERT ((__StackLimit >= __HeapLimit), region RAM overflowed with stack)
                0x000000b0                DataInitFlashUsed = (__bss_start__ - __data_start__)
                0x00006cd0                CodeFlashUsed = (__etext - ORIGIN (FLASH))
                0x00006d80                TotalFlashUsed = (CodeFlashUsed + DataInitFlashUsed)
                0x00000001                ASSERT ((TotalFlashUsed <= LENGTH (FLASH)), region FLASH overflowed with .data and user data)
OUTPUT(_build/nrf52840_xxaa.out elf32-littlearm)
LOAD linker stubs

.ARM.attributes
                0x00000000       0x30
 .ARM.attributes
                0x00000000       0x1e d:/program files (x86)/gnu arm embedded toolchain/9 2020-q2-update/bin/../lib/gcc/arm-none-eabi/9.3.1/thumb/v7e-m+fp/hard/crti.o
 .ARM.attributes
                0x0000001e       0x34 d:/program files (x86)/gnu arm embedded toolchain/9 2020-q2-update/bin/../lib/gcc/arm-none-eabi/9.3.1/thumb/v7e-m+fp/hard/crtbegin.o
 .ARM.attributes
                0x00000052       0x1c d:/program files (x86)/gnu arm embedded toolchain/9 2020-q2-update/bin/../lib/gcc/arm-none-eabi/9.3.1/../../../../arm-none-eabi/lib/thumb/v7e-m+fp/hard/crt0.o
 .ARM.attributes
                0x0000006e       0x20 _build/nrf52840_xxaa/gcc_startup_nrf52840.S.o
 .ARM.attributes
                0x0000008e       0x34 _build/nrf52840_xxaa/nrf_log_backend_serial.c.o
 .ARM.attributes
                0x000000c2       0x34 _build/nrf52840_xxaa/nrf_log_backend_uart.c.o
 .ARM.attributes
                0x000000f6       0x34 _build/nrf52840_xxaa/nrf_log_default_backends.c.o
 .ARM.attributes
                0x0000012a       0x34 _build/nrf52840_xxaa/nrf_log_frontend.c.o
 .ARM.attributes
                0x0000015e       0x34 _build/nrf52840_xxaa/nrf_log_str_formatter.c.o
 .ARM.attributes
                0x00000192       0x34 _build/nrf52840_xxaa/app_button.c.o
 .ARM.attributes
                0x000001c6       0x34 _build/nrf52840_xxaa/app_error.c.o
 .ARM.attributes
                0x000001fa       0x34 _build/nrf52840_xxaa/app_error_weak.c.o
 .ARM.attributes
                0x0000022e       0x34 _build/nrf52840_xxaa/app_timer2.c.o
 .ARM.attributes
                0x00000262       0x34 _build/nrf52840_xxaa/app_util_platform.c.o
 .ARM.attributes
                0x00000296       0x34 _build/nrf52840_xxaa/drv_rtc.c.o
 .ARM.attributes
                0x000002ca       0x34 _build/nrf52840_xxaa/nrf_atfifo.c.o
 .ARM.attributes
                0x000002fe       0x34 _build/nrf52840_xxaa/nrf_atflags.c.o
 .ARM.attributes
                0x00000332       0x34 _build/nrf52840_xxaa/nrf_atomic.c.o
 .ARM.attributes
                0x00000366       0x34 _build/nrf52840_xxaa/nrf_balloc.c.o
 .ARM.attributes
                0x0000039a       0x34 _build/nrf52840_xxaa/nrf_fprintf.c.o
 .ARM.attributes
                0x000003ce       0x34 _build/nrf52840_xxaa/nrf_fprintf_format.c.o
 .ARM.attributes
                0x00000402       0x34 _build/nrf52840_xxaa/nrf_memobj.c.o
 .ARM.attributes
                0x00000436       0x34 _build/nrf52840_xxaa/nrf_pwr_mgmt.c.o
 .ARM.attributes
                0x0000046a       0x34 _build/nrf52840_xxaa/nrf_ringbuf.c.o
 .ARM.attributes
                0x0000049e       0x34 _build/nrf52840_xxaa/nrf_section_iter.c.o
 .ARM.attributes
                0x000004d2       0x34 _build/nrf52840_xxaa/nrf_sortlist.c.o
 .ARM.attributes
                0x00000506       0x34 _build/nrf52840_xxaa/nrf_strerror.c.o
 .ARM.attributes
                0x0000053a       0x34 _build/nrf52840_xxaa/system_nrf52840.c.o
 .ARM.attributes
                0x0000056e       0x34 _build/nrf52840_xxaa/boards.c.o
 .ARM.attributes
                0x000005a2       0x34 _build/nrf52840_xxaa/nrf_drv_clock.c.o
 .ARM.attributes
                0x000005d6       0x34 _build/nrf52840_xxaa/nrf_drv_uart.c.o
 .ARM.attributes
                0x0000060a       0x34 _build/nrf52840_xxaa/nrfx_clock.c.o
 .ARM.attributes
                0x0000063e       0x34 _build/nrf52840_xxaa/nrfx_gpiote.c.o
 .ARM.attributes
                0x00000672       0x34 _build/nrf52840_xxaa/nrfx_prs.c.o
 .ARM.attributes
                0x000006a6       0x34 _build/nrf52840_xxaa/nrfx_uart.c.o
 .ARM.attributes
                0x000006da       0x34 _build/nrf52840_xxaa/nrfx_uarte.c.o
 .ARM.attributes
                0x0000070e       0x34 _build/nrf52840_xxaa/main.c.o
 .ARM.attributes
                0x00000742       0x34 _build/nrf52840_xxaa/ble_advdata.c.o
 .ARM.attributes
                0x00000776       0x34 _build/nrf52840_xxaa/ble_conn_params.c.o
 .ARM.attributes
                0x000007aa       0x34 _build/nrf52840_xxaa/ble_conn_state.c.o
 .ARM.attributes
                0x000007de       0x34 _build/nrf52840_xxaa/ble_srv_common.c.o
 .ARM.attributes
                0x00000812       0x34 _build/nrf52840_xxaa/nrf_ble_gatt.c.o
 .ARM.attributes
                0x00000846       0x34 _build/nrf52840_xxaa/nrf_ble_qwr.c.o
 .ARM.attributes
                0x0000087a       0x34 _build/nrf52840_xxaa/ble_lbs.c.o
 .ARM.attributes
                0x000008ae       0x34 _build/nrf52840_xxaa/nrf_sdh.c.o
 .ARM.attributes
                0x000008e2       0x34 _build/nrf52840_xxaa/nrf_sdh_ble.c.o
 .ARM.attributes
                0x00000916       0x34 _build/nrf52840_xxaa/nrf_sdh_soc.c.o
 .ARM.attributes
                0x0000094a       0x32 d:/program files (x86)/gnu arm embedded toolchain/9 2020-q2-update/bin/../lib/gcc/arm-none-eabi/9.3.1/../../../../arm-none-eabi/lib/thumb/v7e-m+fp/hard\libc_nano.a(lib_a-ctype_.o)
 .ARM.attributes
                0x0000097c       0x34 d:/program files (x86)/gnu arm embedded toolchain/9 2020-q2-update/bin/../lib/gcc/arm-none-eabi/9.3.1/../../../../arm-none-eabi/lib/thumb/v7e-m+fp/hard\libc_nano.a(lib_a-exit.o)
 .ARM.attributes
                0x000009b0       0x32 d:/program files (x86)/gnu arm embedded toolchain/9 2020-q2-update/bin/../lib/gcc/arm-none-eabi/9.3.1/../../../../arm-none-eabi/lib/thumb/v7e-m+fp/hard\libc_nano.a(lib_a-impure.o)
 .ARM.attributes
                0x000009e2       0x34 d:/program files (x86)/gnu arm embedded toolchain/9 2020-q2-update/bin/../lib/gcc/arm-none-eabi/9.3.1/../../../../arm-none-eabi/lib/thumb/v7e-m+fp/hard\libc_nano.a(lib_a-init.o)
 .ARM.attributes
                0x00000a16       0x34 d:/program files (x86)/gnu arm embedded toolchain/9 2020-q2-update/bin/../lib/gcc/arm-none-eabi/9.3.1/../../../../arm-none-eabi/lib/thumb/v7e-m+fp/hard\libc_nano.a(lib_a-memcpy-stub.o)
 .ARM.attributes
                0x00000a4a       0x34 d:/program files (x86)/gnu arm embedded toolchain/9 2020-q2-update/bin/../lib/gcc/arm-none-eabi/9.3.1/../../../../arm-none-eabi/lib/thumb/v7e-m+fp/hard\libc_nano.a(lib_a-memset.o)
 .ARM.attributes
                0x00000a7e       0x17 d:/program files (x86)/gnu arm embedded toolchain/9 2020-q2-update/bin/../lib/gcc/arm-none-eabi/9.3.1/../../../../arm-none-eabi/lib/thumb/v7e-m+fp/hard\libc_nano.a(lib_a-strlen.o)
 .ARM.attributes
                0x00000a95       0x34 d:/program files (x86)/gnu arm embedded toolchain/9 2020-q2-update/bin/../lib/gcc/arm-none-eabi/9.3.1/../../../../arm-none-eabi/lib/thumb/v7e-m+fp/hard\libnosys.a(_exit.o)
 .ARM.attributes
                0x00000ac9       0x32 d:/program files (x86)/gnu arm embedded toolchain/9 2020-q2-update/bin/../lib/gcc/arm-none-eabi/9.3.1/thumb/v7e-m+fp/hard/crtend.o
 .ARM.attributes
                0x00000afb       0x1e d:/program files (x86)/gnu arm embedded toolchain/9 2020-q2-update/bin/../lib/gcc/arm-none-eabi/9.3.1/thumb/v7e-m+fp/hard/crtn.o

.comment        0x00000000       0x4c
 .comment       0x00000000       0x4c _build/nrf52840_xxaa/nrf_log_backend_serial.c.o
                                 0x4d (size before relaxing)
 .comment       0x0000004c       0x4d _build/nrf52840_xxaa/nrf_log_backend_uart.c.o
 .comment       0x0000004c       0x4d _build/nrf52840_xxaa/nrf_log_default_backends.c.o
 .comment       0x0000004c       0x4d _build/nrf52840_xxaa/nrf_log_frontend.c.o
 .comment       0x0000004c       0x4d _build/nrf52840_xxaa/nrf_log_str_formatter.c.o
 .comment       0x0000004c       0x4d _build/nrf52840_xxaa/app_button.c.o
 .comment       0x0000004c       0x4d _build/nrf52840_xxaa/app_error.c.o
 .comment       0x0000004c       0x4d _build/nrf52840_xxaa/app_error_weak.c.o
 .comment       0x0000004c       0x4d _build/nrf52840_xxaa/app_timer2.c.o
 .comment       0x0000004c       0x4d _build/nrf52840_xxaa/app_util_platform.c.o
 .comment       0x0000004c       0x4d _build/nrf52840_xxaa/drv_rtc.c.o
 .comment       0x0000004c       0x4d _build/nrf52840_xxaa/nrf_atfifo.c.o
 .comment       0x0000004c       0x4d _build/nrf52840_xxaa/nrf_atflags.c.o
 .comment       0x0000004c       0x4d _build/nrf52840_xxaa/nrf_atomic.c.o
 .comment       0x0000004c       0x4d _build/nrf52840_xxaa/nrf_balloc.c.o
 .comment       0x0000004c       0x4d _build/nrf52840_xxaa/nrf_fprintf.c.o
 .comment       0x0000004c       0x4d _build/nrf52840_xxaa/nrf_fprintf_format.c.o
 .comment       0x0000004c       0x4d _build/nrf52840_xxaa/nrf_memobj.c.o
 .comment       0x0000004c       0x4d _build/nrf52840_xxaa/nrf_pwr_mgmt.c.o
 .comment       0x0000004c       0x4d _build/nrf52840_xxaa/nrf_ringbuf.c.o
 .comment       0x0000004c       0x4d _build/nrf52840_xxaa/nrf_section_iter.c.o
 .comment       0x0000004c       0x4d _build/nrf52840_xxaa/nrf_sortlist.c.o
 .comment       0x0000004c       0x4d _build/nrf52840_xxaa/nrf_strerror.c.o
 .comment       0x0000004c       0x4d _build/nrf52840_xxaa/system_nrf52840.c.o
 .comment       0x0000004c       0x4d _build/nrf52840_xxaa/boards.c.o
 .comment       0x0000004c       0x4d _build/nrf52840_xxaa/nrf_drv_clock.c.o
 .comment       0x0000004c       0x4d _build/nrf52840_xxaa/nrf_drv_uart.c.o
 .comment       0x0000004c       0x4d _build/nrf52840_xxaa/nrfx_clock.c.o
 .comment       0x0000004c       0x4d _build/nrf52840_xxaa/nrfx_gpiote.c.o
 .comment       0x0000004c       0x4d _build/nrf52840_xxaa/nrfx_prs.c.o
 .comment       0x0000004c       0x4d _build/nrf52840_xxaa/nrfx_uart.c.o
 .comment       0x0000004c       0x4d _build/nrf52840_xxaa/nrfx_uarte.c.o
 .comment       0x0000004c       0x4d _build/nrf52840_xxaa/main.c.o
 .comment       0x0000004c       0x4d _build/nrf52840_xxaa/ble_advdata.c.o
 .comment       0x0000004c       0x4d _build/nrf52840_xxaa/ble_conn_params.c.o
 .comment       0x0000004c       0x4d _build/nrf52840_xxaa/ble_conn_state.c.o
 .comment       0x0000004c       0x4d _build/nrf52840_xxaa/ble_srv_common.c.o
 .comment       0x0000004c       0x4d _build/nrf52840_xxaa/nrf_ble_gatt.c.o
 .comment       0x0000004c       0x4d _build/nrf52840_xxaa/nrf_ble_qwr.c.o
 .comment       0x0000004c       0x4d _build/nrf52840_xxaa/ble_lbs.c.o
 .comment       0x0000004c       0x4d _build/nrf52840_xxaa/nrf_sdh.c.o
 .comment       0x0000004c       0x4d _build/nrf52840_xxaa/nrf_sdh_ble.c.o
 .comment       0x0000004c       0x4d _build/nrf52840_xxaa/nrf_sdh_soc.c.o

.debug_line     0x00000000    0x27ef3
 .debug_line    0x00000000       0x89 _build/nrf52840_xxaa/gcc_startup_nrf52840.S.o
 .debug_line    0x00000089      0x962 _build/nrf52840_xxaa/nrf_log_backend_serial.c.o
 .debug_line    0x000009eb      0xc8f _build/nrf52840_xxaa/nrf_log_backend_uart.c.o
 .debug_line    0x0000167a      0x83d _build/nrf52840_xxaa/nrf_log_default_backends.c.o
 .debug_line    0x00001eb7     0x2cde _build/nrf52840_xxaa/nrf_log_frontend.c.o
 .debug_line    0x00004b95      0xa99 _build/nrf52840_xxaa/nrf_log_str_formatter.c.o
 .debug_line    0x0000562e     0x1344 _build/nrf52840_xxaa/app_button.c.o
 .debug_line    0x00006972      0x5ef _build/nrf52840_xxaa/app_error.c.o
 .debug_line    0x00006f61      0x942 _build/nrf52840_xxaa/app_error_weak.c.o
 .debug_line    0x000078a3     0x1255 _build/nrf52840_xxaa/app_timer2.c.o
 .debug_line    0x00008af8      0x833 _build/nrf52840_xxaa/app_util_platform.c.o
 .debug_line    0x0000932b     0x15b7 _build/nrf52840_xxaa/drv_rtc.c.o
 .debug_line    0x0000a8e2      0xb11 _build/nrf52840_xxaa/nrf_atfifo.c.o
 .debug_line    0x0000b3f3      0x926 _build/nrf52840_xxaa/nrf_atflags.c.o
 .debug_line    0x0000bd19      0x959 _build/nrf52840_xxaa/nrf_atomic.c.o
 .debug_line    0x0000c672      0x98a _build/nrf52840_xxaa/nrf_balloc.c.o
 .debug_line    0x0000cffc      0x615 _build/nrf52840_xxaa/nrf_fprintf.c.o
 .debug_line    0x0000d611      0xfef _build/nrf52840_xxaa/nrf_fprintf_format.c.o
 .debug_line    0x0000e600      0xc24 _build/nrf52840_xxaa/nrf_memobj.c.o
 .debug_line    0x0000f224      0xf40 _build/nrf52840_xxaa/nrf_pwr_mgmt.c.o
 .debug_line    0x00010164      0xa84 _build/nrf52840_xxaa/nrf_ringbuf.c.o
 .debug_line    0x00010be8      0x62b _build/nrf52840_xxaa/nrf_section_iter.c.o
 .debug_line    0x00011213      0x817 _build/nrf52840_xxaa/nrf_sortlist.c.o
 .debug_line    0x00011a2a      0x67c _build/nrf52840_xxaa/nrf_strerror.c.o
 .debug_line    0x000120a6      0x825 _build/nrf52840_xxaa/system_nrf52840.c.o
 .debug_line    0x000128cb     0x111b _build/nrf52840_xxaa/boards.c.o
 .debug_line    0x000139e6     0x12ec _build/nrf52840_xxaa/nrf_drv_clock.c.o
 .debug_line    0x00014cd2      0x925 _build/nrf52840_xxaa/nrf_drv_uart.c.o
 .debug_line    0x000155f7     0x1166 _build/nrf52840_xxaa/nrfx_clock.c.o
 .debug_line    0x0001675d     0x31b7 _build/nrf52840_xxaa/nrfx_gpiote.c.o
 .debug_line    0x00019914      0xa0f _build/nrf52840_xxaa/nrfx_prs.c.o
 .debug_line    0x0001a323     0x201c _build/nrf52840_xxaa/nrfx_uart.c.o
 .debug_line    0x0001c33f     0x1fc3 _build/nrf52840_xxaa/nrfx_uarte.c.o
 .debug_line    0x0001e302     0x1522 _build/nrf52840_xxaa/main.c.o
 .debug_line    0x0001f824     0x1443 _build/nrf52840_xxaa/ble_advdata.c.o
 .debug_line    0x00020c67      0xf3e _build/nrf52840_xxaa/ble_conn_params.c.o
 .debug_line    0x00021ba5     0x125f _build/nrf52840_xxaa/ble_conn_state.c.o
 .debug_line    0x00022e04      0xb33 _build/nrf52840_xxaa/ble_srv_common.c.o
 .debug_line    0x00023937      0xddd _build/nrf52840_xxaa/nrf_ble_gatt.c.o
 .debug_line    0x00024714      0x91f _build/nrf52840_xxaa/nrf_ble_qwr.c.o
 .debug_line    0x00025033      0x971 _build/nrf52840_xxaa/ble_lbs.c.o
 .debug_line    0x000259a4     0x10d6 _build/nrf52840_xxaa/nrf_sdh.c.o
 .debug_line    0x00026a7a      0xc06 _build/nrf52840_xxaa/nrf_sdh_ble.c.o
 .debug_line    0x00027680      0x873 _build/nrf52840_xxaa/nrf_sdh_soc.c.o

.debug_info     0x00000000    0x55692
 .debug_info    0x00000000       0x26 _build/nrf52840_xxaa/gcc_startup_nrf52840.S.o
 .debug_info    0x00000026     0x124c _build/nrf52840_xxaa/nrf_log_backend_serial.c.o
 .debug_info    0x00001272     0x1cc5 _build/nrf52840_xxaa/nrf_log_backend_uart.c.o
 .debug_info    0x00002f37      0xd9e _build/nrf52840_xxaa/nrf_log_default_backends.c.o
 .debug_info    0x00003cd5     0x4689 _build/nrf52840_xxaa/nrf_log_frontend.c.o
 .debug_info    0x0000835e     0x1431 _build/nrf52840_xxaa/nrf_log_str_formatter.c.o
 .debug_info    0x0000978f     0x1d42 _build/nrf52840_xxaa/app_button.c.o
 .debug_info    0x0000b4d1      0xb94 _build/nrf52840_xxaa/app_error.c.o
 .debug_info    0x0000c065     0x1006 _build/nrf52840_xxaa/app_error_weak.c.o
 .debug_info    0x0000d06b     0x220f _build/nrf52840_xxaa/app_timer2.c.o
 .debug_info    0x0000f27a     0x1321 _build/nrf52840_xxaa/app_util_platform.c.o
 .debug_info    0x0001059b     0x2b99 _build/nrf52840_xxaa/drv_rtc.c.o
 .debug_info    0x00013134     0x158b _build/nrf52840_xxaa/nrf_atfifo.c.o
 .debug_info    0x000146bf     0x1019 _build/nrf52840_xxaa/nrf_atflags.c.o
 .debug_info    0x000156d8     0x13e4 _build/nrf52840_xxaa/nrf_atomic.c.o
 .debug_info    0x00016abc      0xea4 _build/nrf52840_xxaa/nrf_balloc.c.o
 .debug_info    0x00017960      0xb51 _build/nrf52840_xxaa/nrf_fprintf.c.o
 .debug_info    0x000184b1     0x157d _build/nrf52840_xxaa/nrf_fprintf_format.c.o
 .debug_info    0x00019a2e     0x161b _build/nrf52840_xxaa/nrf_memobj.c.o
 .debug_info    0x0001b049     0x1e56 _build/nrf52840_xxaa/nrf_pwr_mgmt.c.o
 .debug_info    0x0001ce9f      0xf8b _build/nrf52840_xxaa/nrf_ringbuf.c.o
 .debug_info    0x0001de2a      0xac1 _build/nrf52840_xxaa/nrf_section_iter.c.o
 .debug_info    0x0001e8eb      0xd6d _build/nrf52840_xxaa/nrf_sortlist.c.o
 .debug_info    0x0001f658      0xb76 _build/nrf52840_xxaa/nrf_strerror.c.o
 .debug_info    0x000201ce     0x16e5 _build/nrf52840_xxaa/system_nrf52840.c.o
 .debug_info    0x000218b3     0x1862 _build/nrf52840_xxaa/boards.c.o
 .debug_info    0x00023115     0x230a _build/nrf52840_xxaa/nrf_drv_clock.c.o
 .debug_info    0x0002541f     0x1b27 _build/nrf52840_xxaa/nrf_drv_uart.c.o
 .debug_info    0x00026f46     0x1e88 _build/nrf52840_xxaa/nrfx_clock.c.o
 .debug_info    0x00028dce     0x46d1 _build/nrf52840_xxaa/nrfx_gpiote.c.o
 .debug_info    0x0002d49f     0x1200 _build/nrf52840_xxaa/nrfx_prs.c.o
 .debug_info    0x0002e69f     0x430d _build/nrf52840_xxaa/nrfx_uart.c.o
 .debug_info    0x000329ac     0x429b _build/nrf52840_xxaa/nrfx_uarte.c.o
 .debug_info    0x00036c47     0x492b _build/nrf52840_xxaa/main.c.o
 .debug_info    0x0003b572     0x2948 _build/nrf52840_xxaa/ble_advdata.c.o
 .debug_info    0x0003deba     0x372e _build/nrf52840_xxaa/ble_conn_params.c.o
 .debug_info    0x000415e8     0x39cb _build/nrf52840_xxaa/ble_conn_state.c.o
 .debug_info    0x00044fb3     0x1702 _build/nrf52840_xxaa/ble_srv_common.c.o
 .debug_info    0x000466b5     0x3400 _build/nrf52840_xxaa/nrf_ble_gatt.c.o
 .debug_info    0x00049ab5     0x29b8 _build/nrf52840_xxaa/nrf_ble_qwr.c.o
 .debug_info    0x0004c46d     0x2bb1 _build/nrf52840_xxaa/ble_lbs.c.o
 .debug_info    0x0004f01e     0x20e3 _build/nrf52840_xxaa/nrf_sdh.c.o
 .debug_info    0x00051101     0x360b _build/nrf52840_xxaa/nrf_sdh_ble.c.o
 .debug_info    0x0005470c      0xf86 _build/nrf52840_xxaa/nrf_sdh_soc.c.o

.debug_abbrev   0x00000000     0xae89
 .debug_abbrev  0x00000000       0x14 _build/nrf52840_xxaa/gcc_startup_nrf52840.S.o
 .debug_abbrev  0x00000014      0x2cc _build/nrf52840_xxaa/nrf_log_backend_serial.c.o
 .debug_abbrev  0x000002e0      0x41d _build/nrf52840_xxaa/nrf_log_backend_uart.c.o
 .debug_abbrev  0x000006fd      0x294 _build/nrf52840_xxaa/nrf_log_default_backends.c.o
 .debug_abbrev  0x00000991      0x62f _build/nrf52840_xxaa/nrf_log_frontend.c.o
 .debug_abbrev  0x00000fc0      0x320 _build/nrf52840_xxaa/nrf_log_str_formatter.c.o
 .debug_abbrev  0x000012e0      0x46d _build/nrf52840_xxaa/app_button.c.o
 .debug_abbrev  0x0000174d      0x276 _build/nrf52840_xxaa/app_error.c.o
 .debug_abbrev  0x000019c3      0x2fd _build/nrf52840_xxaa/app_error_weak.c.o
 .debug_abbrev  0x00001cc0      0x58f _build/nrf52840_xxaa/app_timer2.c.o
 .debug_abbrev  0x0000224f      0x3df _build/nrf52840_xxaa/app_util_platform.c.o
 .debug_abbrev  0x0000262e      0x5d7 _build/nrf52840_xxaa/drv_rtc.c.o
 .debug_abbrev  0x00002c05      0x3b9 _build/nrf52840_xxaa/nrf_atfifo.c.o
 .debug_abbrev  0x00002fbe      0x37f _build/nrf52840_xxaa/nrf_atflags.c.o
 .debug_abbrev  0x0000333d      0x378 _build/nrf52840_xxaa/nrf_atomic.c.o
 .debug_abbrev  0x000036b5      0x34d _build/nrf52840_xxaa/nrf_balloc.c.o
 .debug_abbrev  0x00003a02      0x27d _build/nrf52840_xxaa/nrf_fprintf.c.o
 .debug_abbrev  0x00003c7f      0x3fa _build/nrf52840_xxaa/nrf_fprintf_format.c.o
 .debug_abbrev  0x00004079      0x397 _build/nrf52840_xxaa/nrf_memobj.c.o
 .debug_abbrev  0x00004410      0x513 _build/nrf52840_xxaa/nrf_pwr_mgmt.c.o
 .debug_abbrev  0x00004923      0x2b2 _build/nrf52840_xxaa/nrf_ringbuf.c.o
 .debug_abbrev  0x00004bd5      0x206 _build/nrf52840_xxaa/nrf_section_iter.c.o
 .debug_abbrev  0x00004ddb      0x284 _build/nrf52840_xxaa/nrf_sortlist.c.o
 .debug_abbrev  0x0000505f      0x29c _build/nrf52840_xxaa/nrf_strerror.c.o
 .debug_abbrev  0x000052fb      0x26e _build/nrf52840_xxaa/system_nrf52840.c.o
 .debug_abbrev  0x00005569      0x44c _build/nrf52840_xxaa/boards.c.o
 .debug_abbrev  0x000059b5      0x5ef _build/nrf52840_xxaa/nrf_drv_clock.c.o
 .debug_abbrev  0x00005fa4      0x2da _build/nrf52840_xxaa/nrf_drv_uart.c.o
 .debug_abbrev  0x0000627e      0x560 _build/nrf52840_xxaa/nrfx_clock.c.o
 .debug_abbrev  0x000067de      0x5b5 _build/nrf52840_xxaa/nrfx_gpiote.c.o
 .debug_abbrev  0x00006d93      0x362 _build/nrf52840_xxaa/nrfx_prs.c.o
 .debug_abbrev  0x000070f5      0x59d _build/nrf52840_xxaa/nrfx_uart.c.o
 .debug_abbrev  0x00007692      0x571 _build/nrf52840_xxaa/nrfx_uarte.c.o
 .debug_abbrev  0x00007c03      0x4fc _build/nrf52840_xxaa/main.c.o
 .debug_abbrev  0x000080ff      0x4b7 _build/nrf52840_xxaa/ble_advdata.c.o
 .debug_abbrev  0x000085b6      0x587 _build/nrf52840_xxaa/ble_conn_params.c.o
 .debug_abbrev  0x00008b3d      0x5c2 _build/nrf52840_xxaa/ble_conn_state.c.o
 .debug_abbrev  0x000090ff      0x3be _build/nrf52840_xxaa/ble_srv_common.c.o
 .debug_abbrev  0x000094bd      0x4da _build/nrf52840_xxaa/nrf_ble_gatt.c.o
 .debug_abbrev  0x00009997      0x3ee _build/nrf52840_xxaa/nrf_ble_qwr.c.o
 .debug_abbrev  0x00009d85      0x3df _build/nrf52840_xxaa/ble_lbs.c.o
 .debug_abbrev  0x0000a164      0x583 _build/nrf52840_xxaa/nrf_sdh.c.o
 .debug_abbrev  0x0000a6e7      0x4b1 _build/nrf52840_xxaa/nrf_sdh_ble.c.o
 .debug_abbrev  0x0000ab98      0x2f1 _build/nrf52840_xxaa/nrf_sdh_soc.c.o

.debug_aranges  0x00000000      0xf50
 .debug_aranges
                0x00000000       0x20 _build/nrf52840_xxaa/gcc_startup_nrf52840.S.o
 .debug_aranges
                0x00000020       0x20 _build/nrf52840_xxaa/nrf_log_backend_serial.c.o
 .debug_aranges
                0x00000040       0x48 _build/nrf52840_xxaa/nrf_log_backend_uart.c.o
 .debug_aranges
                0x00000088       0x20 _build/nrf52840_xxaa/nrf_log_default_backends.c.o
 .debug_aranges
                0x000000a8       0xb8 _build/nrf52840_xxaa/nrf_log_frontend.c.o
 .debug_aranges
                0x00000160       0x38 _build/nrf52840_xxaa/nrf_log_str_formatter.c.o
 .debug_aranges
                0x00000198       0x50 _build/nrf52840_xxaa/app_button.c.o
 .debug_aranges
                0x000001e8       0x28 _build/nrf52840_xxaa/app_error.c.o
 .debug_aranges
                0x00000210       0x20 _build/nrf52840_xxaa/app_error_weak.c.o
 .debug_aranges
                0x00000230       0x70 _build/nrf52840_xxaa/app_timer2.c.o
 .debug_aranges
                0x000002a0       0x48 _build/nrf52840_xxaa/app_util_platform.c.o
 .debug_aranges
                0x000002e8       0xb0 _build/nrf52840_xxaa/drv_rtc.c.o
 .debug_aranges
                0x00000398       0x58 _build/nrf52840_xxaa/nrf_atfifo.c.o
 .debug_aranges
                0x000003f0       0x58 _build/nrf52840_xxaa/nrf_atflags.c.o
 .debug_aranges
                0x00000448       0xb0 _build/nrf52840_xxaa/nrf_atomic.c.o
 .debug_aranges
                0x000004f8       0x30 _build/nrf52840_xxaa/nrf_balloc.c.o
 .debug_aranges
                0x00000528       0x28 _build/nrf52840_xxaa/nrf_fprintf.c.o
 .debug_aranges
                0x00000550       0x28 _build/nrf52840_xxaa/nrf_fprintf_format.c.o
 .debug_aranges
                0x00000578       0x50 _build/nrf52840_xxaa/nrf_memobj.c.o
 .debug_aranges
                0x000005c8       0x48 _build/nrf52840_xxaa/nrf_pwr_mgmt.c.o
 .debug_aranges
                0x00000610       0x50 _build/nrf52840_xxaa/nrf_ringbuf.c.o
 .debug_aranges
                0x00000660       0x28 _build/nrf52840_xxaa/nrf_section_iter.c.o
 .debug_aranges
                0x00000688       0x40 _build/nrf52840_xxaa/nrf_sortlist.c.o
 .debug_aranges
                0x000006c8       0x28 _build/nrf52840_xxaa/nrf_strerror.c.o
 .debug_aranges
                0x000006f0       0x28 _build/nrf52840_xxaa/system_nrf52840.c.o
 .debug_aranges
                0x00000718       0x78 _build/nrf52840_xxaa/boards.c.o
 .debug_aranges
                0x00000790       0xa8 _build/nrf52840_xxaa/nrf_drv_clock.c.o
 .debug_aranges
                0x00000838       0x30 _build/nrf52840_xxaa/nrf_drv_uart.c.o
 .debug_aranges
                0x00000868       0x78 _build/nrf52840_xxaa/nrfx_clock.c.o
 .debug_aranges
                0x000008e0       0xf8 _build/nrf52840_xxaa/nrfx_gpiote.c.o
 .debug_aranges
                0x000009d8       0x30 _build/nrf52840_xxaa/nrfx_prs.c.o
 .debug_aranges
                0x00000a08       0x78 _build/nrf52840_xxaa/nrfx_uart.c.o
 .debug_aranges
                0x00000a80       0x68 _build/nrf52840_xxaa/nrfx_uarte.c.o
 .debug_aranges
                0x00000ae8       0x90 _build/nrf52840_xxaa/main.c.o
 .debug_aranges
                0x00000b78       0x78 _build/nrf52840_xxaa/ble_advdata.c.o
 .debug_aranges
                0x00000bf0       0x60 _build/nrf52840_xxaa/ble_conn_params.c.o
 .debug_aranges
                0x00000c50       0xc8 _build/nrf52840_xxaa/ble_conn_state.c.o
 .debug_aranges
                0x00000d18       0x58 _build/nrf52840_xxaa/ble_srv_common.c.o
 .debug_aranges
                0x00000d70       0x70 _build/nrf52840_xxaa/nrf_ble_gatt.c.o
 .debug_aranges
                0x00000de0       0x40 _build/nrf52840_xxaa/nrf_ble_qwr.c.o
 .debug_aranges
                0x00000e20       0x48 _build/nrf52840_xxaa/ble_lbs.c.o
 .debug_aranges
                0x00000e68       0x70 _build/nrf52840_xxaa/nrf_sdh.c.o
 .debug_aranges
                0x00000ed8       0x50 _build/nrf52840_xxaa/nrf_sdh_ble.c.o
 .debug_aranges
                0x00000f28       0x28 _build/nrf52840_xxaa/nrf_sdh_soc.c.o

.debug_str      0x00000000    0xafba9
 .debug_str     0x00000000       0xc4 _build/nrf52840_xxaa/gcc_startup_nrf52840.S.o
 .debug_str     0x000000c4    0x8cc4c _build/nrf52840_xxaa/nrf_log_backend_serial.c.o
                              0x8f46f (size before relaxing)
 .debug_str     0x0008cd10     0x86a1 _build/nrf52840_xxaa/nrf_log_backend_uart.c.o
                              0x97606 (size before relaxing)
 .debug_str     0x000953b1      0x11c _build/nrf52840_xxaa/nrf_log_default_backends.c.o
                              0x8f226 (size before relaxing)
 .debug_str     0x000954cd     0x1379 _build/nrf52840_xxaa/nrf_log_frontend.c.o
                              0x906eb (size before relaxing)
 .debug_str     0x00096846      0x6a6 _build/nrf52840_xxaa/nrf_log_str_formatter.c.o
                              0x8f991 (size before relaxing)
 .debug_str     0x00096eec     0x1aaa _build/nrf52840_xxaa/app_button.c.o
                              0x973a5 (size before relaxing)
 .debug_str     0x00098996      0x136 _build/nrf52840_xxaa/app_error.c.o
                              0x7a0ad (size before relaxing)
 .debug_str     0x00098acc      0xa3b _build/nrf52840_xxaa/app_error_weak.c.o
                              0x90270 (size before relaxing)
 .debug_str     0x00099507     0x113b _build/nrf52840_xxaa/app_timer2.c.o
                              0x9708a (size before relaxing)
 .debug_str     0x0009a642      0x27e _build/nrf52840_xxaa/app_util_platform.c.o
                              0x7b4e8 (size before relaxing)
 .debug_str     0x0009a8c0      0x784 _build/nrf52840_xxaa/drv_rtc.c.o
                              0x96a0a (size before relaxing)
 .debug_str     0x0009b044      0x15c _build/nrf52840_xxaa/nrf_atfifo.c.o
                              0x8d1bb (size before relaxing)
 .debug_str     0x0009b1a0      0x3ca _build/nrf52840_xxaa/nrf_atflags.c.o
                              0x8a5a7 (size before relaxing)
 .debug_str     0x0009b56a      0x65b _build/nrf52840_xxaa/nrf_atomic.c.o
                              0x8a8dc (size before relaxing)
 .debug_str     0x0009bbc5      0x154 _build/nrf52840_xxaa/nrf_balloc.c.o
                              0x8f220 (size before relaxing)
 .debug_str     0x0009bd19      0x144 _build/nrf52840_xxaa/nrf_fprintf.c.o
                              0x8a535 (size before relaxing)
 .debug_str     0x0009be5d      0x511 _build/nrf52840_xxaa/nrf_fprintf_format.c.o
                              0x8aa1e (size before relaxing)
 .debug_str     0x0009c36e      0x1a5 _build/nrf52840_xxaa/nrf_memobj.c.o
                              0x8d5d8 (size before relaxing)
 .debug_str     0x0009c513     0x17a1 _build/nrf52840_xxaa/nrf_pwr_mgmt.c.o
                              0x98901 (size before relaxing)
 .debug_str     0x0009dcb4       0xdc _build/nrf52840_xxaa/nrf_ringbuf.c.o
                              0x8bcca (size before relaxing)
 .debug_str     0x0009dd90       0x54 _build/nrf52840_xxaa/nrf_section_iter.c.o
                              0x8a704 (size before relaxing)
 .debug_str     0x0009dde4       0xc5 _build/nrf52840_xxaa/nrf_sortlist.c.o
                              0x8ce0a (size before relaxing)
 .debug_str     0x0009dea9       0xed _build/nrf52840_xxaa/nrf_strerror.c.o
                              0x8a2a1 (size before relaxing)
 .debug_str     0x0009df96      0x508 _build/nrf52840_xxaa/system_nrf52840.c.o
                              0x75d71 (size before relaxing)
 .debug_str     0x0009e49e     0x16e5 _build/nrf52840_xxaa/boards.c.o
                              0x94194 (size before relaxing)
 .debug_str     0x0009fb83      0xf32 _build/nrf52840_xxaa/nrf_drv_clock.c.o
                              0x97685 (size before relaxing)
 .debug_str     0x000a0ab5      0x45c _build/nrf52840_xxaa/nrf_drv_uart.c.o
                              0x93df1 (size before relaxing)
 .debug_str     0x000a0f11      0x79f _build/nrf52840_xxaa/nrfx_clock.c.o
                              0x96929 (size before relaxing)
 .debug_str     0x000a16b0      0xdd2 _build/nrf52840_xxaa/nrfx_gpiote.c.o
                              0x97cf1 (size before relaxing)
 .debug_str     0x000a2482      0x334 _build/nrf52840_xxaa/nrfx_prs.c.o
                              0x96067 (size before relaxing)
 .debug_str     0x000a27b6      0x6a7 _build/nrf52840_xxaa/nrfx_uart.c.o
                              0x97260 (size before relaxing)
 .debug_str     0x000a2e5d      0x96a _build/nrf52840_xxaa/nrfx_uarte.c.o
                              0x976f4 (size before relaxing)
 .debug_str     0x000a37c7     0x98ce _build/nrf52840_xxaa/main.c.o
                              0xa2a2d (size before relaxing)
 .debug_str     0x000ad095      0x56f _build/nrf52840_xxaa/ble_advdata.c.o
                              0x917b0 (size before relaxing)
 .debug_str     0x000ad604      0x37a _build/nrf52840_xxaa/ble_conn_params.c.o
                              0x94636 (size before relaxing)
 .debug_str     0x000ad97e      0x861 _build/nrf52840_xxaa/ble_conn_state.c.o
                              0x93289 (size before relaxing)
 .debug_str     0x000ae1df      0x47c _build/nrf52840_xxaa/ble_srv_common.c.o
                              0x88864 (size before relaxing)
 .debug_str     0x000ae65b      0x4d2 _build/nrf52840_xxaa/nrf_ble_gatt.c.o
                              0x940bb (size before relaxing)
 .debug_str     0x000aeb2d      0x209 _build/nrf52840_xxaa/nrf_ble_qwr.c.o
                              0x92267 (size before relaxing)
 .debug_str     0x000aed36      0x105 _build/nrf52840_xxaa/ble_lbs.c.o
                              0x92824 (size before relaxing)
 .debug_str     0x000aee3b      0x4f4 _build/nrf52840_xxaa/nrf_sdh.c.o
                              0x8fca9 (size before relaxing)
 .debug_str     0x000af32f      0x6f6 _build/nrf52840_xxaa/nrf_sdh_ble.c.o
                              0x94d0b (size before relaxing)
 .debug_str     0x000afa25      0x184 _build/nrf52840_xxaa/nrf_sdh_soc.c.o
                              0x8ec99 (size before relaxing)

.debug_loc      0x00000000    0x1c683
 .debug_loc     0x00000000      0x186 _build/nrf52840_xxaa/nrf_log_backend_serial.c.o
 .debug_loc     0x00000186      0x334 _build/nrf52840_xxaa/nrf_log_backend_uart.c.o
 .debug_loc     0x000004ba       0x17 _build/nrf52840_xxaa/nrf_log_default_backends.c.o