Archive member included to satisfy reference by file (symbol)

d:/program files (x86)/gnu arm embedded toolchain/9 2020-q2-update/bin/../lib/gcc/arm-none-eabi/9.3.1/../../../../arm-none-eabi/lib/thumb/v7e-m+fp/hard\libc_nano.a(lib_a-ctype_.o)
                              _build/nrf52832_xxaa/nrf_log_str_formatter.c.o (_ctype_)
d:/program files (x86)/gnu arm embedded toolchain/9 2020-q2-update/bin/../lib/gcc/arm-none-eabi/9.3.1/../../../../arm-none-eabi/lib/thumb/v7e-m+fp/hard\libc_nano.a(lib_a-exit.o)
                              d:/program files (x86)/gnu arm embedded toolchain/9 2020-q2-update/bin/../lib/gcc/arm-none-eabi/9.3.1/../../../../arm-none-eabi/lib/thumb/v7e-m+fp/hard/crt0.o (exit)
d:/program files (x86)/gnu arm embedded toolchain/9 2020-q2-update/bin/../lib/gcc/arm-none-eabi/9.3.1/../../../../arm-none-eabi/lib/thumb/v7e-m+fp/hard\libc_nano.a(lib_a-impure.o)
                              d:/program files (x86)/gnu arm embedded toolchain/9 2020-q2-update/bin/../lib/gcc/arm-none-eabi/9.3.1/../../../../arm-none-eabi/lib/thumb/v7e-m+fp/hard\libc_nano.a(lib_a-exit.o) (_global_impure_ptr)
d:/program files (x86)/gnu arm embedded toolchain/9 2020-q2-update/bin/../lib/gcc/arm-none-eabi/9.3.1/../../../../arm-none-eabi/lib/thumb/v7e-m+fp/hard\libc_nano.a(lib_a-init.o)
                              d:/program files (x86)/gnu arm embedded toolchain/9 2020-q2-update/bin/../lib/gcc/arm-none-eabi/9.3.1/../../../../arm-none-eabi/lib/thumb/v7e-m+fp/hard/crt0.o (__libc_init_array)
d:/program files (x86)/gnu arm embedded toolchain/9 2020-q2-update/bin/../lib/gcc/arm-none-eabi/9.3.1/../../../../arm-none-eabi/lib/thumb/v7e-m+fp/hard\libc_nano.a(lib_a-memcpy-stub.o)
                              _build/nrf52832_xxaa/nrf_log_frontend.c.o (memcpy)
d:/program files (x86)/gnu arm embedded toolchain/9 2020-q2-update/bin/../lib/gcc/arm-none-eabi/9.3.1/../../../../arm-none-eabi/lib/thumb/v7e-m+fp/hard\libc_nano.a(lib_a-memset.o)
                              d:/program files (x86)/gnu arm embedded toolchain/9 2020-q2-update/bin/../lib/gcc/arm-none-eabi/9.3.1/../../../../arm-none-eabi/lib/thumb/v7e-m+fp/hard/crt0.o (memset)
d:/program files (x86)/gnu arm embedded toolchain/9 2020-q2-update/bin/../lib/gcc/arm-none-eabi/9.3.1/../../../../arm-none-eabi/lib/thumb/v7e-m+fp/hard\libc_nano.a(lib_a-printf.o)
                              _build/nrf52832_xxaa/main.c.o (printf)
d:/program files (x86)/gnu arm embedded toolchain/9 2020-q2-update/bin/../lib/gcc/arm-none-eabi/9.3.1/../../../../arm-none-eabi/lib/thumb/v7e-m+fp/hard\libc_nano.a(lib_a-strcpy.o)
                              _build/nrf52832_xxaa/SEGGER_RTT.c.o (strcpy)
d:/program files (x86)/gnu arm embedded toolchain/9 2020-q2-update/bin/../lib/gcc/arm-none-eabi/9.3.1/../../../../arm-none-eabi/lib/thumb/v7e-m+fp/hard\libc_nano.a(lib_a-strlen.o)
                              _build/nrf52832_xxaa/nrf_log_frontend.c.o (strlen)
d:/program files (x86)/gnu arm embedded toolchain/9 2020-q2-update/bin/../lib/gcc/arm-none-eabi/9.3.1/../../../../arm-none-eabi/lib/thumb/v7e-m+fp/hard\libc_nano.a(lib_a-findfp.o)
                              d:/program files (x86)/gnu arm embedded toolchain/9 2020-q2-update/bin/../lib/gcc/arm-none-eabi/9.3.1/../../../../arm-none-eabi/lib/thumb/v7e-m+fp/hard\libc_nano.a(lib_a-printf.o) (__sinit)
d:/program files (x86)/gnu arm embedded toolchain/9 2020-q2-update/bin/../lib/gcc/arm-none-eabi/9.3.1/../../../../arm-none-eabi/lib/thumb/v7e-m+fp/hard\libc_nano.a(lib_a-fwalk.o)
                              d:/program files (x86)/gnu arm embedded toolchain/9 2020-q2-update/bin/../lib/gcc/arm-none-eabi/9.3.1/../../../../arm-none-eabi/lib/thumb/v7e-m+fp/hard\libc_nano.a(lib_a-findfp.o) (_fwalk)
d:/program files (x86)/gnu arm embedded toolchain/9 2020-q2-update/bin/../lib/gcc/arm-none-eabi/9.3.1/../../../../arm-none-eabi/lib/thumb/v7e-m+fp/hard\libc_nano.a(lib_a-lock.o)
                              d:/program files (x86)/gnu arm embedded toolchain/9 2020-q2-update/bin/../lib/gcc/arm-none-eabi/9.3.1/../../../../arm-none-eabi/lib/thumb/v7e-m+fp/hard\libc_nano.a(lib_a-findfp.o) (__retarget_lock_init_recursive)
d:/program files (x86)/gnu arm embedded toolchain/9 2020-q2-update/bin/../lib/gcc/arm-none-eabi/9.3.1/../../../../arm-none-eabi/lib/thumb/v7e-m+fp/hard\libc_nano.a(lib_a-nano-mallocr.o)
                              d:/program files (x86)/gnu arm embedded toolchain/9 2020-q2-update/bin/../lib/gcc/arm-none-eabi/9.3.1/../../../../arm-none-eabi/lib/thumb/v7e-m+fp/hard\libc_nano.a(lib_a-findfp.o) (_malloc_r)
d:/program files (x86)/gnu arm embedded toolchain/9 2020-q2-update/bin/../lib/gcc/arm-none-eabi/9.3.1/../../../../arm-none-eabi/lib/thumb/v7e-m+fp/hard\libc_nano.a(lib_a-nano-vfprintf.o)
                              d:/program files (x86)/gnu arm embedded toolchain/9 2020-q2-update/bin/../lib/gcc/arm-none-eabi/9.3.1/../../../../arm-none-eabi/lib/thumb/v7e-m+fp/hard\libc_nano.a(lib_a-printf.o) (_vfprintf_r)
[...]
Memory Configuration

Name             Origin             Length             Attributes
FLASH            0x00000000         0x00080000         xr
RAM              0x20000000         0x00010000         xrw
*default*        0x00000000         0xffffffff

Linker script and memory map


.text           0x00000000     0x4158
 *(.isr_vector)
 .isr_vector    0x00000000      0x200 _build/nrf52832_xxaa/gcc_startup_nrf52.S.o
                0x00000000                __isr_vector
 *(.text*)
 .text          0x00000200       0x40 d:/program files (x86)/gnu arm embedded toolchain/9 2020-q2-update/bin/../lib/gcc/arm-none-eabi/9.3.1/thumb/v7e-m+fp/hard/crtbegin.o
 .text          0x00000240       0x7c d:/program files (x86)/gnu arm embedded toolchain/9 2020-q2-update/bin/../lib/gcc/arm-none-eabi/9.3.1/../../../../arm-none-eabi/lib/thumb/v7e-m+fp/hard/crt0.o
                0x00000240                _stack_init
                0x00000248                _start
                0x00000248                _mainCRTStartup
 .text          0x000002bc       0x3c _build/nrf52832_xxaa/gcc_startup_nrf52.S.o
                0x000002bc                Reset_Handler
                0x000002e4                NMI_Handler
                0x000002e6                HardFault_Handler
                0x000002e8                MemoryManagement_Handler
                0x000002ea                BusFault_Handler
                0x000002ec                UsageFault_Handler
                0x000002ee                SVC_Handler
                0x000002f0                DebugMon_Handler
                0x000002f2                PendSV_Handler
                0x000002f4                SysTick_Handler
                0x000002f6                SWI0_EGU0_IRQHandler
                0x000002f6                POWER_CLOCK_IRQHandler
                0x000002f6                RADIO_IRQHandler
                0x000002f6                PWM1_IRQHandler
                0x000002f6                TEMP_IRQHandler
                0x000002f6                QDEC_IRQHandler
                0x000002f6                TIMER3_IRQHandler
                0x000002f6                FPU_IRQHandler
                0x000002f6                SPIM0_SPIS0_TWIM0_TWIS0_SPI0_TWI0_IRQHandler
                0x000002f6                PDM_IRQHandler
                0x000002f6                TIMER4_IRQHandler
                0x000002f6                I2S_IRQHandler
                0x000002f6                RTC0_IRQHandler
                0x000002f6                TIMER0_IRQHandler
                0x000002f6                SWI2_EGU2_IRQHandler
                0x000002f6                TIMER1_IRQHandler
                0x000002f6                PWM2_IRQHandler
                0x000002f6                ECB_IRQHandler
                0x000002f6                SPIM1_SPIS1_TWIM1_TWIS1_SPI1_TWI1_IRQHandler
                0x000002f6                Default_Handler
                0x000002f6                SAADC_IRQHandler
                0x000002f6                CCM_AAR_IRQHandler
                0x000002f6                WDT_IRQHandler
                0x000002f6                GPIOTE_IRQHandler
                0x000002f6                SWI5_EGU5_IRQHandler
                0x000002f6                RNG_IRQHandler
                0x000002f6                RTC2_IRQHandler
                0x000002f6                PWM0_IRQHandler
                0x000002f6                SWI3_EGU3_IRQHandler
                0x000002f6                RTC1_IRQHandler
                0x000002f6                SWI1_EGU1_IRQHandler
                0x000002f6                SPIM2_SPIS2_SPI2_IRQHandler
                0x000002f6                NFCT_IRQHandler
                0x000002f6                SWI4_EGU4_IRQHandler
                0x000002f6                MWU_IRQHandler
                0x000002f6                TIMER2_IRQHandler
                0x000002f6                COMP_LPCOMP_IRQHandler
 .text.nrf_log_init
                0x000002f8       0x28 _build/nrf52832_xxaa/nrf_log_frontend.c.o
                0x000002f8                nrf_log_init
 .text.nrf_log_module_name_get
                0x00000320       0x48 _build/nrf52832_xxaa/nrf_log_frontend.c.o
                0x00000320                nrf_log_module_name_get
 .text.nrf_log_color_id_get
                0x00000368       0x2c _build/nrf52832_xxaa/nrf_log_frontend.c.o
                0x00000368                nrf_log_color_id_get
 .text.nrf_log_frontend_dequeue
                0x00000394      0x244 _build/nrf52832_xxaa/nrf_log_frontend.c.o
                0x00000394                nrf_log_frontend_dequeue
 .text.nrf_log_frontend_std_0
                0x000005d8      0x180 _build/nrf52832_xxaa/nrf_log_frontend.c.o
                0x000005d8                nrf_log_frontend_std_0
 .text.nrf_log_backend_add
                0x00000758       0x5c _build/nrf52832_xxaa/nrf_log_frontend.c.o
                0x00000758                nrf_log_backend_add
 .text.nrf_log_panic
                0x000007b4       0x28 _build/nrf52832_xxaa/nrf_log_frontend.c.o
                0x000007b4                nrf_log_panic
 .text.prefix_process
                0x000007dc       0x80 _build/nrf52832_xxaa/nrf_log_str_formatter.c.o
 .text.nrf_log_std_entry_process
                0x0000085c       0xf0 _build/nrf52832_xxaa/nrf_log_str_formatter.c.o
                0x0000085c                nrf_log_std_entry_process
 .text.nrf_log_hexdump_entry_process
                0x0000094c       0xfc _build/nrf52832_xxaa/nrf_log_str_formatter.c.o
                0x0000094c                nrf_log_hexdump_entry_process
 .text.bsp_board_init
                0x00000a48       0x5c _build/nrf52832_xxaa/boards.c.o
                0x00000a48                bsp_board_init
 .text.app_error_handler_bare
                0x00000aa4       0x20 _build/nrf52832_xxaa/app_error.c.o
                0x00000aa4                app_error_handler_bare
 .text.app_error_fault_handler
                0x00000ac4       0x70 _build/nrf52832_xxaa/app_error_weak.c.o
                0x00000ac4                app_error_fault_handler
 .text.app_fifo_init
                0x00000b34       0x20 _build/nrf52832_xxaa/app_fifo.c.o
                0x00000b34                app_fifo_init
 .text.app_fifo_put
                0x00000b54       0x30 _build/nrf52832_xxaa/app_fifo.c.o
                0x00000b54                app_fifo_put
 .text.app_fifo_get
                0x00000b84       0x2c _build/nrf52832_xxaa/app_fifo.c.o
                0x00000b84                app_fifo_get
 .text.uart_event_handler
                0x00000bb0      0x120 _build/nrf52832_xxaa/app_uart_fifo.c.o
 .text.app_uart_init
                0x00000cd0       0xf8 _build/nrf52832_xxaa/app_uart_fifo.c.o
                0x00000cd0                app_uart_init
 .text.app_uart_get
                0x00000dc8       0x5c _build/nrf52832_xxaa/app_uart_fifo.c.o
                0x00000dc8                app_uart_get
 .text.app_uart_put
                0x00000e24       0x74 _build/nrf52832_xxaa/app_uart_fifo.c.o
                0x00000e24                app_uart_put
 .text.app_util_critical_region_enter
                0x00000e98       0x10 _build/nrf52832_xxaa/app_util_platform.c.o
                0x00000e98                app_util_critical_region_enter
 .text.app_util_critical_region_exit
                0x00000ea8       0x14 _build/nrf52832_xxaa/app_util_platform.c.o
                0x00000ea8                app_util_critical_region_exit
 .text.nrf_atomic_u32_fetch_store
                0x00000ebc       0x1c _build/nrf52832_xxaa/nrf_atomic.c.o
                0x00000ebc                nrf_atomic_u32_fetch_store
 .text.nrf_atomic_u32_add
                0x00000ed8       0x1c _build/nrf52832_xxaa/nrf_atomic.c.o
                0x00000ed8                nrf_atomic_u32_add
 .text.nrf_atomic_u32_sub
                0x00000ef4       0x1c _build/nrf52832_xxaa/nrf_atomic.c.o
                0x00000ef4                nrf_atomic_u32_sub
 .text.nrf_atomic_flag_set
                0x00000f10       0x20 _build/nrf52832_xxaa/nrf_atomic.c.o
                0x00000f10                nrf_atomic_flag_set
 .text.nrf_atomic_flag_clear_fetch
                0x00000f30       0x20 _build/nrf52832_xxaa/nrf_atomic.c.o
                0x00000f30                nrf_atomic_flag_clear_fetch
 .text.nrf_balloc_init
                0x00000f50       0x38 _build/nrf52832_xxaa/nrf_balloc.c.o
                0x00000f50                nrf_balloc_init
 .text.nrf_balloc_alloc
                0x00000f88       0x4c _build/nrf52832_xxaa/nrf_balloc.c.o
                0x00000f88                nrf_balloc_alloc
 .text.nrf_balloc_free
                0x00000fd4       0x2c _build/nrf52832_xxaa/nrf_balloc.c.o
                0x00000fd4                nrf_balloc_free
 .text.nrf_fprintf_buffer_flush
                0x00001000       0x18 _build/nrf52832_xxaa/nrf_fprintf.c.o
                0x00001000                nrf_fprintf_buffer_flush
 .text.nrf_fprintf
                0x00001018       0x20 _build/nrf52832_xxaa/nrf_fprintf.c.o
                0x00001018                nrf_fprintf
 .text.unsigned_print
                0x00001038      0x14c _build/nrf52832_xxaa/nrf_fprintf_format.c.o
 .text.nrf_fprintf_fmt
                0x00001184      0x5cc _build/nrf52832_xxaa/nrf_fprintf_format.c.o
                0x00001184                nrf_fprintf_fmt
 .text.nrf_memobj_pool_init
                0x00001750        0x4 _build/nrf52832_xxaa/nrf_memobj.c.o
                0x00001750                nrf_memobj_pool_init
 .text.nrf_memobj_alloc
                0x00001754       0x94 _build/nrf52832_xxaa/nrf_memobj.c.o
                0x00001754                nrf_memobj_alloc
 .text.nrf_memobj_get
                0x000017e8        0x8 _build/nrf52832_xxaa/nrf_memobj.c.o
                0x000017e8                nrf_memobj_get
 .text.nrf_memobj_put
                0x000017f0       0x58 _build/nrf52832_xxaa/nrf_memobj.c.o
                0x000017f0                nrf_memobj_put
 .text.nrf_memobj_write
                0x00001848       0x68 _build/nrf52832_xxaa/nrf_memobj.c.o
                0x00001848                nrf_memobj_write
 .text.nrf_memobj_read
                0x000018b0       0x68 _build/nrf52832_xxaa/nrf_memobj.c.o
                0x000018b0                nrf_memobj_read
 .text.nrf_ringbuf_init
                0x00001918       0x1c _build/nrf52832_xxaa/nrf_ringbuf.c.o
                0x00001918                nrf_ringbuf_init
 .text._write   0x00001934       0x1c _build/nrf52832_xxaa/retarget.c.o
                0x00001934                _write
 .text._read    0x00001950       0x14 _build/nrf52832_xxaa/retarget.c.o
                0x00001950                _read
 .text.uarte_evt_handler
                0x00001964       0x34 _build/nrf52832_xxaa/nrf_drv_uart.c.o
 .text.uart_evt_handler
                0x00001998       0x34 _build/nrf52832_xxaa/nrf_drv_uart.c.o
 .text.nrf_drv_uart_init
                0x000019cc       0x80 _build/nrf52832_xxaa/nrf_drv_uart.c.o
                0x000019cc                nrf_drv_uart_init
 .text.UARTE0_UART0_IRQHandler
                0x00001a4c        0xc _build/nrf52832_xxaa/nrfx_prs.c.o
                0x00001a4c                UARTE0_UART0_IRQHandler
 .text.nrfx_prs_acquire
                0x00001a58       0x3c _build/nrf52832_xxaa/nrfx_prs.c.o
                0x00001a58                nrfx_prs_acquire
 .text.nrfx_uart_0_irq_handler
                0x00001a94      0x1c4 _build/nrf52832_xxaa/nrfx_uart.c.o
                0x00001a94                nrfx_uart_0_irq_handler
 .text.nrfx_uart_init
                0x00001c58      0x1a4 _build/nrf52832_xxaa/nrfx_uart.c.o
                0x00001c58                nrfx_uart_init
 .text.nrfx_uart_tx
                0x00001dfc       0xd0 _build/nrf52832_xxaa/nrfx_uart.c.o
                0x00001dfc                nrfx_uart_tx
 .text.nrfx_uart_tx_in_progress
                0x00001ecc       0x18 _build/nrf52832_xxaa/nrfx_uart.c.o
                0x00001ecc                nrfx_uart_tx_in_progress
 .text.nrfx_uart_rx
                0x00001ee4      0x148 _build/nrf52832_xxaa/nrfx_uart.c.o
                0x00001ee4                nrfx_uart_rx
 .text.nrfx_uarte_0_irq_handler
                0x0000202c      0x168 _build/nrf52832_xxaa/nrfx_uarte.c.o
                0x0000202c                nrfx_uarte_0_irq_handler
 .text.nrfx_uarte_init
                0x00002194      0x1dc _build/nrf52832_xxaa/nrfx_uarte.c.o
                0x00002194                nrfx_uarte_init
 .text.nrfx_uarte_tx
                0x00002370       0xb4 _build/nrf52832_xxaa/nrfx_uarte.c.o
                0x00002370                nrfx_uarte_tx
 .text.nrfx_uarte_tx_in_progress
                0x00002424       0x1c _build/nrf52832_xxaa/nrfx_uarte.c.o
                0x00002424                nrfx_uarte_tx_in_progress
 .text.nrfx_uarte_rx
                0x00002440      0x130 _build/nrf52832_xxaa/nrfx_uarte.c.o
                0x00002440                nrfx_uarte_rx
 .text.uart_error_handle
                0x00002570       0x38 _build/nrf52832_xxaa/main.c.o
                0x00002570                uart_error_handle
 .text.startup.main
                0x000025a8       0x90 _build/nrf52832_xxaa/main.c.o
                0x000025a8                main
 .text.SystemInit
                0x00002638      0x37c _build/nrf52832_xxaa/system_nrf52.c.o
                0x00002638                SystemInit
 .text.nrf_log_backend_rtt_flush
                0x000029b4        0x4 _build/nrf52832_xxaa/nrf_log_backend_rtt.c.o
 .text.nrf_log_backend_rtt_put
                0x000029b8       0x20 _build/nrf52832_xxaa/nrf_log_backend_rtt.c.o
 .text.serial_tx
                0x000029d8       0x54 _build/nrf52832_xxaa/nrf_log_backend_rtt.c.o
 .text.nrf_log_backend_rtt_panic_set
                0x00002a2c        0x4 _build/nrf52832_xxaa/nrf_log_backend_rtt.c.o
 .text.nrf_log_backend_rtt_init
                0x00002a30        0x4 _build/nrf52832_xxaa/nrf_log_backend_rtt.c.o
                0x00002a30                nrf_log_backend_rtt_init
 .text.nrf_log_backend_serial_put
                0x00002a34       0xd8 _build/nrf52832_xxaa/nrf_log_backend_serial.c.o
                0x00002a34                nrf_log_backend_serial_put
 .text.nrf_log_default_backends_init
                0x00002b0c       0x20 _build/nrf52832_xxaa/nrf_log_default_backends.c.o
                0x00002b0c                nrf_log_default_backends_init
 .text.SEGGER_RTT_WriteNoLock
                0x00002b2c      0x1bc _build/nrf52832_xxaa/SEGGER_RTT.c.o
                0x00002b2c                SEGGER_RTT_WriteNoLock
 .text.SEGGER_RTT_Init
                0x00002ce8       0x60 _build/nrf52832_xxaa/SEGGER_RTT.c.o
                0x00002ce8                SEGGER_RTT_Init
 .text.exit     0x00002d48       0x28 d:/program files (x86)/gnu arm embedded toolchain/9 2020-q2-update/bin/../lib/gcc/arm-none-eabi/9.3.1/../../../../arm-none-eabi/lib/thumb/v7e-m+fp/hard\libc_nano.a(lib_a-exit.o)
                0x00002d48                exit
 .text.__libc_init_array
                0x00002d70       0x48 d:/program files (x86)/gnu arm embedded toolchain/9 2020-q2-update/bin/../lib/gcc/arm-none-eabi/9.3.1/../../../../arm-none-eabi/lib/thumb/v7e-m+fp/hard\libc_nano.a(lib_a-init.o)
                0x00002d70                __libc_init_array
 .text.memcpy   0x00002db8       0x1c d:/program files (x86)/gnu arm embedded toolchain/9 2020-q2-update/bin/../lib/gcc/arm-none-eabi/9.3.1/../../../../arm-none-eabi/lib/thumb/v7e-m+fp/hard\libc_nano.a(lib_a-memcpy-stub.o)
                0x00002db8                memcpy
 .text.memset   0x00002dd4       0x10 d:/program files (x86)/gnu arm embedded toolchain/9 2020-q2-update/bin/../lib/gcc/arm-none-eabi/9.3.1/../../../../arm-none-eabi/lib/thumb/v7e-m+fp/hard\libc_nano.a(lib_a-memset.o)
                0x00002dd4                memset
 .text.printf   0x00002de4       0x30 d:/program files (x86)/gnu arm embedded toolchain/9 2020-q2-update/bin/../lib/gcc/arm-none-eabi/9.3.1/../../../../arm-none-eabi/lib/thumb/v7e-m+fp/hard\libc_nano.a(lib_a-printf.o)
                0x00002de4                iprintf
                0x00002de4                printf
 .text.strcpy   0x00002e14       0x10 d:/program files (x86)/gnu arm embedded toolchain/9 2020-q2-update/bin/../lib/gcc/arm-none-eabi/9.3.1/../../../../arm-none-eabi/lib/thumb/v7e-m+fp/hard\libc_nano.a(lib_a-strcpy.o)
                0x00002e14                strcpy
 .text          0x00002e24       0x10 d:/program files (x86)/gnu arm embedded toolchain/9 2020-q2-update/bin/../lib/gcc/arm-none-eabi/9.3.1/../../../../arm-none-eabi/lib/thumb/v7e-m+fp/hard\libc_nano.a(lib_a-strlen.o)
                0x00002e24                strlen
 .text.std      0x00002e34       0x48 d:/program files (x86)/gnu arm embedded toolchain/9 2020-q2-update/bin/../lib/gcc/arm-none-eabi/9.3.1/../../../../arm-none-eabi/lib/thumb/v7e-m+fp/hard\libc_nano.a(lib_a-findfp.o)
 .text._cleanup_r
                0x00002e7c        0xc d:/program files (x86)/gnu arm embedded toolchain/9 2020-q2-update/bin/../lib/gcc/arm-none-eabi/9.3.1/../../../../arm-none-eabi/lib/thumb/v7e-m+fp/hard\libc_nano.a(lib_a-findfp.o)
                0x00002e7c                _cleanup_r
 .text.__sfmoreglue
                0x00002e88       0x2c d:/program files (x86)/gnu arm embedded toolchain/9 2020-q2-update/bin/../lib/gcc/arm-none-eabi/9.3.1/../../../../arm-none-eabi/lib/thumb/v7e-m+fp/hard\libc_nano.a(lib_a-findfp.o)
                0x00002e88                __sfmoreglue
 .text.__sfp_lock_acquire
                0x00002eb4        0xc d:/program files (x86)/gnu arm embedded toolchain/9 2020-q2-update/bin/../lib/gcc/arm-none-eabi/9.3.1/../../../../arm-none-eabi/lib/thumb/v7e-m+fp/hard\libc_nano.a(lib_a-findfp.o)
                0x00002eb4                __sfp_lock_acquire
 .text.__sfp_lock_release
                0x00002ec0        0xc d:/program files (x86)/gnu arm embedded toolchain/9 2020-q2-update/bin/../lib/gcc/arm-none-eabi/9.3.1/../../../../arm-none-eabi/lib/thumb/v7e-m+fp/hard\libc_nano.a(lib_a-findfp.o)
                0x00002ec0                __sfp_lock_release
 .text.__sinit_lock_acquire
                0x00002ecc        0xc d:/program files (x86)/gnu arm embedded toolchain/9 2020-q2-update/bin/../lib/gcc/arm-none-eabi/9.3.1/../../../../arm-none-eabi/lib/thumb/v7e-m+fp/hard\libc_nano.a(lib_a-findfp.o)
                0x00002ecc                __sinit_lock_acquire
 .text.__sinit_lock_release
                0x00002ed8        0xc d:/program files (x86)/gnu arm embedded toolchain/9 2020-q2-update/bin/../lib/gcc/arm-none-eabi/9.3.1/../../../../arm-none-eabi/lib/thumb/v7e-m+fp/hard\libc_nano.a(lib_a-findfp.o)
                0x00002ed8                __sinit_lock_release
 .text.__sinit  0x00002ee4       0x70 d:/program files (x86)/gnu arm embedded toolchain/9 2020-q2-update/bin/../lib/gcc/arm-none-eabi/9.3.1/../../../../arm-none-eabi/lib/thumb/v7e-m+fp/hard\libc_nano.a(lib_a-findfp.o)
                0x00002ee4                __sinit
 .text.__sfp    0x00002f54       0x8c d:/program files (x86)/gnu arm embedded toolchain/9 2020-q2-update/bin/../lib/gcc/arm-none-eabi/9.3.1/../../../../arm-none-eabi/lib/thumb/v7e-m+fp/hard\libc_nano.a(lib_a-findfp.o)
                0x00002f54                __sfp
 .text._fwalk_reent
                0x00002fe0       0x3e d:/program files (x86)/gnu arm embedded toolchain/9 2020-q2-update/bin/../lib/gcc/arm-none-eabi/9.3.1/../../../../arm-none-eabi/lib/thumb/v7e-m+fp/hard\libc_nano.a(lib_a-fwalk.o)
                0x00002fe0                _fwalk_reent
 .text.__retarget_lock_init_recursive
                0x0000301e        0x2 d:/program files (x86)/gnu arm embedded toolchain/9 2020-q2-update/bin/../lib/gcc/arm-none-eabi/9.3.1/../../../../arm-none-eabi/lib/thumb/v7e-m+fp/hard\libc_nano.a(lib_a-lock.o)
                0x0000301e                __retarget_lock_init_recursive
 .text.__retarget_lock_acquire_recursive
                0x00003020        0x2 d:/program files (x86)/gnu arm embedded toolchain/9 2020-q2-update/bin/../lib/gcc/arm-none-eabi/9.3.1/../../../../arm-none-eabi/lib/thumb/v7e-m+fp/hard\libc_nano.a(lib_a-lock.o)
                0x00003020                __retarget_lock_acquire_recursive
 .text.__retarget_lock_release_recursive
                0x00003022        0x2 d:/program files (x86)/gnu arm embedded toolchain/9 2020-q2-update/bin/../lib/gcc/arm-none-eabi/9.3.1/../../../../arm-none-eabi/lib/thumb/v7e-m+fp/hard\libc_nano.a(lib_a-lock.o)
                0x00003022                __retarget_lock_release_recursive
 .text._malloc_r
                0x00003024       0xb4 d:/program files (x86)/gnu arm embedded toolchain/9 2020-q2-update/bin/../lib/gcc/arm-none-eabi/9.3.1/../../../../arm-none-eabi/lib/thumb/v7e-m+fp/hard\libc_nano.a(lib_a-nano-mallocr.o)
                0x00003024                _malloc_r
 .text.__sfputc_r
                0x000030d8       0x2e d:/program files (x86)/gnu arm embedded toolchain/9 2020-q2-update/bin/../lib/gcc/arm-none-eabi/9.3.1/../../../../arm-none-eabi/lib/thumb/v7e-m+fp/hard\libc_nano.a(lib_a-nano-vfprintf.o)
 .text.__sfputs_r
                0x00003106       0x24 d:/program files (x86)/gnu arm embedded toolchain/9 2020-q2-update/bin/../lib/gcc/arm-none-eabi/9.3.1/../../../../arm-none-eabi/lib/thumb/v7e-m+fp/hard\libc_nano.a(lib_a-nano-vfprintf.o)
                0x00003106                __sfputs_r
 *fill*         0x0000312a        0x2 
 .text._vfprintf_r
                0x0000312c      0x260 d:/program files (x86)/gnu arm embedded toolchain/9 2020-q2-update/bin/../lib/gcc/arm-none-eabi/9.3.1/../../../../arm-none-eabi/lib/thumb/v7e-m+fp/hard\libc_nano.a(lib_a-nano-vfprintf.o)
                0x0000312c                _vfprintf_r
                0x0000312c                _vfiprintf_r
 .text._printf_common
                0x0000338c       0xda d:/program files (x86)/gnu arm embedded toolchain/9 2020-q2-update/bin/../lib/gcc/arm-none-eabi/9.3.1/../../../../arm-none-eabi/lib/thumb/v7e-m+fp/hard\libc_nano.a(lib_a-nano-vfprintf_i.o)
                0x0000338c                _printf_common
 *fill*         0x00003466        0x2 
 .text._printf_i
                0x00003468      0x24c d:/program files (x86)/gnu arm embedded toolchain/9 2020-q2-update/bin/../lib/gcc/arm-none-eabi/9.3.1/../../../../arm-none-eabi/lib/thumb/v7e-m+fp/hard\libc_nano.a(lib_a-nano-vfprintf_i.o)
                0x00003468                _printf_i
 .text._sbrk_r  0x000036b4       0x20 d:/program files (x86)/gnu arm embedded toolchain/9 2020-q2-update/bin/../lib/gcc/arm-none-eabi/9.3.1/../../../../arm-none-eabi/lib/thumb/v7e-m+fp/hard\libc_nano.a(lib_a-sbrkr.o)
                0x000036b4                _sbrk_r
 .text.__sread  0x000036d4       0x22 d:/program files (x86)/gnu arm embedded toolchain/9 2020-q2-update/bin/../lib/gcc/arm-none-eabi/9.3.1/../../../../arm-none-eabi/lib/thumb/v7e-m+fp/hard\libc_nano.a(lib_a-stdio.o)
                0x000036d4                __sread
 .text.__swrite
                0x000036f6       0x38 d:/program files (x86)/gnu arm embedded toolchain/9 2020-q2-update/bin/../lib/gcc/arm-none-eabi/9.3.1/../../../../arm-none-eabi/lib/thumb/v7e-m+fp/hard\libc_nano.a(lib_a-stdio.o)
                0x000036f6                __swrite
 .text.__sseek  0x0000372e       0x24 d:/program files (x86)/gnu arm embedded toolchain/9 2020-q2-update/bin/../lib/gcc/arm-none-eabi/9.3.1/../../../../arm-none-eabi/lib/thumb/v7e-m+fp/hard\libc_nano.a(lib_a-stdio.o)
                0x0000372e                __sseek
 .text.__sclose
                0x00003752        0x8 d:/program files (x86)/gnu arm embedded toolchain/9 2020-q2-update/bin/../lib/gcc/arm-none-eabi/9.3.1/../../../../arm-none-eabi/lib/thumb/v7e-m+fp/hard\libc_nano.a(lib_a-stdio.o)
                0x00003752                __sclose
 *fill*         0x0000375a        0x2 
 .text.__swbuf_r
                0x0000375c       0xa4 d:/program files (x86)/gnu arm embedded toolchain/9 2020-q2-update/bin/../lib/gcc/arm-none-eabi/9.3.1/../../../../arm-none-eabi/lib/thumb/v7e-m+fp/hard\libc_nano.a(lib_a-wbuf.o)
                0x0000375c                __swbuf_r
 .text._write_r
                0x00003800       0x24 d:/program files (x86)/gnu arm embedded toolchain/9 2020-q2-update/bin/../lib/gcc/arm-none-eabi/9.3.1/../../../../arm-none-eabi/lib/thumb/v7e-m+fp/hard\libc_nano.a(lib_a-writer.o)
                0x00003800                _write_r
 .text.__swsetup_r
                0x00003824       0xdc d:/program files (x86)/gnu arm embedded toolchain/9 2020-q2-update/bin/../lib/gcc/arm-none-eabi/9.3.1/../../../../arm-none-eabi/lib/thumb/v7e-m+fp/hard\libc_nano.a(lib_a-wsetup.o)
                0x00003824                __swsetup_r
 .text._close_r
                0x00003900       0x20 d:/program files (x86)/gnu arm embedded toolchain/9 2020-q2-update/bin/../lib/gcc/arm-none-eabi/9.3.1/../../../../arm-none-eabi/lib/thumb/v7e-m+fp/hard\libc_nano.a(lib_a-closer.o)
                0x00003900                _close_r
 .text.__sflush_r
                0x00003920      0x10c d:/program files (x86)/gnu arm embedded toolchain/9 2020-q2-update/bin/../lib/gcc/arm-none-eabi/9.3.1/../../../../arm-none-eabi/lib/thumb/v7e-m+fp/hard\libc_nano.a(lib_a-fflush.o)
                0x00003920                __sflush_r
 .text._fflush_r
                0x00003a2c       0x78 d:/program files (x86)/gnu arm embedded toolchain/9 2020-q2-update/bin/../lib/gcc/arm-none-eabi/9.3.1/../../../../arm-none-eabi/lib/thumb/v7e-m+fp/hard\libc_nano.a(lib_a-fflush.o)
                0x00003a2c                _fflush_r
 .text._lseek_r
                0x00003aa4       0x24 d:/program files (x86)/gnu arm embedded toolchain/9 2020-q2-update/bin/../lib/gcc/arm-none-eabi/9.3.1/../../../../arm-none-eabi/lib/thumb/v7e-m+fp/hard\libc_nano.a(lib_a-lseekr.o)
                0x00003aa4                _lseek_r
 .text.__swhatbuf_r
                0x00003ac8       0x48 d:/program files (x86)/gnu arm embedded toolchain/9 2020-q2-update/bin/../lib/gcc/arm-none-eabi/9.3.1/../../../../arm-none-eabi/lib/thumb/v7e-m+fp/hard\libc_nano.a(lib_a-makebuf.o)
                0x00003ac8                __swhatbuf_r
 .text.__smakebuf_r
                0x00003b10       0x80 d:/program files (x86)/gnu arm embedded toolchain/9 2020-q2-update/bin/../lib/gcc/arm-none-eabi/9.3.1/../../../../arm-none-eabi/lib/thumb/v7e-m+fp/hard\libc_nano.a(lib_a-makebuf.o)
                0x00003b10                __smakebuf_r
 .text          0x00003b90       0xa0 d:/program files (x86)/gnu arm embedded toolchain/9 2020-q2-update/bin/../lib/gcc/arm-none-eabi/9.3.1/../../../../arm-none-eabi/lib/thumb/v7e-m+fp/hard\libc_nano.a(lib_a-memchr.o)
                0x00003b90                memchr
 .text.__malloc_lock
                0x00003c30        0xc d:/program files (x86)/gnu arm embedded toolchain/9 2020-q2-update/bin/../lib/gcc/arm-none-eabi/9.3.1/../../../../arm-none-eabi/lib/thumb/v7e-m+fp/hard\libc_nano.a(lib_a-mlock.o)
                0x00003c30                __malloc_lock
 .text.__malloc_unlock
                0x00003c3c        0xc d:/program files (x86)/gnu arm embedded toolchain/9 2020-q2-update/bin/../lib/gcc/arm-none-eabi/9.3.1/../../../../arm-none-eabi/lib/thumb/v7e-m+fp/hard\libc_nano.a(lib_a-mlock.o)
                0x00003c3c                __malloc_unlock
 .text._free_r  0x00003c48       0xa0 d:/program files (x86)/gnu arm embedded toolchain/9 2020-q2-update/bin/../lib/gcc/arm-none-eabi/9.3.1/../../../../arm-none-eabi/lib/thumb/v7e-m+fp/hard\libc_nano.a(lib_a-nano-freer.o)
                0x00003c48                _free_r
 .text._read_r  0x00003ce8       0x24 d:/program files (x86)/gnu arm embedded toolchain/9 2020-q2-update/bin/../lib/gcc/arm-none-eabi/9.3.1/../../../../arm-none-eabi/lib/thumb/v7e-m+fp/hard\libc_nano.a(lib_a-readr.o)
                0x00003ce8                _read_r
 .text._fstat_r
                0x00003d0c       0x24 d:/program files (x86)/gnu arm embedded toolchain/9 2020-q2-update/bin/../lib/gcc/arm-none-eabi/9.3.1/../../../../arm-none-eabi/lib/thumb/v7e-m+fp/hard\libc_nano.a(lib_a-fstatr.o)
                0x00003d0c                _fstat_r
 .text._isatty_r
                0x00003d30       0x20 d:/program files (x86)/gnu arm embedded toolchain/9 2020-q2-update/bin/../lib/gcc/arm-none-eabi/9.3.1/../../../../arm-none-eabi/lib/thumb/v7e-m+fp/hard\libc_nano.a(lib_a-isattyr.o)
                0x00003d30                _isatty_r
 .text._close   0x00003d50       0x10 d:/program files (x86)/gnu arm embedded toolchain/9 2020-q2-update/bin/../lib/gcc/arm-none-eabi/9.3.1/../../../../arm-none-eabi/lib/thumb/v7e-m+fp/hard\libnosys.a(close.o)
                0x00003d50                _close
 .text._fstat   0x00003d60       0x10 d:/program files (x86)/gnu arm embedded toolchain/9 2020-q2-update/bin/../lib/gcc/arm-none-eabi/9.3.1/../../../../arm-none-eabi/lib/thumb/v7e-m+fp/hard\libnosys.a(fstat.o)
                0x00003d60                _fstat
 .text._isatty  0x00003d70       0x10 d:/program files (x86)/gnu arm embedded toolchain/9 2020-q2-update/bin/../lib/gcc/arm-none-eabi/9.3.1/../../../../arm-none-eabi/lib/thumb/v7e-m+fp/hard\libnosys.a(isatty.o)
                0x00003d70                _isatty
 .text._lseek   0x00003d80       0x10 d:/program files (x86)/gnu arm embedded toolchain/9 2020-q2-update/bin/../lib/gcc/arm-none-eabi/9.3.1/../../../../arm-none-eabi/lib/thumb/v7e-m+fp/hard\libnosys.a(lseek.o)
                0x00003d80                _lseek
 .text._sbrk    0x00003d90       0x1c d:/program files (x86)/gnu arm embedded toolchain/9 2020-q2-update/bin/../lib/gcc/arm-none-eabi/9.3.1/../../../../arm-none-eabi/lib/thumb/v7e-m+fp/hard\libnosys.a(sbrk.o)
                0x00003d90                _sbrk
 .text._exit    0x00003dac        0x4 d:/program files (x86)/gnu arm embedded toolchain/9 2020-q2-update/bin/../lib/gcc/arm-none-eabi/9.3.1/../../../../arm-none-eabi/lib/thumb/v7e-m+fp/hard\libnosys.a(_exit.o)
                0x00003dac                _exit
 *(.init)
 .init          0x00003db0        0x4 d:/program files (x86)/gnu arm embedded toolchain/9 2020-q2-update/bin/../lib/gcc/arm-none-eabi/9.3.1/thumb/v7e-m+fp/hard/crti.o
                0x00003db0                _init
 .init          0x00003db4        0x8 d:/program files (x86)/gnu arm embedded toolchain/9 2020-q2-update/bin/../lib/gcc/arm-none-eabi/9.3.1/thumb/v7e-m+fp/hard/crtn.o
 *(.fini)
 .fini          0x00003dbc        0x4 d:/program files (x86)/gnu arm embedded toolchain/9 2020-q2-update/bin/../lib/gcc/arm-none-eabi/9.3.1/thumb/v7e-m+fp/hard/crti.o
                0x00003dbc                _fini
 .fini          0x00003dc0        0x8 d:/program files (x86)/gnu arm embedded toolchain/9 2020-q2-update/bin/../lib/gcc/arm-none-eabi/9.3.1/thumb/v7e-m+fp/hard/crtn.o
 *crtbegin.o(.ctors)
 *crtbegin?.o(.ctors)
 *(EXCLUDE_FILE(*crtend.o *crtend?.o) .ctors)
 *(SORT_BY_NAME(.ctors.*))
 *(.ctors)
 *crtbegin.o(.dtors)
 *crtbegin?.o(.dtors)
 *(EXCLUDE_FILE(*crtend.o *crtend?.o) .dtors)
 *(SORT_BY_NAME(.dtors.*))
 *(.dtors)
 *(.rodata*)
 .rodata.nrf_log_frontend_dequeue.str1.4
                0x00003dc8       0x11 _build/nrf52832_xxaa/nrf_log_frontend.c.o
 *fill*         0x00003dd9        0x3 
 .rodata.str1.4
                0x00003ddc        0x4 _build/nrf52832_xxaa/nrf_log_frontend.c.o
 .rodata.m_log_push_ringbuf
                0x00003de0        0xc _build/nrf52832_xxaa/nrf_log_frontend.c.o
 .rodata.prefix_process.str1.4
                0x00003dec       0x36 _build/nrf52832_xxaa/nrf_log_str_formatter.c.o
 *fill*         0x00003e22        0x2 
 .rodata.nrf_log_std_entry_process.str1.4
                0x00003e24        0x3 _build/nrf52832_xxaa/nrf_log_str_formatter.c.o
 *fill*         0x00003e27        0x1 
 .rodata.nrf_log_hexdump_entry_process.str1.4
                0x00003e28       0x13 _build/nrf52832_xxaa/nrf_log_str_formatter.c.o
                                 0x16 (size before relaxing)
 *fill*         0x00003e3b        0x1 
 .rodata.str1.4
                0x00003e3c       0x56 _build/nrf52832_xxaa/nrf_log_str_formatter.c.o
 *fill*         0x00003e92        0x2 
 .rodata.m_colors
                0x00003e94       0x24 _build/nrf52832_xxaa/nrf_log_str_formatter.c.o
 .rodata.severity_names
                0x00003eb8       0x14 _build/nrf52832_xxaa/nrf_log_str_formatter.c.o
 .rodata.app_error_fault_handler.str1.4
                0x00003ecc       0x19 _build/nrf52832_xxaa/app_error_weak.c.o
 *fill*         0x00003ee5        0x3 
 .rodata        0x00003ee8       0x20 _build/nrf52832_xxaa/app_uart_fifo.c.o
 .rodata._aV2C.7604
                0x00003f08       0x10 _build/nrf52832_xxaa/nrf_fprintf_format.c.o
 .rodata.str1.4
                0x00003f18        0x4 _build/nrf52832_xxaa/nrfx_prs.c.o
 .rodata.str1.4
                0x00003f1c        0x5 _build/nrf52832_xxaa/nrfx_uart.c.o
 *fill*         0x00003f21        0x3 
 .rodata.str1.4
                0x00003f24        0x6 _build/nrf52832_xxaa/nrfx_uarte.c.o
 *fill*         0x00003f2a        0x2 
 .rodata.uart_error_handle.str1.4
                0x00003f2c        0x9 _build/nrf52832_xxaa/main.c.o
 *fill*         0x00003f35        0x3 
 .rodata.main.str1.4
                0x00003f38        0xb _build/nrf52832_xxaa/main.c.o
 *fill*         0x00003f43        0x1 
 .rodata        0x00003f44       0x18 _build/nrf52832_xxaa/main.c.o
 *fill*         0x00003f5c        0x4 
 .rodata.delay_machine_code.8167
                0x00003f60        0x6 _build/nrf52832_xxaa/main.c.o
 *fill*         0x00003f66        0x2 
 .rodata.CSWTCH.15
                0x00003f68        0x4 _build/nrf52832_xxaa/system_nrf52.c.o
 .rodata.CSWTCH.19
                0x00003f6c        0x4 _build/nrf52832_xxaa/system_nrf52.c.o
 .rodata.CSWTCH.5
                0x00003f70        0x4 _build/nrf52832_xxaa/system_nrf52.c.o
 *fill*         0x00003f74        0xc 
 .rodata.delay_machine_code.8794
                0x00003f80        0x6 _build/nrf52832_xxaa/nrf_log_backend_rtt.c.o
 *fill*         0x00003f86        0x2 
 .rodata.nrf_log_backend_rtt_api
                0x00003f88        0xc _build/nrf52832_xxaa/nrf_log_backend_rtt.c.o
                0x00003f88                nrf_log_backend_rtt_api
 .rodata.str1.4
                0x00003f94       0x10 _build/nrf52832_xxaa/nrf_log_default_backends.c.o
 .rodata.SEGGER_RTT_ReadNoLock.str1.4
                0x00003fa4       0x17 _build/nrf52832_xxaa/SEGGER_RTT.c.o
 .rodata._ctype_
                0x00003fbb      0x101 d:/program files (x86)/gnu arm embedded toolchain/9 2020-q2-update/bin/../lib/gcc/arm-none-eabi/9.3.1/../../../../arm-none-eabi/lib/thumb/v7e-m+fp/hard\libc_nano.a(lib_a-ctype_.o)
                0x00003fbb                _ctype_
 .rodata._global_impure_ptr
                0x000040bc        0x4 d:/program files (x86)/gnu arm embedded toolchain/9 2020-q2-update/bin/../lib/gcc/arm-none-eabi/9.3.1/../../../../arm-none-eabi/lib/thumb/v7e-m+fp/hard\libc_nano.a(lib_a-impure.o)
                0x000040bc                _global_impure_ptr
 .rodata.__sf_fake_stderr
                0x000040c0       0x20 d:/program files (x86)/gnu arm embedded toolchain/9 2020-q2-update/bin/../lib/gcc/arm-none-eabi/9.3.1/../../../../arm-none-eabi/lib/thumb/v7e-m+fp/hard\libc_nano.a(lib_a-findfp.o)
                0x000040c0                __sf_fake_stderr
 .rodata.__sf_fake_stdin
                0x000040e0       0x20 d:/program files (x86)/gnu arm embedded toolchain/9 2020-q2-update/bin/../lib/gcc/arm-none-eabi/9.3.1/../../../../arm-none-eabi/lib/thumb/v7e-m+fp/hard\libc_nano.a(lib_a-findfp.o)
                0x000040e0                __sf_fake_stdin
 .rodata.__sf_fake_stdout
                0x00004100       0x20 d:/program files (x86)/gnu arm embedded toolchain/9 2020-q2-update/bin/../lib/gcc/arm-none-eabi/9.3.1/../../../../arm-none-eabi/lib/thumb/v7e-m+fp/hard\libc_nano.a(lib_a-findfp.o)
                0x00004100                __sf_fake_stdout
 .rodata._vfprintf_r.str1.1
                0x00004120       0x11 d:/program files (x86)/gnu arm embedded toolchain/9 2020-q2-update/bin/../lib/gcc/arm-none-eabi/9.3.1/../../../../arm-none-eabi/lib/thumb/v7e-m+fp/hard\libc_nano.a(lib_a-nano-vfprintf.o)
 .rodata._printf_i.str1.1
                0x00004131       0x22 d:/program files (x86)/gnu arm embedded toolchain/9 2020-q2-update/bin/../lib/gcc/arm-none-eabi/9.3.1/../../../../arm-none-eabi/lib/thumb/v7e-m+fp/hard\libc_nano.a(lib_a-nano-vfprintf_i.o)
 *(.eh_frame*)
 *fill*         0x00004153        0x1 
 .eh_frame      0x00004154        0x0 d:/program files (x86)/gnu arm embedded toolchain/9 2020-q2-update/bin/../lib/gcc/arm-none-eabi/9.3.1/thumb/v7e-m+fp/hard/crtbegin.o
 .eh_frame      0x00004154        0x4 d:/program files (x86)/gnu arm embedded toolchain/9 2020-q2-update/bin/../lib/gcc/arm-none-eabi/9.3.1/thumb/v7e-m+fp/hard/crtend.o

.glue_7         0x00004158        0x0
 .glue_7        0x00004158        0x0 linker stubs

.glue_7t        0x00004158        0x0
 .glue_7t       0x00004158        0x0 linker stubs

.vfp11_veneer   0x00004158        0x0
 .vfp11_veneer  0x00004158        0x0 linker stubs

.v4_bx          0x00004158        0x0
 .v4_bx         0x00004158        0x0 linker stubs

.iplt           0x00004158        0x0
 .iplt          0x00004158        0x0 d:/program files (x86)/gnu arm embedded toolchain/9 2020-q2-update/bin/../lib/gcc/arm-none-eabi/9.3.1/thumb/v7e-m+fp/hard/crtbegin.o

.mem_section_dummy_rom

.log_const_data
                0x00004158       0x20
                0x00004158                PROVIDE (__start_log_const_data = .)
 *(SORT_BY_NAME(.log_const_data*))
 .log_const_data_PRS
                0x00004158        0x8 _build/nrf52832_xxaa/nrfx_prs.c.o
                0x00004158                m_nrf_log_PRS_logs_data_const
 .log_const_data_UART
                0x00004160        0x8 _build/nrf52832_xxaa/nrfx_uart.c.o
                0x00004160                m_nrf_log_UART_logs_data_const
 .log_const_data_UARTE
                0x00004168        0x8 _build/nrf52832_xxaa/nrfx_uarte.c.o
                0x00004168                m_nrf_log_UARTE_logs_data_const
 .log_const_data_app
                0x00004170        0x8 _build/nrf52832_xxaa/nrf_log_frontend.c.o
                0x00004170                m_nrf_log_app_logs_data_const
                0x00004178                PROVIDE (__stop_log_const_data = .)

.log_backends   0x00004178       0x10
                [!provide]                PROVIDE (__start_log_backends = .)
 *(SORT_BY_NAME(.log_backends*))
 .log_backends  0x00004178       0x10 _build/nrf52832_xxaa/nrf_log_default_backends.c.o
                [!provide]                PROVIDE (__stop_log_backends = .)

.nrf_balloc     0x00004188       0x14
                [!provide]                PROVIDE (__start_nrf_balloc = .)
 *(.nrf_balloc)
 .nrf_balloc    0x00004188       0x14 _build/nrf52832_xxaa/nrf_log_frontend.c.o
                0x00004188                log_mempool
                [!provide]                PROVIDE (__stop_nrf_balloc = .)

.ARM.extab
 *(.ARM.extab* .gnu.linkonce.armextab.*)
                0x0000419c                __exidx_start = .

.ARM.exidx      0x0000419c        0x8
 *(.ARM.exidx* .gnu.linkonce.armexidx.*)
 .ARM.exidx     0x0000419c        0x8 d:/program files (x86)/gnu arm embedded toolchain/9 2020-q2-update/bin/../lib/gcc/arm-none-eabi/9.3.1/../../../../arm-none-eabi/lib/thumb/v7e-m+fp/hard/crt0.o
                                 0x10 (size before relaxing)
                0x000041a4                __exidx_end = .

.rel.dyn        0x000041a4        0x0
 .rel.iplt      0x000041a4        0x0 d:/program files (x86)/gnu arm embedded toolchain/9 2020-q2-update/bin/../lib/gcc/arm-none-eabi/9.3.1/thumb/v7e-m+fp/hard/crtbegin.o
                0x000041a4                . = ALIGN (0x4)
                0x000041a4                __etext = .

.data           0x20000000       0x8c load address 0x000041a4
                0x20000000                __data_start__ = .
 *(vtable)
 *(.data*)
 .data.app_uart_inst
                0x20000000       0x14 _build/nrf52832_xxaa/app_uart_fifo.c.o
 .data.SystemCoreClock
                0x20000014        0x4 _build/nrf52832_xxaa/system_nrf52.c.o
                0x20000014                SystemCoreClock
 .data.log_backend_cb_rtt_log_backend
                0x20000018        0x8 _build/nrf52832_xxaa/nrf_log_default_backends.c.o
 .data._impure_ptr
                0x20000020        0x4 d:/program files (x86)/gnu arm embedded toolchain/9 2020-q2-update/bin/../lib/gcc/arm-none-eabi/9.3.1/../../../../arm-none-eabi/lib/thumb/v7e-m+fp/hard\libc_nano.a(lib_a-impure.o)
                0x20000020                _impure_ptr
 .data.impure_data
                0x20000024       0x60 d:/program files (x86)/gnu arm embedded toolchain/9 2020-q2-update/bin/../lib/gcc/arm-none-eabi/9.3.1/../../../../arm-none-eabi/lib/thumb/v7e-m+fp/hard\libc_nano.a(lib_a-impure.o)
                0x20000084                . = ALIGN (0x4)
                0x20000084                PROVIDE (__preinit_array_start = .)
 *(.preinit_array)
                0x20000084                PROVIDE (__preinit_array_end = .)
                0x20000084                . = ALIGN (0x4)
                0x20000084                PROVIDE (__init_array_start = .)
 *(SORT_BY_NAME(.init_array.*))
 *(.init_array)
 .init_array    0x20000084        0x4 d:/program files (x86)/gnu arm embedded toolchain/9 2020-q2-update/bin/../lib/gcc/arm-none-eabi/9.3.1/thumb/v7e-m+fp/hard/crtbegin.o
                0x20000088                PROVIDE (__init_array_end = .)
                0x20000088                . = ALIGN (0x4)
                [!provide]                PROVIDE (__fini_array_start = .)
 *(SORT_BY_NAME(.fini_array.*))
 *(.fini_array)
 .fini_array    0x20000088        0x4 d:/program files (x86)/gnu arm embedded toolchain/9 2020-q2-update/bin/../lib/gcc/arm-none-eabi/9.3.1/thumb/v7e-m+fp/hard/crtbegin.o
                [!provide]                PROVIDE (__fini_array_end = .)
 *(.jcr*)
                0x2000008c                . = ALIGN (0x4)
                0x2000008c                __data_end__ = .
LOAD d:/program files (x86)/gnu arm embedded toolchain/9 2020-q2-update/bin/../lib/gcc/arm-none-eabi/9.3.1/thumb/v7e-m+fp/hard/crti.o
LOAD d:/program files (x86)/gnu arm embedded toolchain/9 2020-q2-update/bin/../lib/gcc/arm-none-eabi/9.3.1/thumb/v7e-m+fp/hard/crtbegin.o
LOAD d:/program files (x86)/gnu arm embedded toolchain/9 2020-q2-update/bin/../lib/gcc/arm-none-eabi/9.3.1/../../../../arm-none-eabi/lib/thumb/v7e-m+fp/hard/crt0.o
LOAD _build/nrf52832_xxaa/gcc_startup_nrf52.S.o
LOAD _build/nrf52832_xxaa/nrf_log_frontend.c.o
LOAD _build/nrf52832_xxaa/nrf_log_str_formatter.c.o
LOAD _build/nrf52832_xxaa/boards.c.o
LOAD _build/nrf52832_xxaa/app_error.c.o
LOAD _build/nrf52832_xxaa/app_error_handler_gcc.c.o
LOAD _build/nrf52832_xxaa/app_error_weak.c.o
LOAD _build/nrf52832_xxaa/app_fifo.c.o
LOAD _build/nrf52832_xxaa/app_uart_fifo.c.o
LOAD _build/nrf52832_xxaa/app_util_platform.c.o
LOAD _build/nrf52832_xxaa/nrf_assert.c.o
LOAD _build/nrf52832_xxaa/nrf_atomic.c.o
LOAD _build/nrf52832_xxaa/nrf_balloc.c.o
LOAD _build/nrf52832_xxaa/nrf_fprintf.c.o
LOAD _build/nrf52832_xxaa/nrf_fprintf_format.c.o
LOAD _build/nrf52832_xxaa/nrf_memobj.c.o
LOAD _build/nrf52832_xxaa/nrf_ringbuf.c.o
LOAD _build/nrf52832_xxaa/nrf_strerror.c.o
LOAD _build/nrf52832_xxaa/retarget.c.o
LOAD _build/nrf52832_xxaa/nrf_drv_uart.c.o
LOAD _build/nrf52832_xxaa/nrfx_atomic.c.o
LOAD _build/nrf52832_xxaa/nrfx_prs.c.o
LOAD _build/nrf52832_xxaa/nrfx_uart.c.o
LOAD _build/nrf52832_xxaa/nrfx_uarte.c.o
LOAD _build/nrf52832_xxaa/main.c.o
LOAD _build/nrf52832_xxaa/system_nrf52.c.o
LOAD _build/nrf52832_xxaa/nrf_log_backend_rtt.c.o
LOAD _build/nrf52832_xxaa/nrf_log_backend_serial.c.o
LOAD _build/nrf52832_xxaa/nrf_log_backend_uart.c.o
LOAD _build/nrf52832_xxaa/nrf_log_default_backends.c.o
LOAD _build/nrf52832_xxaa/SEGGER_RTT.c.o
LOAD _build/nrf52832_xxaa/SEGGER_RTT_Syscalls_GCC.c.o
LOAD _build/nrf52832_xxaa/SEGGER_RTT_printf.c.o
LOAD d:/program files (x86)/gnu arm embedded toolchain/9 2020-q2-update/bin/../lib/gcc/arm-none-eabi/9.3.1/../../../../arm-none-eabi/lib/thumb/v7e-m+fp/hard\libc_nano.a
LOAD d:/program files (x86)/gnu arm embedded toolchain/9 2020-q2-update/bin/../lib/gcc/arm-none-eabi/9.3.1/../../../../arm-none-eabi/lib/thumb/v7e-m+fp/hard\libnosys.a
LOAD d:/program files (x86)/gnu arm embedded toolchain/9 2020-q2-update/bin/../lib/gcc/arm-none-eabi/9.3.1/../../../../arm-none-eabi/lib/thumb/v7e-m+fp/hard\libm.a
START GROUP
LOAD d:/program files (x86)/gnu arm embedded toolchain/9 2020-q2-update/bin/../lib/gcc/arm-none-eabi/9.3.1/thumb/v7e-m+fp/hard\libgcc.a
LOAD d:/program files (x86)/gnu arm embedded toolchain/9 2020-q2-update/bin/../lib/gcc/arm-none-eabi/9.3.1/../../../../arm-none-eabi/lib/thumb/v7e-m+fp/hard\libg_nano.a
LOAD d:/program files (x86)/gnu arm embedded toolchain/9 2020-q2-update/bin/../lib/gcc/arm-none-eabi/9.3.1/../../../../arm-none-eabi/lib/thumb/v7e-m+fp/hard\libc_nano.a
END GROUP
START GROUP
LOAD d:/program files (x86)/gnu arm embedded toolchain/9 2020-q2-update/bin/../lib/gcc/arm-none-eabi/9.3.1/thumb/v7e-m+fp/hard\libgcc.a
LOAD d:/program files (x86)/gnu arm embedded toolchain/9 2020-q2-update/bin/../lib/gcc/arm-none-eabi/9.3.1/../../../../arm-none-eabi/lib/thumb/v7e-m+fp/hard\libc_nano.a
END GROUP
LOAD d:/program files (x86)/gnu arm embedded toolchain/9 2020-q2-update/bin/../lib/gcc/arm-none-eabi/9.3.1/thumb/v7e-m+fp/hard/crtend.o
LOAD d:/program files (x86)/gnu arm embedded toolchain/9 2020-q2-update/bin/../lib/gcc/arm-none-eabi/9.3.1/thumb/v7e-m+fp/hard/crtn.o
START GROUP
LOAD d:/program files (x86)/gnu arm embedded toolchain/9 2020-q2-update/bin/../lib/gcc/arm-none-eabi/9.3.1/thumb/v7e-m+fp/hard\libgcc.a
LOAD d:/program files (x86)/gnu arm embedded toolchain/9 2020-q2-update/bin/../lib/gcc/arm-none-eabi/9.3.1/../../../../arm-none-eabi/lib/thumb/v7e-m+fp/hard\libc.a
LOAD d:/program files (x86)/gnu arm embedded toolchain/9 2020-q2-update/bin/../lib/gcc/arm-none-eabi/9.3.1/../../../../arm-none-eabi/lib/thumb/v7e-m+fp/hard\libnosys.a
END GROUP

.igot.plt       0x2000008c        0x0 load address 0x00004230
 .igot.plt      0x2000008c        0x0 d:/program files (x86)/gnu arm embedded toolchain/9 2020-q2-update/bin/../lib/gcc/arm-none-eabi/9.3.1/thumb/v7e-m+fp/hard/crtbegin.o
                0x2000008c                . = ALIGN (0x4)

.mem_section_dummy_ram

.log_dynamic_data
                0x2000008c        0x0
                0x2000008c                PROVIDE (__start_log_dynamic_data = .)
 *(SORT_BY_NAME(.log_dynamic_data*))
                [!provide]                PROVIDE (__stop_log_dynamic_data = .)

.log_filter_data
                0x2000008c        0x0
                [!provide]                PROVIDE (__start_log_filter_data = .)
 *(SORT_BY_NAME(.log_filter_data*))
                [!provide]                PROVIDE (__stop_log_filter_data = .)

.bss            0x20000090      0xb28 load address 0x00004238
                0x20000090                . = ALIGN (0x4)
                0x20000090                __bss_start__ = .
 *(.bss*)
 .bss           0x20000090       0x1c d:/program files (x86)/gnu arm embedded toolchain/9 2020-q2-update/bin/../lib/gcc/arm-none-eabi/9.3.1/thumb/v7e-m+fp/hard/crtbegin.o
 .bss.log_mempool_nrf_balloc_cb
                0x200000ac        0x8 _build/nrf52832_xxaa/nrf_log_frontend.c.o
 .bss.log_mempool_nrf_balloc_pool_mem
                0x200000b4       0xc0 _build/nrf52832_xxaa/nrf_log_frontend.c.o
 .bss.log_mempool_nrf_balloc_pool_stack
                0x20000174        0x8 _build/nrf52832_xxaa/nrf_log_frontend.c.o
 .bss.m_log_data
                0x2000017c      0x420 _build/nrf52832_xxaa/nrf_log_frontend.c.o
 .bss.m_log_push_ringbuf_buf
                0x2000059c       0x80 _build/nrf52832_xxaa/nrf_log_frontend.c.o
 .bss.m_log_push_ringbuf_cb
                0x2000061c       0x18 _build/nrf52832_xxaa/nrf_log_frontend.c.o
 .bss.m_event_handler
                0x20000634        0x4 _build/nrf52832_xxaa/app_uart_fifo.c.o
 .bss.m_rx_fifo
                0x20000638       0x10 _build/nrf52832_xxaa/app_uart_fifo.c.o
 .bss.m_rx_ovf  0x20000648        0x1 _build/nrf52832_xxaa/app_uart_fifo.c.o
 *fill*         0x20000649        0x3 
 .bss.m_tx_fifo
                0x2000064c       0x10 _build/nrf52832_xxaa/app_uart_fifo.c.o
 .bss.rx_buffer
                0x2000065c        0x1 _build/nrf52832_xxaa/app_uart_fifo.c.o
 *fill*         0x2000065d        0x3 
 .bss.tx_buffer
                0x20000660        0x1 _build/nrf52832_xxaa/app_uart_fifo.c.o
 *fill*         0x20000661        0x3 
 .bss.m_in_critical_region
                0x20000664        0x4 _build/nrf52832_xxaa/app_util_platform.c.o
 .bss.m_contexts
                0x20000668        0x4 _build/nrf52832_xxaa/nrf_drv_uart.c.o
 .bss.m_handlers
                0x2000066c        0x4 _build/nrf52832_xxaa/nrf_drv_uart.c.o
 .bss.m_prs_box_4
                0x20000670        0x8 _build/nrf52832_xxaa/nrfx_prs.c.o
 .bss.m_cb      0x20000678       0x2c _build/nrf52832_xxaa/nrfx_uart.c.o
 *fill*         0x200006a4        0x4 
 .bss.m_cb      0x200006a8       0x24 _build/nrf52832_xxaa/nrfx_uarte.c.o
 .bss.rx_buf.9750
                0x200006cc      0x100 _build/nrf52832_xxaa/main.c.o
 .bss.tx_buf.9751
                0x200007cc      0x100 _build/nrf52832_xxaa/main.c.o
 .bss.m_host_present
                0x200008cc        0x1 _build/nrf52832_xxaa/nrf_log_backend_rtt.c.o
 *fill*         0x200008cd        0x3 
 .bss.m_string_buff
                0x200008d0       0x40 _build/nrf52832_xxaa/nrf_log_backend_rtt.c.o
 .bss._acDownBuffer
                0x20000910       0x10 _build/nrf52832_xxaa/SEGGER_RTT.c.o
 .bss._acUpBuffer
                0x20000920      0x200 _build/nrf52832_xxaa/SEGGER_RTT.c.o
 .bss.__malloc_free_list
                0x20000b20        0x4 d:/program files (x86)/gnu arm embedded toolchain/9 2020-q2-update/bin/../lib/gcc/arm-none-eabi/9.3.1/../../../../arm-none-eabi/lib/thumb/v7e-m+fp/hard\libc_nano.a(lib_a-nano-mallocr.o)
                0x20000b20                __malloc_free_list
 .bss.__malloc_sbrk_start
                0x20000b24        0x4 d:/program files (x86)/gnu arm embedded toolchain/9 2020-q2-update/bin/../lib/gcc/arm-none-eabi/9.3.1/../../../../arm-none-eabi/lib/thumb/v7e-m+fp/hard\libc_nano.a(lib_a-nano-mallocr.o)
                0x20000b24                __malloc_sbrk_start
 .bss.heap_end.5507
                0x20000b28        0x4 d:/program files (x86)/gnu arm embedded toolchain/9 2020-q2-update/bin/../lib/gcc/arm-none-eabi/9.3.1/../../../../arm-none-eabi/lib/thumb/v7e-m+fp/hard\libnosys.a(sbrk.o)
 *(COMMON)
 COMMON         0x20000b2c        0x1 _build/nrf52832_xxaa/nrf_drv_uart.c.o
                0x20000b2c                nrf_drv_uart_use_easy_dma
 *fill*         0x20000b2d        0x3 
 COMMON         0x20000b30       0x78 _build/nrf52832_xxaa/SEGGER_RTT.c.o
                0x20000b30                _SEGGER_RTT
 COMMON         0x20000ba8        0x9 d:/program files (x86)/gnu arm embedded toolchain/9 2020-q2-update/bin/../lib/gcc/arm-none-eabi/9.3.1/../../../../arm-none-eabi/lib/thumb/v7e-m+fp/hard\libc_nano.a(lib_a-lock.o)
                0x20000ba8                __lock___atexit_recursive_mutex
                0x20000ba9                __lock___arc4random_mutex
                0x20000baa                __lock___env_recursive_mutex
                0x20000bab                __lock___sinit_recursive_mutex
                0x20000bac                __lock___malloc_recursive_mutex
                0x20000bad                __lock___at_quick_exit_mutex
                0x20000bae                __lock___dd_hash_mutex
                0x20000baf                __lock___tz_mutex
                0x20000bb0                __lock___sfp_recursive_mutex
 *fill*         0x20000bb1        0x3 
 COMMON         0x20000bb4        0x4 d:/program files (x86)/gnu arm embedded toolchain/9 2020-q2-update/bin/../lib/gcc/arm-none-eabi/9.3.1/../../../../arm-none-eabi/lib/thumb/v7e-m+fp/hard\libc_nano.a(lib_a-reent.o)
                0x20000bb4                errno
                0x20000bb8                . = ALIGN (0x4)
                0x20000bb8                __bss_end__ = .

.heap           0x20000bb8     0x2000
                0x20000bb8                __HeapBase = .
                0x20000bb8                __end__ = .
                0x20000bb8                PROVIDE (end = .)
 *(.heap*)
 .heap          0x20000bb8     0x2000 _build/nrf52832_xxaa/gcc_startup_nrf52.S.o
                0x20002bb8                __HeapLimit = .

.stack_dummy    0x20000bb8     0x2000
 *(.stack*)
 .stack         0x20000bb8     0x2000 _build/nrf52832_xxaa/gcc_startup_nrf52.S.o
                0x20010000                __StackTop = (ORIGIN (RAM) + LENGTH (RAM))
                0x2000e000                __StackLimit = (__StackTop - SIZEOF (.stack_dummy))
                0x20010000                PROVIDE (__stack = __StackTop)
                0x00000001                ASSERT ((__StackLimit >= __HeapLimit), region RAM overflowed with stack)
                0x00000090                DataInitFlashUsed = (__bss_start__ - __data_start__)
                0x000041a4                CodeFlashUsed = (__etext - ORIGIN (FLASH))
                0x00004234                TotalFlashUsed = (CodeFlashUsed + DataInitFlashUsed)
                0x00000001                ASSERT ((TotalFlashUsed <= LENGTH (FLASH)), region FLASH overflowed with .data and user data)
OUTPUT(_build/nrf52832_xxaa.out elf32-littlearm)
LOAD linker stubs

.ARM.attributes
                0x00000000       0x30
 .ARM.attributes
                0x00000000       0x1e d:/program files (x86)/gnu arm embedded toolchain/9 2020-q2-update/bin/../lib/gcc/arm-none-eabi/9.3.1/thumb/v7e-m+fp/hard/crti.o
 .ARM.attributes
                0x0000001e       0x34 d:/program files (x86)/gnu arm embedded toolchain/9 2020-q2-update/bin/../lib/gcc/arm-none-eabi/9.3.1/thumb/v7e-m+fp/hard/crtbegin.o
 .ARM.attributes
                0x00000052       0x1c d:/program files (x86)/gnu arm embedded toolchain/9 2020-q2-update/bin/../lib/gcc/arm-none-eabi/9.3.1/../../../../arm-none-eabi/lib/thumb/v7e-m+fp/hard/crt0.o
 .ARM.attributes
                0x0000006e       0x20 _build/nrf52832_xxaa/gcc_startup_nrf52.S.o
 .ARM.attributes
                0x0000008e       0x34 _build/nrf52832_xxaa/nrf_log_frontend.c.o
 .ARM.attributes
                0x000000c2       0x34 _build/nrf52832_xxaa/nrf_log_str_formatter.c.o
 .ARM.attributes
                0x000000f6       0x34 _build/nrf52832_xxaa/boards.c.o
 .ARM.attributes
                0x0000012a       0x34 _build/nrf52832_xxaa/app_error.c.o
 .ARM.attributes
                0x0000015e       0x34 _build/nrf52832_xxaa/app_error_weak.c.o
 .ARM.attributes
                0x00000192       0x34 _build/nrf52832_xxaa/app_fifo.c.o
 .ARM.attributes
                0x000001c6       0x34 _build/nrf52832_xxaa/app_uart_fifo.c.o
 .ARM.attributes
                0x000001fa       0x34 _build/nrf52832_xxaa/app_util_platform.c.o
 .ARM.attributes
                0x0000022e       0x34 _build/nrf52832_xxaa/nrf_atomic.c.o
 .ARM.attributes
                0x00000262       0x34 _build/nrf52832_xxaa/nrf_balloc.c.o
 .ARM.attributes
                0x00000296       0x34 _build/nrf52832_xxaa/nrf_fprintf.c.o
 .ARM.attributes
                0x000002ca       0x34 _build/nrf52832_xxaa/nrf_fprintf_format.c.o
 .ARM.attributes
                0x000002fe       0x34 _build/nrf52832_xxaa/nrf_memobj.c.o
 .ARM.attributes
                0x00000332       0x34 _build/nrf52832_xxaa/nrf_ringbuf.c.o
 .ARM.attributes
                0x00000366       0x34 _build/nrf52832_xxaa/retarget.c.o
 .ARM.attributes
                0x0000039a       0x34 _build/nrf52832_xxaa/nrf_drv_uart.c.o
 .ARM.attributes
                0x000003ce       0x34 _build/nrf52832_xxaa/nrfx_prs.c.o
 .ARM.attributes
                0x00000402       0x34 _build/nrf52832_xxaa/nrfx_uart.c.o
 .ARM.attributes
                0x00000436       0x34 _build/nrf52832_xxaa/nrfx_uarte.c.o
 .ARM.attributes
                0x0000046a       0x34 _build/nrf52832_xxaa/main.c.o
 .ARM.attributes
                0x0000049e       0x34 _build/nrf52832_xxaa/system_nrf52.c.o
 .ARM.attributes
                0x000004d2       0x34 _build/nrf52832_xxaa/nrf_log_backend_rtt.c.o
 .ARM.attributes
                0x00000506       0x34 _build/nrf52832_xxaa/nrf_log_backend_serial.c.o
 .ARM.attributes
                0x0000053a       0x34 _build/nrf52832_xxaa/nrf_log_default_backends.c.o
 .ARM.attributes
                0x0000056e       0x34 _build/nrf52832_xxaa/SEGGER_RTT.c.o
 .ARM.attributes
                0x000005a2       0x32 d:/program files (x86)/gnu arm embedded toolchain/9 2020-q2-update/bin/../lib/gcc/arm-none-eabi/9.3.1/../../../../arm-none-eabi/lib/thumb/v7e-m+fp/hard\libc_nano.a(lib_a-ctype_.o)
 .ARM.attributes
                0x000005d4       0x34 d:/program files (x86)/gnu arm embedded toolchain/9 2020-q2-update/bin/../lib/gcc/arm-none-eabi/9.3.1/../../../../arm-none-eabi/lib/thumb/v7e-m+fp/hard\libc_nano.a(lib_a-exit.o)
 .ARM.attributes
                0x00000608       0x32 d:/program files (x86)/gnu arm embedded toolchain/9 2020-q2-update/bin/../lib/gcc/arm-none-eabi/9.3.1/../../../../arm-none-eabi/lib/thumb/v7e-m+fp/hard\libc_nano.a(lib_a-impure.o)
 .ARM.attributes
                0x0000063a       0x34 d:/program files (x86)/gnu arm embedded toolchain/9 2020-q2-update/bin/../lib/gcc/arm-none-eabi/9.3.1/../../../../arm-none-eabi/lib/thumb/v7e-m+fp/hard\libc_nano.a(lib_a-init.o)
 .ARM.attributes
                0x0000066e       0x34 d:/program files (x86)/gnu arm embedded toolchain/9 2020-q2-update/bin/../lib/gcc/arm-none-eabi/9.3.1/../../../../arm-none-eabi/lib/thumb/v7e-m+fp/hard\libc_nano.a(lib_a-memcpy-stub.o)
 .ARM.attributes
                0x000006a2       0x34 d:/program files (x86)/gnu arm embedded toolchain/9 2020-q2-update/bin/../lib/gcc/arm-none-eabi/9.3.1/../../../../arm-none-eabi/lib/thumb/v7e-m+fp/hard\libc_nano.a(lib_a-memset.o)
 .ARM.attributes
                0x000006d6       0x34 d:/program files (x86)/gnu arm embedded toolchain/9 2020-q2-update/bin/../lib/gcc/arm-none-eabi/9.3.1/../../../../arm-none-eabi/lib/thumb/v7e-m+fp/hard\libc_nano.a(lib_a-printf.o)
 .ARM.attributes
                0x0000070a       0x34 d:/program files (x86)/gnu arm embedded toolchain/9 2020-q2-update/bin/../lib/gcc/arm-none-eabi/9.3.1/../../../../arm-none-eabi/lib/thumb/v7e-m+fp/hard\libc_nano.a(lib_a-strcpy.o)
 .ARM.attributes
                0x0000073e       0x17 d:/program files (x86)/gnu arm embedded toolchain/9 2020-q2-update/bin/../lib/gcc/arm-none-eabi/9.3.1/../../../../arm-none-eabi/lib/thumb/v7e-m+fp/hard\libc_nano.a(lib_a-strlen.o)
 .ARM.attributes
                0x00000755       0x34 d:/program files (x86)/gnu arm embedded toolchain/9 2020-q2-update/bin/../lib/gcc/arm-none-eabi/9.3.1/../../../../arm-none-eabi/lib/thumb/v7e-m+fp/hard\libc_nano.a(lib_a-findfp.o)
 .ARM.attributes
                0x00000789       0x34 d:/program files (x86)/gnu arm embedded toolchain/9 2020-q2-update/bin/../lib/gcc/arm-none-eabi/9.3.1/../../../../arm-none-eabi/lib/thumb/v7e-m+fp/hard\libc_nano.a(lib_a-fwalk.o)
 .ARM.attributes
                0x000007bd       0x34 d:/program files (x86)/gnu arm embedded toolchain/9 2020-q2-update/bin/../lib/gcc/arm-none-eabi/9.3.1/../../../../arm-none-eabi/lib/thumb/v7e-m+fp/hard\libc_nano.a(lib_a-lock.o)
 .ARM.attributes
                0x000007f1       0x34 d:/program files (x86)/gnu arm embedded toolchain/9 2020-q2-update/bin/../lib/gcc/arm-none-eabi/9.3.1/../../../../arm-none-eabi/lib/thumb/v7e-m+fp/hard\libc_nano.a(lib_a-nano-mallocr.o)
 .ARM.attributes
                0x00000825       0x34 d:/program files (x86)/gnu arm embedded toolchain/9 2020-q2-update/bin/../lib/gcc/arm-none-eabi/9.3.1/../../../../arm-none-eabi/lib/thumb/v7e-m+fp/hard\libc_nano.a(lib_a-nano-vfprintf.o)
 .ARM.attributes
                0x00000859       0x34 d:/program files (x86)/gnu arm embedded toolchain/9 2020-q2-update/bin/../lib/gcc/arm-none-eabi/9.3.1/../../../../arm-none-eabi/lib/thumb/v7e-m+fp/hard\libc_nano.a(lib_a-nano-vfprintf_i.o)
 .ARM.attributes
                0x0000088d       0x34 d:/program files (x86)/gnu arm embedded toolchain/9 2020-q2-update/bin/../lib/gcc/arm-none-eabi/9.3.1/../../../../arm-none-eabi/lib/thumb/v7e-m+fp/hard\libc_nano.a(lib_a-sbrkr.o)
 .ARM.attributes
                0x000008c1       0x34 d:/program files (x86)/gnu arm embedded toolchain/9 2020-q2-update/bin/../lib/gcc/arm-none-eabi/9.3.1/../../../../arm-none-eabi/lib/thumb/v7e-m+fp/hard\libc_nano.a(lib_a-stdio.o)
 .ARM.attributes
                0x000008f5       0x34 d:/program files (x86)/gnu arm embedded toolchain/9 2020-q2-update/bin/../lib/gcc/arm-none-eabi/9.3.1/../../../../arm-none-eabi/lib/thumb/v7e-m+fp/hard\libc_nano.a(lib_a-wbuf.o)
 .ARM.attributes
                0x00000929       0x34 d:/program files (x86)/gnu arm embedded toolchain/9 2020-q2-update/bin/../lib/gcc/arm-none-eabi/9.3.1/../../../../arm-none-eabi/lib/thumb/v7e-m+fp/hard\libc_nano.a(lib_a-writer.o)
 .ARM.attributes
                0x0000095d       0x34 d:/program files (x86)/gnu arm embedded toolchain/9 2020-q2-update/bin/../lib/gcc/arm-none-eabi/9.3.1/../../../../arm-none-eabi/lib/thumb/v7e-m+fp/hard\libc_nano.a(lib_a-wsetup.o)
 .ARM.attributes
                0x00000991       0x34 d:/program files (x86)/gnu arm embedded toolchain/9 2020-q2-update/bin/../lib/gcc/arm-none-eabi/9.3.1/../../../../arm-none-eabi/lib/thumb/v7e-m+fp/hard\libc_nano.a(lib_a-closer.o)
 .ARM.attributes
                0x000009c5       0x34 d:/program files (x86)/gnu arm embedded toolchain/9 2020-q2-update/bin/../lib/gcc/arm-none-eabi/9.3.1/../../../../arm-none-eabi/lib/thumb/v7e-m+fp/hard\libc_nano.a(lib_a-fflush.o)
 .ARM.attributes
                0x000009f9       0x34 d:/program files (x86)/gnu arm embedded toolchain/9 2020-q2-update/bin/../lib/gcc/arm-none-eabi/9.3.1/../../../../arm-none-eabi/lib/thumb/v7e-m+fp/hard\libc_nano.a(lib_a-lseekr.o)
 .ARM.attributes
                0x00000a2d       0x34 d:/program files (x86)/gnu arm embedded toolchain/9 2020-q2-update/bin/../lib/gcc/arm-none-eabi/9.3.1/../../../../arm-none-eabi/lib/thumb/v7e-m+fp/hard\libc_nano.a(lib_a-makebuf.o)
 .ARM.attributes
                0x00000a61       0x1c d:/program files (x86)/gnu arm embedded toolchain/9 2020-q2-update/bin/../lib/gcc/arm-none-eabi/9.3.1/../../../../arm-none-eabi/lib/thumb/v7e-m+fp/hard\libc_nano.a(lib_a-memchr.o)
 .ARM.attributes
                0x00000a7d       0x34 d:/program files (x86)/gnu arm embedded toolchain/9 2020-q2-update/bin/../lib/gcc/arm-none-eabi/9.3.1/../../../../arm-none-eabi/lib/thumb/v7e-m+fp/hard\libc_nano.a(lib_a-mlock.o)
 .ARM.attributes
                0x00000ab1       0x34 d:/program files (x86)/gnu arm embedded toolchain/9 2020-q2-update/bin/../lib/gcc/arm-none-eabi/9.3.1/../../../../arm-none-eabi/lib/thumb/v7e-m+fp/hard\libc_nano.a(lib_a-nano-freer.o)
 .ARM.attributes
                0x00000ae5       0x34 d:/program files (x86)/gnu arm embedded toolchain/9 2020-q2-update/bin/../lib/gcc/arm-none-eabi/9.3.1/../../../../arm-none-eabi/lib/thumb/v7e-m+fp/hard\libc_nano.a(lib_a-readr.o)
 .ARM.attributes
                0x00000b19       0x34 d:/program files (x86)/gnu arm embedded toolchain/9 2020-q2-update/bin/../lib/gcc/arm-none-eabi/9.3.1/../../../../arm-none-eabi/lib/thumb/v7e-m+fp/hard\libc_nano.a(lib_a-reent.o)
 .ARM.attributes
                0x00000b4d       0x34 d:/program files (x86)/gnu arm embedded toolchain/9 2020-q2-update/bin/../lib/gcc/arm-none-eabi/9.3.1/../../../../arm-none-eabi/lib/thumb/v7e-m+fp/hard\libc_nano.a(lib_a-fstatr.o)
 .ARM.attributes
                0x00000b81       0x34 d:/program files (x86)/gnu arm embedded toolchain/9 2020-q2-update/bin/../lib/gcc/arm-none-eabi/9.3.1/../../../../arm-none-eabi/lib/thumb/v7e-m+fp/hard\libc_nano.a(lib_a-isattyr.o)
 .ARM.attributes
                0x00000bb5       0x34 d:/program files (x86)/gnu arm embedded toolchain/9 2020-q2-update/bin/../lib/gcc/arm-none-eabi/9.3.1/../../../../arm-none-eabi/lib/thumb/v7e-m+fp/hard\libnosys.a(close.o)
 .ARM.attributes
                0x00000be9       0x34 d:/program files (x86)/gnu arm embedded toolchain/9 2020-q2-update/bin/../lib/gcc/arm-none-eabi/9.3.1/../../../../arm-none-eabi/lib/thumb/v7e-m+fp/hard\libnosys.a(fstat.o)
 .ARM.attributes
                0x00000c1d       0x34 d:/program files (x86)/gnu arm embedded toolchain/9 2020-q2-update/bin/../lib/gcc/arm-none-eabi/9.3.1/../../../../arm-none-eabi/lib/thumb/v7e-m+fp/hard\libnosys.a(isatty.o)
 .ARM.attributes
                0x00000c51       0x34 d:/program files (x86)/gnu arm embedded toolchain/9 2020-q2-update/bin/../lib/gcc/arm-none-eabi/9.3.1/../../../../arm-none-eabi/lib/thumb/v7e-m+fp/hard\libnosys.a(lseek.o)
 .ARM.attributes
                0x00000c85       0x34 d:/program files (x86)/gnu arm embedded toolchain/9 2020-q2-update/bin/../lib/gcc/arm-none-eabi/9.3.1/../../../../arm-none-eabi/lib/thumb/v7e-m+fp/hard\libnosys.a(sbrk.o)
 .ARM.attributes
                0x00000cb9       0x34 d:/program files (x86)/gnu arm embedded toolchain/9 2020-q2-update/bin/../lib/gcc/arm-none-eabi/9.3.1/../../../../arm-none-eabi/lib/thumb/v7e-m+fp/hard\libnosys.a(_exit.o)
 .ARM.attributes
                0x00000ced       0x32 d:/program files (x86)/gnu arm embedded toolchain/9 2020-q2-update/bin/../lib/gcc/arm-none-eabi/9.3.1/thumb/v7e-m+fp/hard/crtend.o
 .ARM.attributes
                0x00000d1f       0x1e d:/program files (x86)/gnu arm embedded toolchain/9 2020-q2-update/bin/../lib/gcc/arm-none-eabi/9.3.1/thumb/v7e-m+fp/hard/crtn.o

.comment        0x00000000       0x4c
 .comment       0x00000000       0x4c _build/nrf52832_xxaa/nrf_log_frontend.c.o
                                 0x4d (size before relaxing)
 .comment       0x0000004c       0x4d _build/nrf52832_xxaa/nrf_log_str_formatter.c.o
 .comment       0x0000004c       0x4d _build/nrf52832_xxaa/boards.c.o
 .comment       0x0000004c       0x4d _build/nrf52832_xxaa/app_error.c.o
 .comment       0x0000004c       0x4d _build/nrf52832_xxaa/app_error_weak.c.o
 .comment       0x0000004c       0x4d _build/nrf52832_xxaa/app_fifo.c.o
 .comment       0x0000004c       0x4d _build/nrf52832_xxaa/app_uart_fifo.c.o
 .comment       0x0000004c       0x4d _build/nrf52832_xxaa/app_util_platform.c.o
 .comment       0x0000004c       0x4d _build/nrf52832_xxaa/nrf_atomic.c.o
 .comment       0x0000004c       0x4d _build/nrf52832_xxaa/nrf_balloc.c.o
 .comment       0x0000004c       0x4d _build/nrf52832_xxaa/nrf_fprintf.c.o
 .comment       0x0000004c       0x4d _build/nrf52832_xxaa/nrf_fprintf_format.c.o
 .comment       0x0000004c       0x4d _build/nrf52832_xxaa/nrf_memobj.c.o
 .comment       0x0000004c       0x4d _build/nrf52832_xxaa/nrf_ringbuf.c.o
 .comment       0x0000004c       0x4d _build/nrf52832_xxaa/retarget.c.o
 .comment       0x0000004c       0x4d _build/nrf52832_xxaa/nrf_drv_uart.c.o
 .comment       0x0000004c       0x4d _build/nrf52832_xxaa/nrfx_prs.c.o
 .comment       0x0000004c       0x4d _build/nrf52832_xxaa/nrfx_uart.c.o
 .comment       0x0000004c       0x4d _build/nrf52832_xxaa/nrfx_uarte.c.o
 .comment       0x0000004c       0x4d _build/nrf52832_xxaa/main.c.o
 .comment       0x0000004c       0x4d _build/nrf52832_xxaa/system_nrf52.c.o
 .comment       0x0000004c       0x4d _build/nrf52832_xxaa/nrf_log_backend_rtt.c.o
 .comment       0x0000004c       0x4d _build/nrf52832_xxaa/nrf_log_backend_serial.c.o
 .comment       0x0000004c       0x4d _build/nrf52832_xxaa/nrf_log_default_backends.c.o
 .comment       0x0000004c       0x4d _build/nrf52832_xxaa/SEGGER_RTT.c.o

.debug_line     0x00000000    0x16455
 .debug_line    0x00000000       0x86 _build/nrf52832_xxaa/gcc_startup_nrf52.S.o
 .debug_line    0x00000086     0x2b54 _build/nrf52832_xxaa/nrf_log_frontend.c.o
 .debug_line    0x00002bda      0xa0b _build/nrf52832_xxaa/nrf_log_str_formatter.c.o
 .debug_line    0x000035e5     0x10ab _build/nrf52832_xxaa/boards.c.o
 .debug_line    0x00004690      0x5e4 _build/nrf52832_xxaa/app_error.c.o
 .debug_line    0x00004c74      0x894 _build/nrf52832_xxaa/app_error_weak.c.o
 .debug_line    0x00005508      0x95f _build/nrf52832_xxaa/app_fifo.c.o
 .debug_line    0x00005e67      0xdff _build/nrf52832_xxaa/app_uart_fifo.c.o
 .debug_line    0x00006c66      0x6b0 _build/nrf52832_xxaa/app_util_platform.c.o
 .debug_line    0x00007316      0x8f9 _build/nrf52832_xxaa/nrf_atomic.c.o
 .debug_line    0x00007c0f      0x904 _build/nrf52832_xxaa/nrf_balloc.c.o
 .debug_line    0x00008513      0x5b5 _build/nrf52832_xxaa/nrf_fprintf.c.o
 .debug_line    0x00008ac8      0xf8f _build/nrf52832_xxaa/nrf_fprintf_format.c.o
 .debug_line    0x00009a57      0xb96 _build/nrf52832_xxaa/nrf_memobj.c.o
 .debug_line    0x0000a5ed      0x9f6 _build/nrf52832_xxaa/nrf_ringbuf.c.o
 .debug_line    0x0000afe3      0x617 _build/nrf52832_xxaa/retarget.c.o
 .debug_line    0x0000b5fa      0x881 _build/nrf52832_xxaa/nrf_drv_uart.c.o
 .debug_line    0x0000be7b      0x95f _build/nrf52832_xxaa/nrfx_prs.c.o
 .debug_line    0x0000c7da     0x1e7a _build/nrf52832_xxaa/nrfx_uart.c.o
 .debug_line    0x0000e654     0x1e22 _build/nrf52832_xxaa/nrfx_uarte.c.o
 .debug_line    0x00010476      0xbc3 _build/nrf52832_xxaa/main.c.o
 .debug_line    0x00011039      0x99d _build/nrf52832_xxaa/system_nrf52.c.o
 .debug_line    0x000119d6      0xaf4 _build/nrf52832_xxaa/nrf_log_backend_rtt.c.o
 .debug_line    0x000124ca      0x8d4 _build/nrf52832_xxaa/nrf_log_backend_serial.c.o
 .debug_line    0x00012d9e      0x7a8 _build/nrf52832_xxaa/nrf_log_default_backends.c.o
 .debug_line    0x00013546     0x2f0f _build/nrf52832_xxaa/SEGGER_RTT.c.o

.debug_info     0x00000000    0x27fb2
 .debug_info    0x00000000       0x26 _build/nrf52832_xxaa/gcc_startup_nrf52.S.o
 .debug_info    0x00000026     0x45a8 _build/nrf52832_xxaa/nrf_log_frontend.c.o
 .debug_info    0x000045ce     0x13db _build/nrf52832_xxaa/nrf_log_str_formatter.c.o
 .debug_info    0x000059a9     0x16dd _build/nrf52832_xxaa/boards.c.o
 .debug_info    0x00007086      0xb94 _build/nrf52832_xxaa/app_error.c.o
 .debug_info    0x00007c1a      0xfb5 _build/nrf52832_xxaa/app_error_weak.c.o
 .debug_info    0x00008bcf      0xfcd _build/nrf52832_xxaa/app_fifo.c.o
 .debug_info    0x00009b9c     0x2170 _build/nrf52832_xxaa/app_uart_fifo.c.o
 .debug_info    0x0000bd0c     0x10c1 _build/nrf52832_xxaa/app_util_platform.c.o
 .debug_info    0x0000cdcd     0x13e4 _build/nrf52832_xxaa/nrf_atomic.c.o
 .debug_info    0x0000e1b1      0xe40 _build/nrf52832_xxaa/nrf_balloc.c.o
 .debug_info    0x0000eff1      0xb51 _build/nrf52832_xxaa/nrf_fprintf.c.o
 .debug_info    0x0000fb42     0x157d _build/nrf52832_xxaa/nrf_fprintf_format.c.o
 .debug_info    0x000110bf     0x15ca _build/nrf52832_xxaa/nrf_memobj.c.o
 .debug_info    0x00012689      0xf3a _build/nrf52832_xxaa/nrf_ringbuf.c.o
 .debug_info    0x000135c3      0xa99 _build/nrf52832_xxaa/retarget.c.o
 .debug_info    0x0001405c     0x1a96 _build/nrf52832_xxaa/nrf_drv_uart.c.o
 .debug_info    0x00015af2     0x11aa _build/nrf52832_xxaa/nrfx_prs.c.o
 .debug_info    0x00016c9c     0x40ea _build/nrf52832_xxaa/nrfx_uart.c.o
 .debug_info    0x0001ad86     0x40a0 _build/nrf52832_xxaa/nrfx_uarte.c.o
 .debug_info    0x0001ee26     0x12bc _build/nrf52832_xxaa/main.c.o
 .debug_info    0x000200e2     0x1517 _build/nrf52832_xxaa/system_nrf52.c.o
 .debug_info    0x000215f9     0x113d _build/nrf52832_xxaa/nrf_log_backend_rtt.c.o
 .debug_info    0x00022736     0x11f6 _build/nrf52832_xxaa/nrf_log_backend_serial.c.o
 .debug_info    0x0002392c      0xd48 _build/nrf52832_xxaa/nrf_log_default_backends.c.o
 .debug_info    0x00024674     0x393e _build/nrf52832_xxaa/SEGGER_RTT.c.o

.debug_abbrev   0x00000000     0x572a
 .debug_abbrev  0x00000000       0x14 _build/nrf52832_xxaa/gcc_startup_nrf52.S.o
 .debug_abbrev  0x00000014      0x626 _build/nrf52832_xxaa/nrf_log_frontend.c.o
 .debug_abbrev  0x0000063a      0x320 _build/nrf52832_xxaa/nrf_log_str_formatter.c.o
 .debug_abbrev  0x0000095a      0x408 _build/nrf52832_xxaa/boards.c.o
 .debug_abbrev  0x00000d62      0x276 _build/nrf52832_xxaa/app_error.c.o
 .debug_abbrev  0x00000fd8      0x2fd _build/nrf52832_xxaa/app_error_weak.c.o
 .debug_abbrev  0x000012d5      0x2d1 _build/nrf52832_xxaa/app_fifo.c.o
 .debug_abbrev  0x000015a6      0x416 _build/nrf52832_xxaa/app_uart_fifo.c.o
 .debug_abbrev  0x000019bc      0x37a _build/nrf52832_xxaa/app_util_platform.c.o
 .debug_abbrev  0x00001d36      0x378 _build/nrf52832_xxaa/nrf_atomic.c.o
 .debug_abbrev  0x000020ae      0x343 _build/nrf52832_xxaa/nrf_balloc.c.o
 .debug_abbrev  0x000023f1      0x27d _build/nrf52832_xxaa/nrf_fprintf.c.o
 .debug_abbrev  0x0000266e      0x3fa _build/nrf52832_xxaa/nrf_fprintf_format.c.o
 .debug_abbrev  0x00002a68      0x397 _build/nrf52832_xxaa/nrf_memobj.c.o
 .debug_abbrev  0x00002dff      0x2b2 _build/nrf52832_xxaa/nrf_ringbuf.c.o
 .debug_abbrev  0x000030b1      0x24b _build/nrf52832_xxaa/retarget.c.o
 .debug_abbrev  0x000032fc      0x2da _build/nrf52832_xxaa/nrf_drv_uart.c.o
 .debug_abbrev  0x000035d6      0x35b _build/nrf52832_xxaa/nrfx_prs.c.o
 .debug_abbrev  0x00003931      0x59d _build/nrf52832_xxaa/nrfx_uart.c.o
 .debug_abbrev  0x00003ece      0x571 _build/nrf52832_xxaa/nrfx_uarte.c.o
 .debug_abbrev  0x0000443f      0x3b3 _build/nrf52832_xxaa/main.c.o
 .debug_abbrev  0x000047f2      0x26c _build/nrf52832_xxaa/system_nrf52.c.o
 .debug_abbrev  0x00004a5e      0x382 _build/nrf52832_xxaa/nrf_log_backend_rtt.c.o
 .debug_abbrev  0x00004de0      0x2cc _build/nrf52832_xxaa/nrf_log_backend_serial.c.o
 .debug_abbrev  0x000050ac      0x294 _build/nrf52832_xxaa/nrf_log_default_backends.c.o
 .debug_abbrev  0x00005340      0x3ea _build/nrf52832_xxaa/SEGGER_RTT.c.o

.debug_aranges  0x00000000      0x790
 .debug_aranges
                0x00000000       0x20 _build/nrf52832_xxaa/gcc_startup_nrf52.S.o
 .debug_aranges
                0x00000020       0xb8 _build/nrf52832_xxaa/nrf_log_frontend.c.o
 .debug_aranges
                0x000000d8       0x38 _build/nrf52832_xxaa/nrf_log_str_formatter.c.o
 .debug_aranges
                0x00000110       0x78 _build/nrf52832_xxaa/boards.c.o
 .debug_aranges
                0x00000188       0x28 _build/nrf52832_xxaa/app_error.c.o
 .debug_aranges
                0x000001b0       0x20 _build/nrf52832_xxaa/app_error_weak.c.o
 .debug_aranges
                0x000001d0       0x50 _build/nrf52832_xxaa/app_fifo.c.o
 .debug_aranges
                0x00000220       0x48 _build/nrf52832_xxaa/app_uart_fifo.c.o
 .debug_aranges
                0x00000268       0x48 _build/nrf52832_xxaa/app_util_platform.c.o
 .debug_aranges
                0x000002b0       0xb0 _build/nrf52832_xxaa/nrf_atomic.c.o
 .debug_aranges
                0x00000360       0x30 _build/nrf52832_xxaa/nrf_balloc.c.o
 .debug_aranges
                0x00000390       0x28 _build/nrf52832_xxaa/nrf_fprintf.c.o
 .debug_aranges
                0x000003b8       0x28 _build/nrf52832_xxaa/nrf_fprintf_format.c.o
 .debug_aranges
                0x000003e0       0x50 _build/nrf52832_xxaa/nrf_memobj.c.o
 .debug_aranges
                0x00000430       0x50 _build/nrf52832_xxaa/nrf_ringbuf.c.o
 .debug_aranges
                0x00000480       0x28 _build/nrf52832_xxaa/retarget.c.o
 .debug_aranges
                0x000004a8       0x30 _build/nrf52832_xxaa/nrf_drv_uart.c.o
 .debug_aranges
                0x000004d8       0x30 _build/nrf52832_xxaa/nrfx_prs.c.o
 .debug_aranges
                0x00000508       0x78 _build/nrf52832_xxaa/nrfx_uart.c.o
 .debug_aranges
                0x00000580       0x68 _build/nrf52832_xxaa/nrfx_uarte.c.o
 .debug_aranges
                0x000005e8       0x28 _build/nrf52832_xxaa/main.c.o
 .debug_aranges
                0x00000610       0x28 _build/nrf52832_xxaa/system_nrf52.c.o
 .debug_aranges
                0x00000638       0x38 _build/nrf52832_xxaa/nrf_log_backend_rtt.c.o
 .debug_aranges
                0x00000670       0x20 _build/nrf52832_xxaa/nrf_log_backend_serial.c.o
 .debug_aranges
                0x00000690       0x20 _build/nrf52832_xxaa/nrf_log_default_backends.c.o
 .debug_aranges
                0x000006b0       0xe0 _build/nrf52832_xxaa/SEGGER_RTT.c.o

.debug_str      0x00000000    0x7b46a
 .debug_str     0x00000000       0xb4 _build/nrf52832_xxaa/gcc_startup_nrf52.S.o
 .debug_str     0x000000b4    0x7093c _build/nrf52832_xxaa/nrf_log_frontend.c.o
                              0x718cb (size before relaxing)
 .debug_str     0x000709f0      0x782 _build/nrf52832_xxaa/nrf_log_str_formatter.c.o
                              0x70b7d (size before relaxing)
 .debug_str     0x00071172     0x40b0 _build/nrf52832_xxaa/boards.c.o
                              0x7079f (size before relaxing)
 .debug_str     0x00075222      0x10b _build/nrf52832_xxaa/app_error.c.o
                              0x62808 (size before relaxing)
 .debug_str     0x0007532d       0xc2 _build/nrf52832_xxaa/app_error_weak.c.o
                              0x70ae3 (size before relaxing)
 .debug_str     0x000753ef      0x16d _build/nrf52832_xxaa/app_fifo.c.o
                              0x6c010 (size before relaxing)
 .debug_str     0x0007555c     0x1681 _build/nrf52832_xxaa/app_uart_fifo.c.o
                              0x70efc (size before relaxing)
 .debug_str     0x00076bdd      0x2fc _build/nrf52832_xxaa/app_util_platform.c.o
                              0x63020 (size before relaxing)
 .debug_str     0x00076ed9      0x6b9 _build/nrf52832_xxaa/nrf_atomic.c.o
                              0x6c51a (size before relaxing)
 .debug_str     0x00077592      0x164 _build/nrf52832_xxaa/nrf_balloc.c.o
                              0x7046b (size before relaxing)
 .debug_str     0x000776f6      0x144 _build/nrf52832_xxaa/nrf_fprintf.c.o
                              0x6c173 (size before relaxing)
 .debug_str     0x0007783a      0x511 _build/nrf52832_xxaa/nrf_fprintf_format.c.o
                              0x6c65c (size before relaxing)
 .debug_str     0x00077d4b      0x1bc _build/nrf52832_xxaa/nrf_memobj.c.o
                              0x6e82f (size before relaxing)
 .debug_str     0x00077f07       0xdc _build/nrf52832_xxaa/nrf_ringbuf.c.o
                              0x6cf21 (size before relaxing)
 .debug_str     0x00077fe3       0x3e _build/nrf52832_xxaa/retarget.c.o
                              0x6ce61 (size before relaxing)
 .debug_str     0x00078021      0x481 _build/nrf52832_xxaa/nrf_drv_uart.c.o
                              0x705d8 (size before relaxing)
 .debug_str     0x000784a2      0x642 _build/nrf52832_xxaa/nrfx_prs.c.o
                              0x72845 (size before relaxing)
 .debug_str     0x00078ae4      0x75d _build/nrf52832_xxaa/nrfx_uart.c.o
                              0x739fc (size before relaxing)
 .debug_str     0x00079241      0x942 _build/nrf52832_xxaa/nrfx_uarte.c.o
                              0x73e84 (size before relaxing)
 .debug_str     0x00079b83      0x469 _build/nrf52832_xxaa/main.c.o
                              0x750e7 (size before relaxing)
 .debug_str     0x00079fec      0x4e8 _build/nrf52832_xxaa/system_nrf52.c.o
                              0x5e3ba (size before relaxing)
 .debug_str     0x0007a4d4      0x99f _build/nrf52832_xxaa/nrf_log_backend_rtt.c.o
                              0x73860 (size before relaxing)
 .debug_str     0x0007ae73       0x6d _build/nrf52832_xxaa/nrf_log_backend_serial.c.o
                              0x7065b (size before relaxing)
 .debug_str     0x0007aee0       0x69 _build/nrf52832_xxaa/nrf_log_default_backends.c.o
                              0x7040b (size before relaxing)
 .debug_str     0x0007af49      0x521 _build/nrf52832_xxaa/SEGGER_RTT.c.o
                              0x65afc (size before relaxing)

.debug_loc      0x00000000    0x14f57
 .debug_loc     0x00000000     0x5124 _build/nrf52832_xxaa/nrf_log_frontend.c.o
 .debug_loc     0x00005124      0x486 _build/nrf52832_xxaa/nrf_log_str_formatter.c.o
 .debug_loc     0x000055aa      0xd67 _build/nrf52832_xxaa/boards.c.o
 .debug_loc     0x00006311       0xc8 _build/nrf52832_xxaa/app_error.c.o
 .debug_loc     0x000063d9       0x6f _build/nrf52832_xxaa/app_error_weak.c.o
 .debug_loc     0x00006448      0x783 _build/nrf52832_xxaa/app_fifo.c.o
 .debug_loc     0x00006bcb      0x96e _build/nrf52832_xxaa/app_uart_fifo.c.o
 .debug_loc     0x00007539      0x11a _build/nrf52832_xxaa/app_util_platform.c.o
 .debug_loc     0x00007653      0x587 _build/nrf52832_xxaa/nrf_atomic.c.o
 .debug_loc     0x00007bda      0x285 _build/nrf52832_xxaa/nrf_balloc.c.o
 .debug_loc     0x00007e5f       0x54 _build/nrf52832_xxaa/nrf_fprintf.c.o
 .debug_loc     0x00007eb3     0x104a _build/nrf52832_xxaa/nrf_fprintf_format.c.o
 .debug_loc     0x00008efd     0x100c _build/nrf52832_xxaa/nrf_memobj.c.o
 .debug_loc     0x00009f09      0x66a _build/nrf52832_xxaa/nrf_ringbuf.c.o
 .debug_loc     0x0000a573       0xf1 _build/nrf52832_xxaa/retarget.c.o
 .debug_loc     0x0000a664      0x1d6 _build/nrf52832_xxaa/nrf_drv_uart.c.o
 .debug_loc     0x0000a83a      0x10e _build/nrf52832_xxaa/nrfx_prs.c.o
 .debug_loc     0x0000a948     0x1f4f _build/nrf52832_xxaa/nrfx_uart.c.o
 .debug_loc     0x0000c897     0x1fbb _build/nrf52832_xxaa/nrfx_uarte.c.o
 .debug_loc     0x0000e852      0x18c _build/nrf52832_xxaa/main.c.o
 .debug_loc     0x0000e9de      0x4b2 _build/nrf52832_xxaa/system_nrf52.c.o
 .debug_loc     0x0000ee90      0x220 _build/nrf52832_xxaa/nrf_log_backend_rtt.c.o
 .debug_loc     0x0000f0b0      0x186 _build/nrf52832_xxaa/nrf_log_backend_serial.c.o
 .debug_loc     0x0000f236       0x17 _build/nrf52832_xxaa/nrf_log_default_backends.c.o
 .debug_loc     0x0000f24d     0x5d0a _build/nrf52832_xxaa/SEGGER_RTT.c.o

.debug_ranges   0x00000000     0x3a70
 .debug_ranges  0x00000000      0xad8 _build/nrf52832_xxaa/nrf_log_frontend.c.o
 .debug_ranges  0x00000ad8       0xa8 _build/nrf52832_xxaa/nrf_log_str_formatter.c.o
 .debug_ranges  0x00000b80      0x968 _build/nrf52832_xxaa/boards.c.o
 .debug_ranges  0x000014e8       0x18 _build/nrf52832_xxaa/app_error.c.o
 .debug_ranges  0x00001500       0x28 _build/nrf52832_xxaa/app_error_weak.c.o
 .debug_ranges  0x00001528      0x160 _build/nrf52832_xxaa/app_fifo.c.o
 .debug_ranges  0x00001688      0x158 _build/nrf52832_xxaa/app_uart_fifo.c.o
 .debug_ranges  0x000017e0       0x38 _build/nrf52832_xxaa/app_util_platform.c.o
 .debug_ranges  0x00001818      0x228 _build/nrf52832_xxaa/nrf_atomic.c.o
 .debug_ranges  0x00001a40       0x40 _build/nrf52832_xxaa/nrf_balloc.c.o
 .debug_ranges  0x00001a80       0x18 _build/nrf52832_xxaa/nrf_fprintf.c.o
 .debug_ranges  0x00001a98      0x338 _build/nrf52832_xxaa/nrf_fprintf_format.c.o
 .debug_ranges  0x00001dd0       0xb8 _build/nrf52832_xxaa/nrf_memobj.c.o
 .debug_ranges  0x00001e88       0x40 _build/nrf52832_xxaa/nrf_ringbuf.c.o
 .debug_ranges  0x00001ec8       0x18 _build/nrf52832_xxaa/retarget.c.o
 .debug_ranges  0x00001ee0       0x20 _build/nrf52832_xxaa/nrf_drv_uart.c.o
 .debug_ranges  0x00001f00       0x38 _build/nrf52832_xxaa/nrfx_prs.c.o
 .debug_ranges  0x00001f38      0x978 _build/nrf52832_xxaa/nrfx_uart.c.o
 .debug_ranges  0x000028b0      0x940 _build/nrf52832_xxaa/nrfx_uarte.c.o
 .debug_ranges  0x000031f0       0xc0 _build/nrf52832_xxaa/main.c.o
 .debug_ranges  0x000032b0       0xf8 _build/nrf52832_xxaa/system_nrf52.c.o
 .debug_ranges  0x000033a8       0x78 _build/nrf52832_xxaa/nrf_log_backend_rtt.c.o
 .debug_ranges  0x00003420       0x28 _build/nrf52832_xxaa/nrf_log_backend_serial.c.o
 .debug_ranges  0x00003448       0x10 _build/nrf52832_xxaa/nrf_log_default_backends.c.o
 .debug_ranges  0x00003458      0x618 _build/nrf52832_xxaa/SEGGER_RTT.c.o

.debug_macro    0x00000000    0x19531
 .debug_macro   0x00000000      0x3f9 _build/nrf52832_xxaa/nrf_log_frontend.c.o
 .debug_macro   0x000003f9      0xac6 _build/nrf52832_xxaa/nrf_log_frontend.c.o
 .debug_macro   0x00000ebf       0x22 _build/nrf52832_xxaa/nrf_log_frontend.c.o
 .debug_macro   0x00000ee1       0x56 _build/nrf52832_xxaa/nrf_log_frontend.c.o
 .debug_macro   0x00000f37       0x51 _build/nrf52832_xxaa/nrf_log_frontend.c.o
 .debug_macro   0x00000f88      0x103 _build/nrf52832_xxaa/nrf_log_frontend.c.o
 .debug_macro   0x0000108b       0x6a _build/nrf52832_xxaa/nrf_log_frontend.c.o
 .debug_macro   0x000010f5      0x1df _build/nrf52832_xxaa/nrf_log_frontend.c.o
 .debug_macro   0x000012d4       0x22 _build/nrf52832_xxaa/nrf_log_frontend.c.o
 .debug_macro   0x000012f6       0x64 _build/nrf52832_xxaa/nrf_log_frontend.c.o
 .debug_macro   0x0000135a       0x18 _build/nrf52832_xxaa/nrf_log_frontend.c.o
 .debug_macro   0x00001372       0x35 _build/nrf52832_xxaa/nrf_log_frontend.c.o
 .debug_macro   0x000013a7       0x34 _build/nrf52832_xxaa/nrf_log_frontend.c.o
 .debug_macro   0x000013db      0x16d _build/nrf52832_xxaa/nrf_log_frontend.c.o
 .debug_macro   0x00001548       0x16 _build/nrf52832_xxaa/nrf_log_frontend.c.o
 .debug_macro   0x0000155e       0x43 _build/nrf52832_xxaa/nrf_log_frontend.c.o
 .debug_macro   0x000015a1       0x34 _build/nrf52832_xxaa/nrf_log_frontend.c.o
 .debug_macro   0x000015d5       0x10 _build/nrf52832_xxaa/nrf_log_frontend.c.o
 .debug_macro   0x000015e5       0x58 _build/nrf52832_xxaa/nrf_log_frontend.c.o
 .debug_macro   0x0000163d      0x182 _build/nrf52832_xxaa/nrf_log_frontend.c.o
 .debug_macro   0x000017bf      0x35c _build/nrf52832_xxaa/nrf_log_frontend.c.o
 .debug_macro   0x00001b1b       0x10 _build/nrf52832_xxaa/nrf_log_frontend.c.o
 .debug_macro   0x00001b2b       0x35 _build/nrf52832_xxaa/nrf_log_frontend.c.o
 .debug_macro   0x00001b60      0x819 _build/nrf52832_xxaa/nrf_log_frontend.c.o
 .debug_macro   0x00002379      0x16d _build/nrf52832_xxaa/nrf_log_frontend.c.o
 .debug_macro   0x000024e6       0x5c _build/nrf52832_xxaa/nrf_log_frontend.c.o
 .debug_macro   0x00002542       0x22 _build/nrf52832_xxaa/nrf_log_frontend.c.o
 .debug_macro   0x00002564       0x8e _build/nrf52832_xxaa/nrf_log_frontend.c.o
 .debug_macro   0x000025f2       0xad _build/nrf52832_xxaa/nrf_log_frontend.c.o
 .debug_macro   0x0000269f       0x22 _build/nrf52832_xxaa/nrf_log_frontend.c.o
 .debug_macro   0x000026c1       0x3b _build/nrf52832_xxaa/nrf_log_frontend.c.o
 .debug_macro   0x000026fc       0x1c _build/nrf52832_xxaa/nrf_log_frontend.c.o
 .debug_macro   0x00002718       0x22 _build/nrf52832_xxaa/nrf_log_frontend.c.o
 .debug_macro   0x0000273a       0xe3 _build/nrf52832_xxaa/nrf_log_frontend.c.o
 .debug_macro   0x0000281d     0x1011 _build/nrf52832_xxaa/nrf_log_frontend.c.o
 .debug_macro   0x0000382e      0x11f _build/nrf52832_xxaa/nrf_log_frontend.c.o
 .debug_macro   0x0000394d      0x392 _build/nrf52832_xxaa/nrf_log_frontend.c.o
 .debug_macro   0x00003cdf     0xccbe _build/nrf52832_xxaa/nrf_log_frontend.c.o
 .debug_macro   0x0001099d     0x1325 _build/nrf52832_xxaa/nrf_log_frontend.c.o
 .debug_macro   0x00011cc2       0x82 _build/nrf52832_xxaa/nrf_log_frontend.c.o
 .debug_macro   0x00011d44      0x7bc _build/nrf52832_xxaa/nrf_log_frontend.c.o
 .debug_macro   0x00012500       0x16 _build/nrf52832_xxaa/nrf_log_frontend.c.o
 .debug_macro   0x00012516       0x55 _build/nrf52832_xxaa/nrf_log_frontend.c.o
 .debug_macro   0x0001256b       0x1c _build/nrf52832_xxaa/nrf_log_frontend.c.o
 .debug_macro   0x00012587       0x10 _build/nrf52832_xxaa/nrf_log_frontend.c.o
 .debug_macro   0x00012597       0xbe _build/nrf52832_xxaa/nrf_log_frontend.c.o
 .debug_macro   0x00012655       0x16 _build/nrf52832_xxaa/nrf_log_frontend.c.o
 .debug_macro   0x0001266b      0x129 _build/nrf52832_xxaa/nrf_log_frontend.c.o
 .debug_macro   0x00012794       0x49 _build/nrf52832_xxaa/nrf_log_frontend.c.o
 .debug_macro   0x000127dd       0x8c _build/nrf52832_xxaa/nrf_log_frontend.c.o
 .debug_macro   0x00012869       0x31 _build/nrf52832_xxaa/nrf_log_frontend.c.o
 .debug_macro   0x0001289a       0x16 _build/nrf52832_xxaa/nrf_log_frontend.c.o
 .debug_macro   0x000128b0       0x55 _build/nrf52832_xxaa/nrf_log_frontend.c.o
 .debug_macro   0x00012905      0x185 _build/nrf52832_xxaa/nrf_log_frontend.c.o
 .debug_macro   0x00012a8a       0x9a _build/nrf52832_xxaa/nrf_log_frontend.c.o
 .debug_macro   0x00012b24       0x2e _build/nrf52832_xxaa/nrf_log_frontend.c.o
 .debug_macro   0x00012b52       0x16 _build/nrf52832_xxaa/nrf_log_frontend.c.o
 .debug_macro   0x00012b68       0x22 _build/nrf52832_xxaa/nrf_log_frontend.c.o
 .debug_macro   0x00012b8a       0x98 _build/nrf52832_xxaa/nrf_log_frontend.c.o
 .debug_macro   0x00012c22       0x10 _build/nrf52832_xxaa/nrf_log_frontend.c.o
 .debug_macro   0x00012c32       0x1d _build/nrf52832_xxaa/nrf_log_frontend.c.o
 .debug_macro   0x00012c4f       0x1c _build/nrf52832_xxaa/nrf_log_frontend.c.o
 .debug_macro   0x00012c6b      0x3c3 _build/nrf52832_xxaa/nrf_log_str_formatter.c.o
 .debug_macro   0x0001302e       0xa2 _build/nrf52832_xxaa/nrf_log_str_formatter.c.o
 .debug_macro   0x000130d0      0x33e _build/nrf52832_xxaa/boards.c.o
 .debug_macro   0x0001340e      0x101 _build/nrf52832_xxaa/boards.c.o
 .debug_macro   0x0001350f       0x40 _build/nrf52832_xxaa/boards.c.o
 .debug_macro   0x0001354f      0x3dc _build/nrf52832_xxaa/boards.c.o
 .debug_macro   0x0001392b       0x59 _build/nrf52832_xxaa/boards.c.o
 .debug_macro   0x00013984      0x137 _build/nrf52832_xxaa/boards.c.o
 .debug_macro   0x00013abb      0x12b _build/nrf52832_xxaa/boards.c.o
 .debug_macro   0x00013be6       0x3f _build/nrf52832_xxaa/boards.c.o
 .debug_macro   0x00013c25       0x16 _build/nrf52832_xxaa/boards.c.o
 .debug_macro   0x00013c3b      0x356 _build/nrf52832_xxaa/boards.c.o
 .debug_macro   0x00013f91       0x19 _build/nrf52832_xxaa/boards.c.o
 .debug_macro   0x00013faa       0x1d _build/nrf52832_xxaa/boards.c.o
 .debug_macro   0x00013fc7       0x35 _build/nrf52832_xxaa/boards.c.o
 .debug_macro   0x00013ffc       0x7b _build/nrf52832_xxaa/boards.c.o
 .debug_macro   0x00014077       0x64 _build/nrf52832_xxaa/boards.c.o
 .debug_macro   0x000140db       0x20 _build/nrf52832_xxaa/boards.c.o
 .debug_macro   0x000140fb       0x1c _build/nrf52832_xxaa/boards.c.o
 .debug_macro   0x00014117      0x261 _build/nrf52832_xxaa/boards.c.o
 .debug_macro   0x00014378      0x16d _build/nrf52832_xxaa/boards.c.o
 .debug_macro   0x000144e5      0x21d _build/nrf52832_xxaa/app_error.c.o
 .debug_macro   0x00014702       0x97 _build/nrf52832_xxaa/app_error.c.o
 .debug_macro   0x00014799       0xf6 _build/nrf52832_xxaa/app_error.c.o
 .debug_macro   0x0001488f      0x371 _build/nrf52832_xxaa/app_error_weak.c.o
 .debug_macro   0x00014c00       0xfb _build/nrf52832_xxaa/app_error_weak.c.o
 .debug_macro   0x00014cfb       0x16 _build/nrf52832_xxaa/app_error_weak.c.o
 .debug_macro   0x00014d11       0x92 _build/nrf52832_xxaa/app_error_weak.c.o
 .debug_macro   0x00014da3      0x24c _build/nrf52832_xxaa/app_fifo.c.o
 .debug_macro   0x00014fef      0x3eb _build/nrf52832_xxaa/app_uart_fifo.c.o
 .debug_macro   0x000153da       0x18 _build/nrf52832_xxaa/app_uart_fifo.c.o
 .debug_macro   0x000153f2       0x10 _build/nrf52832_xxaa/app_uart_fifo.c.o
 .debug_macro   0x00015402       0x10 _build/nrf52832_xxaa/app_uart_fifo.c.o
 .debug_macro   0x00015412       0x10 _build/nrf52832_xxaa/app_uart_fifo.c.o
 .debug_macro   0x00015422       0x10 _build/nrf52832_xxaa/app_uart_fifo.c.o
 .debug_macro   0x00015432       0x10 _build/nrf52832_xxaa/app_uart_fifo.c.o
 .debug_macro   0x00015442       0x3f _build/nrf52832_xxaa/app_uart_fifo.c.o
 .debug_macro   0x00015481      0x239 _build/nrf52832_xxaa/app_util_platform.c.o
 .debug_macro   0x000156ba       0xe9 _build/nrf52832_xxaa/app_util_platform.c.o
 .debug_macro   0x000157a3      0x230 _build/nrf52832_xxaa/nrf_atomic.c.o
 .debug_macro   0x000159d3       0x42 _build/nrf52832_xxaa/nrf_atomic.c.o
 .debug_macro   0x00015a15      0x332 _build/nrf52832_xxaa/nrf_balloc.c.o
 .debug_macro   0x00015d47       0x10 _build/nrf52832_xxaa/nrf_balloc.c.o
 .debug_macro   0x00015d57      0x23c _build/nrf52832_xxaa/nrf_fprintf.c.o
 .debug_macro   0x00015f93       0x58 _build/nrf52832_xxaa/nrf_fprintf.c.o
 .debug_macro   0x00015feb      0x2ae _build/nrf52832_xxaa/nrf_fprintf_format.c.o
 .debug_macro   0x00016299      0x315 _build/nrf52832_xxaa/nrf_memobj.c.o
 .debug_macro   0x000165ae      0x10e _build/nrf52832_xxaa/nrf_memobj.c.o
 .debug_macro   0x000166bc       0x86 _build/nrf52832_xxaa/nrf_memobj.c.o
 .debug_macro   0x00016742       0x5b _build/nrf52832_xxaa/nrf_memobj.c.o
 .debug_macro   0x0001679d      0x2bc _build/nrf52832_xxaa/nrf_ringbuf.c.o
 .debug_macro   0x00016a59      0x2a1 _build/nrf52832_xxaa/retarget.c.o
 .debug_macro   0x00016cfa      0x367 _build/nrf52832_xxaa/nrf_drv_uart.c.o
 .debug_macro   0x00017061      0x3dc _build/nrf52832_xxaa/nrfx_prs.c.o
 .debug_macro   0x0001743d       0x28 _build/nrf52832_xxaa/nrfx_prs.c.o
 .debug_macro   0x00017465       0x1c _build/nrf52832_xxaa/nrfx_prs.c.o
 .debug_macro   0x00017481       0x37 _build/nrf52832_xxaa/nrfx_prs.c.o
 .debug_macro   0x000174b8      0x17f _build/nrf52832_xxaa/nrfx_prs.c.o
 .debug_macro   0x00017637       0x42 _build/nrf52832_xxaa/nrfx_prs.c.o
 .debug_macro   0x00017679      0x3f7 _build/nrf52832_xxaa/nrfx_uart.c.o
 .debug_macro   0x00017a70       0x22 _build/nrf52832_xxaa/nrfx_uart.c.o
 .debug_macro   0x00017a92      0x415 _build/nrf52832_xxaa/nrfx_uarte.c.o
 .debug_macro   0x00017ea7      0x4b7 _build/nrf52832_xxaa/main.c.o
 .debug_macro   0x0001835e      0x132 _build/nrf52832_xxaa/system_nrf52.c.o
 .debug_macro   0x00018490      0x472 _build/nrf52832_xxaa/nrf_log_backend_rtt.c.o
 .debug_macro   0x00018902       0x5a _build/nrf52832_xxaa/nrf_log_backend_rtt.c.o
 .debug_macro   0x0001895c       0xac _build/nrf52832_xxaa/nrf_log_backend_rtt.c.o
 .debug_macro   0x00018a08       0x47 _build/nrf52832_xxaa/nrf_log_backend_rtt.c.o
 .debug_macro   0x00018a4f      0x115 _build/nrf52832_xxaa/nrf_log_backend_rtt.c.o
 .debug_macro   0x00018b64      0x381 _build/nrf52832_xxaa/nrf_log_backend_serial.c.o
 .debug_macro   0x00018ee5      0x376 _build/nrf52832_xxaa/nrf_log_default_backends.c.o
 .debug_macro   0x0001925b       0x10 _build/nrf52832_xxaa/nrf_log_default_backends.c.o
 .debug_macro   0x0001926b      0x2c6 _build/nrf52832_xxaa/SEGGER_RTT.c.o

.debug_frame    0x00000000     0x1f6c
 .debug_frame   0x00000000      0x2dc _build/nrf52832_xxaa/nrf_log_frontend.c.o
 .debug_frame   0x000002dc       0xac _build/nrf52832_xxaa/nrf_log_str_formatter.c.o
 .debug_frame   0x00000388       0xf4 _build/nrf52832_xxaa/boards.c.o
 .debug_frame   0x0000047c       0x54 _build/nrf52832_xxaa/app_error.c.o
 .debug_frame   0x000004d0       0x28 _build/nrf52832_xxaa/app_error_weak.c.o
 .debug_frame   0x000004f8      0x110 _build/nrf52832_xxaa/app_fifo.c.o
 .debug_frame   0x00000608       0xec _build/nrf52832_xxaa/app_uart_fifo.c.o
 .debug_frame   0x000006f4       0x70 _build/nrf52832_xxaa/app_util_platform.c.o
 .debug_frame   0x00000764      0x228 _build/nrf52832_xxaa/nrf_atomic.c.o
 .debug_frame   0x0000098c       0x6c _build/nrf52832_xxaa/nrf_balloc.c.o
 .debug_frame   0x000009f8       0x5c _build/nrf52832_xxaa/nrf_fprintf.c.o